Component: ARM Compiler 6.14 Tool: armlink [5db06800]

==============================================================================

Section Cross References

    main.o(.text.greenandredLEDThread) refers to rtx_msgqueue.o(.text.osMessageQueueGet) for osMessageQueueGet
    main.o(.text.greenandredLEDThread) refers to rtx_kernel.o(.text.osKernelGetTickCount) for osKernelGetTickCount
    main.o(.text.greenandredLEDThread) refers to gpio.o(.text.greenLEDOnOff) for greenLEDOnOff
    main.o(.text.greenandredLEDThread) refers to gpio.o(.text.redLEDOnOff) for redLEDOnOff
    main.o(.text.greenandredLEDThread) refers to main.o(.data.delaytime) for delaytime
    main.o(.text.greenandredLEDThread) refers to main.o(.bss.controlMsgQ) for controlMsgQ
    main.o(.ARM.exidx.text.greenandredLEDThread) refers to main.o(.text.greenandredLEDThread) for [Anonymous Symbol]
    main.o(.text.commandThread) refers to rtx_msgqueue.o(.text.osMessageQueuePut) for osMessageQueuePut
    main.o(.text.commandThread) refers to serialport.o(.text.sendMsg) for sendMsg
    main.o(.text.commandThread) refers to serialport.o(.text.readLine) for readLine
    main.o(.text.commandThread) refers to memcmp.o(.text) for memcmp
    main.o(.text.commandThread) refers to main.o(.data.prompt) for prompt
    main.o(.text.commandThread) refers to main.o(.bss.controlMsgQ) for controlMsgQ
    main.o(.ARM.exidx.text.commandThread) refers to main.o(.text.commandThread) for [Anonymous Symbol]
    main.o(.text.main) refers to system_mkl25z4.o(.text.SystemCoreClockUpdate) for SystemCoreClockUpdate
    main.o(.text.main) refers to gpio.o(.text.configureGPIOoutput) for configureGPIOoutput
    main.o(.text.main) refers to serialport.o(.text.init_UART0) for init_UART0
    main.o(.text.main) refers to rtx_kernel.o(.text.osKernelInitialize) for osKernelInitialize
    main.o(.text.main) refers to rtx_evflags.o(.text.osEventFlagsNew) for osEventFlagsNew
    main.o(.text.main) refers to rtx_msgqueue.o(.text.osMessageQueueNew) for osMessageQueueNew
    main.o(.text.main) refers to serialport.o(.text.initSerialPort) for initSerialPort
    main.o(.text.main) refers to rtx_thread.o(.text.osThreadNew) for osThreadNew
    main.o(.text.main) refers to rtx_kernel.o(.text.osKernelStart) for osKernelStart
    main.o(.text.main) refers to main.o(.bss.errorFlags) for errorFlags
    main.o(.text.main) refers to main.o(.bss.controlMsgQ) for controlMsgQ
    main.o(.text.main) refers to main.o(.text.greenandredLEDThread) for greenandredLEDThread
    main.o(.text.main) refers to main.o(.bss.t_greenandredLED) for t_greenandredLED
    main.o(.text.main) refers to main.o(.text.commandThread) for commandThread
    main.o(.text.main) refers to main.o(.bss.t_command) for t_command
    main.o(.ARM.exidx.text.main) refers to main.o(.text.main) for [Anonymous Symbol]
    gpio.o(.ARM.exidx.text.configureGPIOoutput) refers to gpio.o(.text.configureGPIOoutput) for [Anonymous Symbol]
    gpio.o(.ARM.exidx.text.redLEDOnOff) refers to gpio.o(.text.redLEDOnOff) for [Anonymous Symbol]
    gpio.o(.ARM.exidx.text.greenLEDOnOff) refers to gpio.o(.text.greenLEDOnOff) for [Anonymous Symbol]
    gpio.o(.ARM.exidx.text.blueLEDOnOff) refers to gpio.o(.text.blueLEDOnOff) for [Anonymous Symbol]
    serialport.o(.text.initSendMsg) refers to serialport.o(.bss.msgQueue) for msgQueue
    serialport.o(.ARM.exidx.text.initSendMsg) refers to serialport.o(.text.initSendMsg) for [Anonymous Symbol]
    serialport.o(.text.sendMsg) refers to serialport.o(.bss.msgQueue) for msgQueue
    serialport.o(.ARM.exidx.text.sendMsg) refers to serialport.o(.text.sendMsg) for [Anonymous Symbol]
    serialport.o(.text.removeMsg) refers to serialport.o(.bss.msgQueue) for msgQueue
    serialport.o(.ARM.exidx.text.removeMsg) refers to serialport.o(.text.removeMsg) for [Anonymous Symbol]
    serialport.o(.text.getNextChar) refers to serialport.o(.bss.msgQueue) for msgQueue
    serialport.o(.ARM.exidx.text.getNextChar) refers to serialport.o(.text.getNextChar) for [Anonymous Symbol]
    serialport.o(.text.initReadReq) refers to rtx_evflags.o(.text.osEventFlagsNew) for osEventFlagsNew
    serialport.o(.text.initReadReq) refers to serialport.o(.bss.readReq) for readReq
    serialport.o(.text.initReadReq) refers to serialport.o(.bss.readFlags) for readFlags
    serialport.o(.ARM.exidx.text.initReadReq) refers to serialport.o(.text.initReadReq) for [Anonymous Symbol]
    serialport.o(.text.readLine) refers to rtx_evflags.o(.text.osEventFlagsWait) for osEventFlagsWait
    serialport.o(.text.readLine) refers to serialport.o(.bss.readReq) for readReq
    serialport.o(.text.readLine) refers to serialport.o(.bss.readFlags) for readFlags
    serialport.o(.ARM.exidx.text.readLine) refers to serialport.o(.text.readLine) for [Anonymous Symbol]
    serialport.o(.text.setNextChar) refers to serialport.o(.bss.readReq) for readReq
[...]
    rtx_lib.c                                0x00000000   Number         0  rtx_lib.o ABSOLUTE
    rtx_memory.c                             0x00000000   Number         0  rtx_memory.o ABSOLUTE
    rtx_mempool.c                            0x00000000   Number         0  rtx_mempool.o ABSOLUTE
    rtx_msgqueue.c                           0x00000000   Number         0  rtx_msgqueue.o ABSOLUTE
    rtx_mutex.c                              0x00000000   Number         0  rtx_mutex.o ABSOLUTE
    rtx_system.c                             0x00000000   Number         0  rtx_system.o ABSOLUTE
    rtx_thread.c                             0x00000000   Number         0  rtx_thread.o ABSOLUTE
    rtx_timer.c                              0x00000000   Number         0  rtx_timer.o ABSOLUTE
    serialPort.c                             0x00000000   Number         0  serialport.o ABSOLUTE
    system_MKL25Z4.c                         0x00000000   Number         0  system_mkl25z4.o ABSOLUTE
    RESET                                    0x00000000   Section      192  startup_mkl25z4.o(RESET)
    !!!main                                  0x000000c0   Section        8  __main.o(!!!main)
    !!!scatter                               0x000000c8   Section       60  __scatter.o(!!!scatter)
    !!handler_copy                           0x00000104   Section       26  __scatter_copy.o(!!handler_copy)
    !!handler_zi                             0x00000120   Section       28  __scatter_zi.o(!!handler_zi)
    .ARM.Collect$$libinit$$00000000          0x0000013c   Section        2  libinit.o(.ARM.Collect$$libinit$$00000000)
    .ARM.Collect$$libinit$$00000002          0x0000013e   Section        0  libinit2.o(.ARM.Collect$$libinit$$00000002)
    .ARM.Collect$$libinit$$00000004          0x0000013e   Section        0  libinit2.o(.ARM.Collect$$libinit$$00000004)
    .ARM.Collect$$libinit$$0000000A          0x0000013e   Section        0  libinit2.o(.ARM.Collect$$libinit$$0000000A)
    .ARM.Collect$$libinit$$0000000C          0x0000013e   Section        0  libinit2.o(.ARM.Collect$$libinit$$0000000C)
    .ARM.Collect$$libinit$$0000000E          0x0000013e   Section        0  libinit2.o(.ARM.Collect$$libinit$$0000000E)
    .ARM.Collect$$libinit$$00000011          0x0000013e   Section        0  libinit2.o(.ARM.Collect$$libinit$$00000011)
    .ARM.Collect$$libinit$$00000013          0x0000013e   Section        0  libinit2.o(.ARM.Collect$$libinit$$00000013)
    .ARM.Collect$$libinit$$00000015          0x0000013e   Section        0  libinit2.o(.ARM.Collect$$libinit$$00000015)
    .ARM.Collect$$libinit$$00000017          0x0000013e   Section        0  libinit2.o(.ARM.Collect$$libinit$$00000017)
    .ARM.Collect$$libinit$$00000019          0x0000013e   Section        0  libinit2.o(.ARM.Collect$$libinit$$00000019)
    .ARM.Collect$$libinit$$0000001B          0x0000013e   Section        0  libinit2.o(.ARM.Collect$$libinit$$0000001B)
    .ARM.Collect$$libinit$$0000001D          0x0000013e   Section        0  libinit2.o(.ARM.Collect$$libinit$$0000001D)
    .ARM.Collect$$libinit$$0000001F          0x0000013e   Section        0  libinit2.o(.ARM.Collect$$libinit$$0000001F)
    .ARM.Collect$$libinit$$00000021          0x0000013e   Section        0  libinit2.o(.ARM.Collect$$libinit$$00000021)
    .ARM.Collect$$libinit$$00000023          0x0000013e   Section        0  libinit2.o(.ARM.Collect$$libinit$$00000023)
    .ARM.Collect$$libinit$$00000025          0x0000013e   Section        0  libinit2.o(.ARM.Collect$$libinit$$00000025)
    .ARM.Collect$$libinit$$0000002C          0x0000013e   Section        0  libinit2.o(.ARM.Collect$$libinit$$0000002C)
    .ARM.Collect$$libinit$$0000002E          0x0000013e   Section        0  libinit2.o(.ARM.Collect$$libinit$$0000002E)
    .ARM.Collect$$libinit$$00000030          0x0000013e   Section        0  libinit2.o(.ARM.Collect$$libinit$$00000030)
    .ARM.Collect$$libinit$$00000032          0x0000013e   Section        0  libinit2.o(.ARM.Collect$$libinit$$00000032)
    .ARM.Collect$$libinit$$00000033          0x0000013e   Section        2  libinit2.o(.ARM.Collect$$libinit$$00000033)
    .ARM.Collect$$libshutdown$$00000000      0x00000140   Section        2  libshutdown.o(.ARM.Collect$$libshutdown$$00000000)
    .ARM.Collect$$libshutdown$$00000002      0x00000142   Section        0  libshutdown2.o(.ARM.Collect$$libshutdown$$00000002)
    .ARM.Collect$$libshutdown$$00000004      0x00000142   Section        0  libshutdown2.o(.ARM.Collect$$libshutdown$$00000004)
    .ARM.Collect$$libshutdown$$00000007      0x00000142   Section        0  libshutdown2.o(.ARM.Collect$$libshutdown$$00000007)
    .ARM.Collect$$libshutdown$$0000000A      0x00000142   Section        0  libshutdown2.o(.ARM.Collect$$libshutdown$$0000000A)
    .ARM.Collect$$libshutdown$$0000000C      0x00000142   Section        0  libshutdown2.o(.ARM.Collect$$libshutdown$$0000000C)
    .ARM.Collect$$libshutdown$$0000000F      0x00000142   Section        0  libshutdown2.o(.ARM.Collect$$libshutdown$$0000000F)
    .ARM.Collect$$libshutdown$$00000010      0x00000142   Section        2  libshutdown2.o(.ARM.Collect$$libshutdown$$00000010)
    .ARM.Collect$$rtentry$$00000000          0x00000144   Section        0  __rtentry.o(.ARM.Collect$$rtentry$$00000000)
    .ARM.Collect$$rtentry$$00000002          0x00000144   Section        0  __rtentry2.o(.ARM.Collect$$rtentry$$00000002)
    .ARM.Collect$$rtentry$$00000004          0x00000144   Section        6  __rtentry4.o(.ARM.Collect$$rtentry$$00000004)
    .ARM.Collect$$rtentry$$00000008          0x0000014a   Section        8  __rtentry2.o(.ARM.Collect$$rtentry$$00000008)
    .ARM.Collect$$rtentry$$0000000A          0x00000152   Section        4  __rtentry2.o(.ARM.Collect$$rtentry$$0000000A)
    .ARM.Collect$$rtentry$$0000000C          0x00000156   Section        0  __rtentry2.o(.ARM.Collect$$rtentry$$0000000C)
    .ARM.Collect$$rtentry$$0000000D          0x00000156   Section        8  __rtentry2.o(.ARM.Collect$$rtentry$$0000000D)
    .ARM.Collect$$rtexit$$00000000           0x0000015e   Section        2  rtexit.o(.ARM.Collect$$rtexit$$00000000)
    .ARM.Collect$$rtexit$$00000002           0x00000160   Section        0  rtexit2.o(.ARM.Collect$$rtexit$$00000002)
    .ARM.Collect$$rtexit$$00000003           0x00000160   Section        4  rtexit2.o(.ARM.Collect$$rtexit$$00000003)
    .ARM.Collect$$rtexit$$00000004           0x00000164   Section        6  rtexit2.o(.ARM.Collect$$rtexit$$00000004)
    .emb_text                                0x0000016c   Section       56  rt_memcpy.o(.emb_text)
    .text                                    0x000001a4   Section       64  startup_mkl25z4.o(.text)
    .text                                    0x000001e4   Section      164  irq_cm0.o(.text)
    .text                                    0x00000288   Section        0  memcmp.o(.text)
    .text                                    0x000002e2   Section        0  rt_memcpy.o(.text)
    .text                                    0x00000364   Section        0  rt_memclr.o(.text)
    .text                                    0x000003a4   Section        0  heapauxi.o(.text)
    .text                                    0x000003aa   Section       62  sys_stackheap_outer.o(.text)
    .text                                    0x000003e8   Section        0  exit.o(.text)
    .text                                    0x000003f8   Section        8  libspace.o(.text)
    .ARM.__at_0x400                          0x00000400   Section       16  startup_mkl25z4.o(.ARM.__at_0x400)
    .text                                    0x00000410   Section        0  sys_exit.o(.text)
    .text                                    0x0000041c   Section        2  use_no_semi.o(.text)
    EventFlagsCheck                          0x0000041f   Thumb Code    92  rtx_evflags.o(.text.EventFlagsCheck)
    [Anonymous Symbol]                       0x0000041e   Section        0  rtx_evflags.o(.text.EventFlagsCheck)
    .text                                    0x0000041e   Section        0  indicate_semi.o(.text)
    MessageQueueGet                          0x0000047b   Thumb Code    74  rtx_msgqueue.o(.text.MessageQueueGet)
    [Anonymous Symbol]                       0x0000047a   Section        0  rtx_msgqueue.o(.text.MessageQueueGet)
    MessageQueuePut                          0x000004c5   Thumb Code    98  rtx_msgqueue.o(.text.MessageQueuePut)
    [Anonymous Symbol]                       0x000004c4   Section        0  rtx_msgqueue.o(.text.MessageQueuePut)
    MessageQueueRemove                       0x00000527   Thumb Code    30  rtx_msgqueue.o(.text.MessageQueueRemove)
    [Anonymous Symbol]                       0x00000526   Section        0  rtx_msgqueue.o(.text.MessageQueueRemove)
    [Anonymous Symbol]                       0x00000544   Section        0  os_systick.o(.text.OS_Tick_AcknowledgeIRQ)
    [Anonymous Symbol]                       0x0000054c   Section        0  os_systick.o(.text.OS_Tick_Enable)
    __arm_cp.1_1                             0x0000056c   Number         4  os_systick.o(.text.OS_Tick_Enable)
    [Anonymous Symbol]                       0x00000570   Section        0  os_systick.o(.text.OS_Tick_GetIRQn)
    [Anonymous Symbol]                       0x00000578   Section        0  os_systick.o(.text.OS_Tick_Setup)
    __arm_cp.0_1                             0x000005b4   Number         4  os_systick.o(.text.OS_Tick_Setup)
    __arm_cp.0_2                             0x000005b8   Number         4  os_systick.o(.text.OS_Tick_Setup)
    __arm_cp.0_3                             0x000005bc   Number         4  os_systick.o(.text.OS_Tick_Setup)
    [Anonymous Symbol]                       0x000005c0   Section        0  system_mkl25z4.o(.text.SystemCoreClockUpdate)
    __arm_cp.1_0                             0x000006b0   Number         4  system_mkl25z4.o(.text.SystemCoreClockUpdate)
    __arm_cp.1_1                             0x000006b4   Number         4  system_mkl25z4.o(.text.SystemCoreClockUpdate)
    __arm_cp.1_2                             0x000006b8   Number         4  system_mkl25z4.o(.text.SystemCoreClockUpdate)
    __arm_cp.1_3                             0x000006bc   Number         4  system_mkl25z4.o(.text.SystemCoreClockUpdate)
    __arm_cp.1_4                             0x000006c0   Number         4  system_mkl25z4.o(.text.SystemCoreClockUpdate)
    __arm_cp.1_5                             0x000006c4   Number         4  system_mkl25z4.o(.text.SystemCoreClockUpdate)
    __arm_cp.1_6                             0x000006c8   Number         4  system_mkl25z4.o(.text.SystemCoreClockUpdate)
    [Anonymous Symbol]                       0x000006cc   Section        0  system_mkl25z4.o(.text.SystemInit)
    __arm_cp.0_0                             0x000006d4   Number         4  system_mkl25z4.o(.text.SystemInit)
    ThreadFlagsCheck                         0x000006d9   Thumb Code    92  rtx_thread.o(.text.ThreadFlagsCheck)
    [Anonymous Symbol]                       0x000006d8   Section        0  rtx_thread.o(.text.ThreadFlagsCheck)
    TimerInsert                              0x00000735   Thumb Code    76  rtx_timer.o(.text.TimerInsert)
    [Anonymous Symbol]                       0x00000734   Section        0  rtx_timer.o(.text.TimerInsert)
    __arm_cp.8_0                             0x0000077c   Number         4  rtx_timer.o(.text.TimerInsert)
    [Anonymous Symbol]                       0x00000780   Section        0  serialport.o(.text.UART0_IRQHandler)
    __arm_cp.12_0                            0x000007e8   Number         4  serialport.o(.text.UART0_IRQHandler)
    __NVIC_ClearPendingIRQ                   0x000007ed   Thumb Code    16  serialport.o(.text.__NVIC_ClearPendingIRQ)
    [Anonymous Symbol]                       0x000007ec   Section        0  serialport.o(.text.__NVIC_ClearPendingIRQ)
    __arm_cp.9_0                             0x000007f8   Number         4  serialport.o(.text.__NVIC_ClearPendingIRQ)
    __NVIC_EnableIRQ                         0x000007fd   Thumb Code    16  serialport.o(.text.__NVIC_EnableIRQ)
    [Anonymous Symbol]                       0x000007fc   Section        0  serialport.o(.text.__NVIC_EnableIRQ)
    __arm_cp.10_0                            0x00000808   Number         4  serialport.o(.text.__NVIC_EnableIRQ)
    __NVIC_SetPriority                       0x0000080d   Thumb Code    16  serialport.o(.text.__NVIC_SetPriority)
    [Anonymous Symbol]                       0x0000080c   Section        0  serialport.o(.text.__NVIC_SetPriority)
    __arm_cp.8_0                             0x00000818   Number         4  serialport.o(.text.__NVIC_SetPriority)
    __tagsym$$used.1                         0x0000081c   Number         0  rtx_lib.o(.text._mutex_acquire)
    [Anonymous Symbol]                       0x0000081c   Section        0  rtx_lib.o(.text._mutex_acquire)
    __tagsym$$used.3                         0x00000834   Number         0  rtx_lib.o(.text._mutex_free)
    [Anonymous Symbol]                       0x00000834   Section        0  rtx_lib.o(.text._mutex_free)
    __tagsym$$used.0                         0x0000083e   Number         0  rtx_lib.o(.text._mutex_initialize)
    [Anonymous Symbol]                       0x0000083e   Section        0  rtx_lib.o(.text._mutex_initialize)
    __tagsym$$used.2                         0x00000862   Number         0  rtx_lib.o(.text._mutex_release)
    [Anonymous Symbol]                       0x00000862   Section        0  rtx_lib.o(.text._mutex_release)
    [Anonymous Symbol]                       0x00000876   Section        0  rtx_lib.o(.text._platform_post_stackheap_init)
    [Anonymous Symbol]                       0x00000880   Section        0  main.o(.text.commandThread)
    __arm_cp.1_0                             0x000008dc   Number         4  main.o(.text.commandThread)
    [Anonymous Symbol]                       0x00000900   Section        0  gpio.o(.text.configureGPIOoutput)
    __arm_cp.0_0                             0x0000095c   Number         4  gpio.o(.text.configureGPIOoutput)
    __arm_cp.0_1                             0x00000960   Number         4  gpio.o(.text.configureGPIOoutput)
    __arm_cp.0_2                             0x00000964   Number         4  gpio.o(.text.configureGPIOoutput)
    __arm_cp.0_3                             0x00000968   Number         4  gpio.o(.text.configureGPIOoutput)
    __arm_cp.0_4                             0x0000096c   Number         4  gpio.o(.text.configureGPIOoutput)
    __arm_cp.0_5                             0x00000970   Number         4  gpio.o(.text.configureGPIOoutput)
    [Anonymous Symbol]                       0x00000974   Section        0  serialport.o(.text.getNextChar)
    [Anonymous Symbol]                       0x000009c4   Section        0  gpio.o(.text.greenLEDOnOff)
    __arm_cp.2_0                             0x000009d8   Number         4  gpio.o(.text.greenLEDOnOff)
    [Anonymous Symbol]                       0x000009dc   Section        0  main.o(.text.greenandredLEDThread)
    __arm_cp.0_0                             0x00000ab0   Number         4  main.o(.text.greenandredLEDThread)
    [Anonymous Symbol]                       0x00000ab4   Section        0  serialport.o(.text.initReadReq)
    __arm_cp.4_0                             0x00000ac8   Number         4  serialport.o(.text.initReadReq)
    __arm_cp.4_1                             0x00000acc   Number         4  serialport.o(.text.initReadReq)
    [Anonymous Symbol]                       0x00000ad0   Section        0  serialport.o(.text.initSendMsg)
    __arm_cp.0_0                             0x00000adc   Number         4  serialport.o(.text.initSendMsg)
    [Anonymous Symbol]                       0x00000ae0   Section        0  serialport.o(.text.initSerialPort)
    [Anonymous Symbol]                       0x00000aec   Section        0  serialport.o(.text.init_UART0)
    __arm_cp.7_0                             0x00000b6c   Number         4  serialport.o(.text.init_UART0)
    __arm_cp.7_1                             0x00000b70   Number         4  serialport.o(.text.init_UART0)
    __arm_cp.7_2                             0x00000b74   Number         4  serialport.o(.text.init_UART0)
    __arm_cp.7_3                             0x00000b78   Number         4  serialport.o(.text.init_UART0)
    [Anonymous Symbol]                       0x00000b7c   Section        0  main.o(.text.main)
    __arm_cp.2_0                             0x00000bd0   Number         4  main.o(.text.main)
    __arm_cp.2_1                             0x00000bd4   Number         4  main.o(.text.main)
    __arm_cp.2_2                             0x00000bd8   Number         4  main.o(.text.main)
    __arm_cp.2_3                             0x00000bdc   Number         4  main.o(.text.main)
    __arm_cp.2_4                             0x00000be0   Number         4  main.o(.text.main)
    __arm_cp.2_5                             0x00000be4   Number         4  main.o(.text.main)
    [Anonymous Symbol]                       0x00000be8   Section        0  rtx_evflags.o(.text.osEventFlagsNew)
    __arm_cp.0_0                             0x00000c08   Number         4  rtx_evflags.o(.text.osEventFlagsNew)
    [Anonymous Symbol]                       0x00000c0c   Section        0  rtx_evflags.o(.text.osEventFlagsSet)
    __arm_cp.2_0                             0x00000c58   Number         4  rtx_evflags.o(.text.osEventFlagsSet)
    [Anonymous Symbol]                       0x00000c5c   Section        0  rtx_evflags.o(.text.osEventFlagsWait)
    __arm_cp.7_0                             0x00000c9c   Number         4  rtx_evflags.o(.text.osEventFlagsWait)
    [Anonymous Symbol]                       0x00000ca0   Section        0  rtx_kernel.o(.text.osKernelGetState)
    __arm_cp.4_0                             0x00000cc8   Number         4  rtx_kernel.o(.text.osKernelGetState)
    [Anonymous Symbol]                       0x00000ccc   Section        0  rtx_kernel.o(.text.osKernelGetTickCount)
    __arm_cp.12_0                            0x00000cec   Number         4  rtx_kernel.o(.text.osKernelGetTickCount)
    __arm_cp.12_1                            0x00000cf0   Number         4  rtx_kernel.o(.text.osKernelGetTickCount)
    [Anonymous Symbol]                       0x00000cf4   Section        0  rtx_kernel.o(.text.osKernelInitialize)
    __arm_cp.1_0                             0x00000d18   Number         4  rtx_kernel.o(.text.osKernelInitialize)
    [Anonymous Symbol]                       0x00000d1c   Section        0  rtx_kernel.o(.text.osKernelStart)
    __arm_cp.6_0                             0x00000d3c   Number         4  rtx_kernel.o(.text.osKernelStart)
    [Anonymous Symbol]                       0x00000d40   Section        0  rtx_msgqueue.o(.text.osMessageQueueGet)
    __arm_cp.3_0                             0x00000db0   Number         4  rtx_msgqueue.o(.text.osMessageQueueGet)
    [Anonymous Symbol]                       0x00000db4   Section        0  rtx_msgqueue.o(.text.osMessageQueueNew)
    __arm_cp.0_0                             0x00000dd4   Number         4  rtx_msgqueue.o(.text.osMessageQueueNew)
    [Anonymous Symbol]                       0x00000dd8   Section        0  rtx_msgqueue.o(.text.osMessageQueuePut)
    __arm_cp.2_0                             0x00000e48   Number         4  rtx_msgqueue.o(.text.osMessageQueuePut)
    [Anonymous Symbol]                       0x00000e4c   Section        0  rtx_mutex.o(.text.osMutexAcquire)
    __arm_cp.4_0                             0x00000e70   Number         4  rtx_mutex.o(.text.osMutexAcquire)
    [Anonymous Symbol]                       0x00000e74   Section        0  rtx_mutex.o(.text.osMutexDelete)
    __arm_cp.7_0                             0x00000e98   Number         4  rtx_mutex.o(.text.osMutexDelete)
    [Anonymous Symbol]                       0x00000e9c   Section        0  rtx_mutex.o(.text.osMutexNew)
    __arm_cp.2_0                             0x00000ebc   Number         4  rtx_mutex.o(.text.osMutexNew)
    [Anonymous Symbol]                       0x00000ec0   Section        0  rtx_mutex.o(.text.osMutexRelease)
    __arm_cp.5_0                             0x00000ee4   Number         4  rtx_mutex.o(.text.osMutexRelease)
    [Anonymous Symbol]                       0x00000ee8   Section        0  rtx_config.o(.text.osRtxErrorNotify)
    osRtxEventFlagsPostProcess               0x00000eeb   Thumb Code    52  rtx_evflags.o(.text.osRtxEventFlagsPostProcess)
    [Anonymous Symbol]                       0x00000eea   Section        0  rtx_evflags.o(.text.osRtxEventFlagsPostProcess)
    [Anonymous Symbol]                       0x00000f1e   Section        0  rtx_config.o(.text.osRtxIdleThread)
    [Anonymous Symbol]                       0x00000f20   Section        0  rtx_kernel.o(.text.osRtxKernelPreInit)
    [Anonymous Symbol]                       0x00000f22   Section        0  rtx_memory.o(.text.osRtxMemoryAlloc)
    [Anonymous Symbol]                       0x00000f9c   Section        0  rtx_memory.o(.text.osRtxMemoryFree)
    [Anonymous Symbol]                       0x00000fea   Section        0  rtx_memory.o(.text.osRtxMemoryInit)
    [Anonymous Symbol]                       0x0000101a   Section        0  rtx_mempool.o(.text.osRtxMemoryPoolAlloc)
    [Anonymous Symbol]                       0x00001048   Section        0  rtx_mempool.o(.text.osRtxMemoryPoolFree)
    [Anonymous Symbol]                       0x00001082   Section        0  rtx_mempool.o(.text.osRtxMemoryPoolInit)
    osRtxMessageQueuePostProcess             0x000010bf   Thumb Code   188  rtx_msgqueue.o(.text.osRtxMessageQueuePostProcess)
    [Anonymous Symbol]                       0x000010be   Section        0  rtx_msgqueue.o(.text.osRtxMessageQueuePostProcess)
    [Anonymous Symbol]                       0x0000117a   Section        0  rtx_mutex.o(.text.osRtxMutexOwnerRelease)
    [Anonymous Symbol]                       0x000011be   Section        0  rtx_mutex.o(.text.osRtxMutexOwnerRestore)
    [Anonymous Symbol]                       0x00001200   Section        0  rtx_system.o(.text.osRtxPendSV_Handler)
    [Anonymous Symbol]                       0x00001280   Section        0  rtx_system.o(.text.osRtxPostProcess)
    __arm_cp.2_1                             0x000012e8   Number         4  rtx_system.o(.text.osRtxPostProcess)
    osRtxThreadBlock                         0x000012ed   Thumb Code    52  rtx_thread.o(.text.osRtxThreadBlock)
    [Anonymous Symbol]                       0x000012ec   Section        0  rtx_thread.o(.text.osRtxThreadBlock)
    osRtxThreadDelayInsert                   0x00001321   Thumb Code   120  rtx_thread.o(.text.osRtxThreadDelayInsert)
    [Anonymous Symbol]                       0x00001320   Section        0  rtx_thread.o(.text.osRtxThreadDelayInsert)
    osRtxThreadDelayRemove                   0x00001399   Thumb Code    64  rtx_thread.o(.text.osRtxThreadDelayRemove)
    [Anonymous Symbol]                       0x00001398   Section        0  rtx_thread.o(.text.osRtxThreadDelayRemove)
    [Anonymous Symbol]                       0x000013d8   Section        0  rtx_thread.o(.text.osRtxThreadDelayTick)
    [Anonymous Symbol]                       0x00001428   Section        0  rtx_thread.o(.text.osRtxThreadDispatch)
    osRtxThreadFree                          0x00001475   Thumb Code    80  rtx_thread.o(.text.osRtxThreadFree)
    [Anonymous Symbol]                       0x00001474   Section        0  rtx_thread.o(.text.osRtxThreadFree)
    [Anonymous Symbol]                       0x000014c4   Section        0  rtx_thread.o(.text.osRtxThreadListGet)
    [Anonymous Symbol]                       0x000014d8   Section        0  rtx_thread.o(.text.osRtxThreadListPut)
    [Anonymous Symbol]                       0x00001504   Section        0  rtx_thread.o(.text.osRtxThreadListRemove)
    osRtxThreadListRoot                      0x0000151d   Thumb Code    12  rtx_thread.o(.text.osRtxThreadListRoot)
    [Anonymous Symbol]                       0x0000151c   Section        0  rtx_thread.o(.text.osRtxThreadListRoot)
    [Anonymous Symbol]                       0x00001528   Section        0  rtx_thread.o(.text.osRtxThreadListSort)
    osRtxThreadPostProcess                   0x0000154d   Thumb Code    38  rtx_thread.o(.text.osRtxThreadPostProcess)
    [Anonymous Symbol]                       0x0000154c   Section        0  rtx_thread.o(.text.osRtxThreadPostProcess)
    [Anonymous Symbol]                       0x00001574   Section        0  rtx_thread.o(.text.osRtxThreadReadyPut)
    [Anonymous Symbol]                       0x00001588   Section        0  rtx_thread.o(.text.osRtxThreadRegPtr)
    [Anonymous Symbol]                       0x00001590   Section        0  rtx_thread.o(.text.osRtxThreadStackCheck)
    __arm_cp.9_0                             0x000015b4   Number         4  rtx_thread.o(.text.osRtxThreadStackCheck)
    __arm_cp.9_1                             0x000015b8   Number         4  rtx_thread.o(.text.osRtxThreadStackCheck)
    [Anonymous Symbol]                       0x000015bc   Section        0  rtx_thread.o(.text.osRtxThreadStartup)
    __arm_cp.16_1                            0x000015ec   Number         4  rtx_thread.o(.text.osRtxThreadStartup)
    __arm_cp.16_3                            0x000015f0   Number         4  rtx_thread.o(.text.osRtxThreadStartup)
    [Anonymous Symbol]                       0x000015f4   Section        0  rtx_thread.o(.text.osRtxThreadSwitch)
    [Anonymous Symbol]                       0x00001604   Section        0  rtx_thread.o(.text.osRtxThreadWaitEnter)
    __arm_cp.14_0                            0x0000163c   Number         4  rtx_thread.o(.text.osRtxThreadWaitEnter)
    [Anonymous Symbol]                       0x00001640   Section        0  rtx_thread.o(.text.osRtxThreadWaitExit)
    [Anonymous Symbol]                       0x00001664   Section        0  rtx_system.o(.text.osRtxTick_Handler)
    __arm_cp.0_0                             0x000016d4   Number         4  rtx_system.o(.text.osRtxTick_Handler)
    [Anonymous Symbol]                       0x000016d8   Section        0  rtx_timer.o(.text.osRtxTimerThread)
    __arm_cp.0_0                             0x00001708   Number         4  rtx_timer.o(.text.osRtxTimerThread)
    __arm_cp.0_1                             0x0000170c   Number         4  rtx_timer.o(.text.osRtxTimerThread)
    __arm_cp.0_2                             0x00001710   Number         4  rtx_timer.o(.text.osRtxTimerThread)
    osRtxTimerTick                           0x00001715   Thumb Code    96  rtx_timer.o(.text.osRtxTimerTick)
    [Anonymous Symbol]                       0x00001714   Section        0  rtx_timer.o(.text.osRtxTimerTick)
    __arm_cp.1_0                             0x00001770   Number         4  rtx_timer.o(.text.osRtxTimerTick)
    [Anonymous Symbol]                       0x00001774   Section        0  rtx_thread.o(.text.osThreadExit)
    __arm_cp.32_0                            0x0000177c   Number         4  rtx_thread.o(.text.osThreadExit)
    [Anonymous Symbol]                       0x00001780   Section        0  rtx_thread.o(.text.osThreadNew)
    __arm_cp.18_0                            0x000017a0   Number         4  rtx_thread.o(.text.osThreadNew)
    os_kernel_is_active                      0x000017a5   Thumb Code    32  rtx_lib.o(.text.os_kernel_is_active)
    [Anonymous Symbol]                       0x000017a4   Section        0  rtx_lib.o(.text.os_kernel_is_active)
    __arm_cp.2_0                             0x000017c0   Number         4  rtx_lib.o(.text.os_kernel_is_active)
    [Anonymous Symbol]                       0x000017c4   Section        0  serialport.o(.text.readLine)
    __arm_cp.5_1                             0x00001800   Number         4  serialport.o(.text.readLine)
    [Anonymous Symbol]                       0x00001804   Section        0  gpio.o(.text.redLEDOnOff)
    __arm_cp.1_0                             0x00001818   Number         4  gpio.o(.text.redLEDOnOff)
    [Anonymous Symbol]                       0x0000181c   Section        0  serialport.o(.text.removeMsg)
    [Anonymous Symbol]                       0x00001838   Section        0  serialport.o(.text.sendMsg)
    __arm_cp.1_0                             0x00001884   Number         4  serialport.o(.text.sendMsg)
    __arm_cp.1_1                             0x00001888   Number         4  serialport.o(.text.sendMsg)
    [Anonymous Symbol]                       0x0000188c   Section        0  serialport.o(.text.setNextChar)
    __arm_cp.6_0                             0x000018c4   Number         4  serialport.o(.text.setNextChar)
    svcRtxEventFlagsNew                      0x000018c9   Thumb Code   116  rtx_evflags.o(.text.svcRtxEventFlagsNew)
    [Anonymous Symbol]                       0x000018c8   Section        0  rtx_evflags.o(.text.svcRtxEventFlagsNew)
    __arm_cp.9_0                             0x00001934   Number         4  rtx_evflags.o(.text.svcRtxEventFlagsNew)
    __arm_cp.9_1                             0x00001938   Number         4  rtx_evflags.o(.text.svcRtxEventFlagsNew)
    svcRtxEventFlagsSet                      0x0000193d   Thumb Code   122  rtx_evflags.o(.text.svcRtxEventFlagsSet)
    [Anonymous Symbol]                       0x0000193c   Section        0  rtx_evflags.o(.text.svcRtxEventFlagsSet)
    svcRtxEventFlagsWait                     0x000019b9   Thumb Code    92  rtx_evflags.o(.text.svcRtxEventFlagsWait)
    [Anonymous Symbol]                       0x000019b8   Section        0  rtx_evflags.o(.text.svcRtxEventFlagsWait)
    svcRtxKernelGetState                     0x00001a15   Thumb Code     8  rtx_kernel.o(.text.svcRtxKernelGetState)
    [Anonymous Symbol]                       0x00001a14   Section        0  rtx_kernel.o(.text.svcRtxKernelGetState)
    svcRtxKernelGetTickCount                 0x00001a1d   Thumb Code    12  rtx_kernel.o(.text.svcRtxKernelGetTickCount)
    [Anonymous Symbol]                       0x00001a1c   Section        0  rtx_kernel.o(.text.svcRtxKernelGetTickCount)
    __arm_cp.13_0                            0x00001a24   Number         4  rtx_kernel.o(.text.svcRtxKernelGetTickCount)
    svcRtxKernelInitialize                   0x00001a29   Thumb Code   324  rtx_kernel.o(.text.svcRtxKernelInitialize)
    [Anonymous Symbol]                       0x00001a28   Section        0  rtx_kernel.o(.text.svcRtxKernelInitialize)
    __arm_cp.20_2                            0x00001b68   Number         4  rtx_kernel.o(.text.svcRtxKernelInitialize)
    svcRtxKernelStart                        0x00001b6d   Thumb Code   124  rtx_kernel.o(.text.svcRtxKernelStart)
    [Anonymous Symbol]                       0x00001b6c   Section        0  rtx_kernel.o(.text.svcRtxKernelStart)
    __arm_cp.21_1                            0x00001bdc   Number         4  rtx_kernel.o(.text.svcRtxKernelStart)
    __arm_cp.21_2                            0x00001be0   Number         4  rtx_kernel.o(.text.svcRtxKernelStart)
    __arm_cp.21_3                            0x00001be4   Number         4  rtx_kernel.o(.text.svcRtxKernelStart)
    svcRtxMessageQueueGet                    0x00001be9   Thumb Code   228  rtx_msgqueue.o(.text.svcRtxMessageQueueGet)
    [Anonymous Symbol]                       0x00001be8   Section        0  rtx_msgqueue.o(.text.svcRtxMessageQueueGet)
    __arm_cp.21_0                            0x00001cc8   Number         4  rtx_msgqueue.o(.text.svcRtxMessageQueueGet)
    svcRtxMessageQueueNew                    0x00001ccd   Thumb Code   480  rtx_msgqueue.o(.text.svcRtxMessageQueueNew)
    [Anonymous Symbol]                       0x00001ccc   Section        0  rtx_msgqueue.o(.text.svcRtxMessageQueueNew)
    __arm_cp.14_0                            0x00001e98   Number         4  rtx_msgqueue.o(.text.svcRtxMessageQueueNew)
    __arm_cp.14_1                            0x00001e9c   Number         4  rtx_msgqueue.o(.text.svcRtxMessageQueueNew)
    __arm_cp.14_2                            0x00001ea0   Number         4  rtx_msgqueue.o(.text.svcRtxMessageQueueNew)
    __arm_cp.14_3                            0x00001ea4   Number         4  rtx_msgqueue.o(.text.svcRtxMessageQueueNew)
    __arm_cp.14_5                            0x00001ea8   Number         4  rtx_msgqueue.o(.text.svcRtxMessageQueueNew)
    svcRtxMessageQueuePut                    0x00001ead   Thumb Code   184  rtx_msgqueue.o(.text.svcRtxMessageQueuePut)
    [Anonymous Symbol]                       0x00001eac   Section        0  rtx_msgqueue.o(.text.svcRtxMessageQueuePut)
    __arm_cp.19_0                            0x00001f60   Number         4  rtx_msgqueue.o(.text.svcRtxMessageQueuePut)
    svcRtxMutexAcquire                       0x00001f65   Thumb Code   152  rtx_mutex.o(.text.svcRtxMutexAcquire)
    [Anonymous Symbol]                       0x00001f64   Section        0  rtx_mutex.o(.text.svcRtxMutexAcquire)
    __arm_cp.10_0                            0x00001ff8   Number         4  rtx_mutex.o(.text.svcRtxMutexAcquire)
    svcRtxMutexDelete                        0x00001ffd   Thumb Code   180  rtx_mutex.o(.text.svcRtxMutexDelete)
    [Anonymous Symbol]                       0x00001ffc   Section        0  rtx_mutex.o(.text.svcRtxMutexDelete)
    svcRtxMutexNew                           0x000020b1   Thumb Code   112  rtx_mutex.o(.text.svcRtxMutexNew)
    [Anonymous Symbol]                       0x000020b0   Section        0  rtx_mutex.o(.text.svcRtxMutexNew)
    __arm_cp.8_0                             0x0000211c   Number         4  rtx_mutex.o(.text.svcRtxMutexNew)
    svcRtxMutexRelease                       0x00002121   Thumb Code   188  rtx_mutex.o(.text.svcRtxMutexRelease)
    [Anonymous Symbol]                       0x00002120   Section        0  rtx_mutex.o(.text.svcRtxMutexRelease)
    __arm_cp.11_0                            0x000021d8   Number         4  rtx_mutex.o(.text.svcRtxMutexRelease)
    svcRtxThreadExit                         0x000021dd   Thumb Code   108  rtx_thread.o(.text.svcRtxThreadExit)
    [Anonymous Symbol]                       0x000021dc   Section        0  rtx_thread.o(.text.svcRtxThreadExit)
    __arm_cp.55_0                            0x00002244   Number         4  rtx_thread.o(.text.svcRtxThreadExit)
    svcRtxThreadNew                          0x00002249   Thumb Code   516  rtx_thread.o(.text.svcRtxThreadNew)
    [Anonymous Symbol]                       0x00002248   Section        0  rtx_thread.o(.text.svcRtxThreadNew)
    __arm_cp.17_0                            0x00002434   Number         4  rtx_thread.o(.text.svcRtxThreadNew)
    __arm_cp.17_1                            0x00002438   Number         4  rtx_thread.o(.text.svcRtxThreadNew)
    __arm_cp.17_2                            0x0000243c   Number         4  rtx_thread.o(.text.svcRtxThreadNew)
    __arm_cp.17_3                            0x00002440   Number         4  rtx_thread.o(.text.svcRtxThreadNew)
    __arm_cp.17_4                            0x00002444   Number         4  rtx_thread.o(.text.svcRtxThreadNew)
    __arm_cp.17_5                            0x00002448   Number         4  rtx_thread.o(.text.svcRtxThreadNew)
    .text_divfast                            0x0000244c   Section      502  aeabi_sdivfast.o(.text_divfast)
    __tagsym$$used.4                         0x00002644   Number         0  rtx_lib.o(.rodata)
    __tagsym$$used.5                         0x000026ac   Number         0  rtx_lib.o(.rodata)
    os_idle_thread_attr                      0x000026e8   Data          36  rtx_lib.o(.rodata.os_idle_thread_attr)
    [Anonymous Symbol]                       0x000026e8   Section        0  rtx_lib.o(.rodata.os_idle_thread_attr)
    os_timer_mq_attr                         0x0000270c   Data          24  rtx_lib.o(.rodata.os_timer_mq_attr)
    [Anonymous Symbol]                       0x0000270c   Section        0  rtx_lib.o(.rodata.os_timer_mq_attr)
    os_timer_thread_attr                     0x00002724   Data          36  rtx_lib.o(.rodata.os_timer_thread_attr)
    [Anonymous Symbol]                       0x00002724   Section        0  rtx_lib.o(.rodata.os_timer_thread_attr)
    .L.str                                   0x00002748   Data          11  rtx_kernel.o(.rodata.str1.4)
    [Anonymous Symbol]                       0x00002748   Section        0  rtx_kernel.o(.rodata.str1.4)
    .bss                                     0x1ffff0e8   Section       96  libspace.o(.bss)
    PendST                                   0x1ffff148   Data           1  os_systick.o(.bss.PendST)
    [Anonymous Symbol]                       0x1ffff148   Section        0  os_systick.o(.bss.PendST)
    os_isr_queue                             0x1ffff180   Data          64  rtx_lib.o(.bss.os)
    [Anonymous Symbol]                       0x1ffff180   Section        0  rtx_lib.o(.bss.os)
    os_mem                                   0x1ffff1c0   Data        4096  rtx_lib.o(.bss.os)
    os_timer_mq_cb                           0x200001c0   Data          52  rtx_lib.o(.bss.os.msgqueue.cb)
    [Anonymous Symbol]                       0x200001c0   Section        0  rtx_lib.o(.bss.os.msgqueue.cb)
    os_timer_mq_data                         0x200001f4   Data          80  rtx_lib.o(.bss.os.msgqueue.mem)
    [Anonymous Symbol]                       0x200001f4   Section        0  rtx_lib.o(.bss.os.msgqueue.mem)
    os_idle_thread_cb                        0x20000244   Data          68  rtx_lib.o(.bss.os.thread.cb)
    [Anonymous Symbol]                       0x20000244   Section        0  rtx_lib.o(.bss.os.thread.cb)
    os_timer_thread_cb                       0x20000288   Data          68  rtx_lib.o(.bss.os.thread.cb)
    os_idle_thread_stack                     0x200002d0   Data         256  rtx_lib.o(.bss.os.thread.stack)
    [Anonymous Symbol]                       0x200002d0   Section        0  rtx_lib.o(.bss.os.thread.stack)
    os_timer_thread_stack                    0x200003d0   Data         256  rtx_lib.o(.bss.os.thread.stack)
    os_kernel_is_active.os_kernel_active     0x200004d0   Data           1  rtx_lib.o(.bss.os_kernel_is_active.os_kernel_active)
    [Anonymous Symbol]                       0x200004d0   Section        0  rtx_lib.o(.bss.os_kernel_is_active.os_kernel_active)
    Heap_Mem                                 0x200004f0   Data           0  startup_mkl25z4.o(HEAP)
    Stack_Mem                                0x200004f0   Data         256  startup_mkl25z4.o(STACK)
    HEAP                                     0x200004f0   Section        0  startup_mkl25z4.o(HEAP)
    STACK                                    0x200004f0   Section      256  startup_mkl25z4.o(STACK)
    __initial_sp                             0x200005f0   Data           0  startup_mkl25z4.o(STACK)

    Global Symbols

    Symbol Name                              Value     Ov Type        Size  Object(Section)

    BuildAttributes$$THM_ISAv3M$S$PE$A:L22$X:L11$S22$IEEE1$IW$~IW$USESV6$~STKCKD$USESV7$~SHL$OTIME$ROPI$EBA8$UX$STANDARDLIB$REQ8$PRES8$EABIv2 0x00000000   Number         0  anon$$obj.o ABSOLUTE
    __Vectors                                0x00000000   Data           4  startup_mkl25z4.o(RESET)
    .bss.os.evflags.cb$$Base                  - Undefined Weak Reference
    .bss.os.evflags.cb$$Limit                 - Undefined Weak Reference
    .bss.os.mempool.cb$$Base                  - Undefined Weak Reference
    .bss.os.mempool.cb$$Limit                 - Undefined Weak Reference
    .bss.os.mutex.cb$$Base                    - Undefined Weak Reference
    .bss.os.mutex.cb$$Limit                   - Undefined Weak Reference
    .bss.os.semaphore.cb$$Base                - Undefined Weak Reference
    .bss.os.semaphore.cb$$Limit               - Undefined Weak Reference
    .bss.os.timer.cb$$Base                    - Undefined Weak Reference
    .bss.os.timer.cb$$Limit                   - Undefined Weak Reference
    __ARM_exceptions_init                     - Undefined Weak Reference
    __alloca_initialize                       - Undefined Weak Reference
    __arm_preinit_                            - Undefined Weak Reference
    __cpp_initialize__aeabi_                  - Undefined Weak Reference
    __cxa_finalize                            - Undefined Weak Reference
    __rt_locale                               - Undefined Weak Reference
    __sigvec_lookup                           - Undefined Weak Reference
    _atexit_init                              - Undefined Weak Reference
    _call_atexit_fns                          - Undefined Weak Reference
    _clock_init                               - Undefined Weak Reference
    _fp_trap_init                             - Undefined Weak Reference
    _fp_trap_shutdown                         - Undefined Weak Reference
    _get_lc_collate                           - Undefined Weak Reference
    _get_lc_ctype                             - Undefined Weak Reference
    _get_lc_monetary                          - Undefined Weak Reference
    _get_lc_numeric                           - Undefined Weak Reference
    _get_lc_time                              - Undefined Weak Reference
    _getenv_init                              - Undefined Weak Reference
    _handle_redirection                       - Undefined Weak Reference
    _init_alloc                               - Undefined Weak Reference
    _init_user_alloc                          - Undefined Weak Reference
    _initio                                   - Undefined Weak Reference
    _rand_init                                - Undefined Weak Reference
    _signal_finish                            - Undefined Weak Reference
    _signal_init                              - Undefined Weak Reference
    _terminate_alloc                          - Undefined Weak Reference
    _terminate_user_alloc                     - Undefined Weak Reference
    _terminateio                              - Undefined Weak Reference
    __Vectors_End                            0x000000c0   Data           0  startup_mkl25z4.o(RESET)
    __Vectors_Size                           0x000000c0   Number         0  startup_mkl25z4.o ABSOLUTE
    __main                                   0x000000c1   Thumb Code     8  __main.o(!!!main)
    __scatterload                            0x000000c9   Thumb Code     0  __scatter.o(!!!scatter)
    __scatterload_rt2                        0x000000c9   Thumb Code    52  __scatter.o(!!!scatter)
    __scatterload_rt2_thumb_only             0x000000c9   Thumb Code     0  __scatter.o(!!!scatter)
    __scatterload_null                       0x000000d9   Thumb Code     0  __scatter.o(!!!scatter)
    __scatterload_copy                       0x00000105   Thumb Code    26  __scatter_copy.o(!!handler_copy)
    __scatterload_zeroinit                   0x00000121   Thumb Code    28  __scatter_zi.o(!!handler_zi)
    __rt_lib_init                            0x0000013d   Thumb Code     0  libinit.o(.ARM.Collect$$libinit$$00000000)
    __rt_lib_init_alloca_1                   0x0000013f   Thumb Code     0  libinit2.o(.ARM.Collect$$libinit$$0000002E)
    __rt_lib_init_argv_1                     0x0000013f   Thumb Code     0  libinit2.o(.ARM.Collect$$libinit$$0000002C)
    __rt_lib_init_atexit_1                   0x0000013f   Thumb Code     0  libinit2.o(.ARM.Collect$$libinit$$0000001B)
    __rt_lib_init_clock_1                    0x0000013f   Thumb Code     0  libinit2.o(.ARM.Collect$$libinit$$00000021)
    __rt_lib_init_cpp_1                      0x0000013f   Thumb Code     0  libinit2.o(.ARM.Collect$$libinit$$00000032)
    __rt_lib_init_exceptions_1               0x0000013f   Thumb Code     0  libinit2.o(.ARM.Collect$$libinit$$00000030)
    __rt_lib_init_fp_1                       0x0000013f   Thumb Code     0  libinit2.o(.ARM.Collect$$libinit$$00000002)
    __rt_lib_init_fp_trap_1                  0x0000013f   Thumb Code     0  libinit2.o(.ARM.Collect$$libinit$$0000001F)
    __rt_lib_init_getenv_1                   0x0000013f   Thumb Code     0  libinit2.o(.ARM.Collect$$libinit$$00000023)
    __rt_lib_init_heap_1                     0x0000013f   Thumb Code     0  libinit2.o(.ARM.Collect$$libinit$$0000000A)
    __rt_lib_init_lc_collate_1               0x0000013f   Thumb Code     0  libinit2.o(.ARM.Collect$$libinit$$00000011)
    __rt_lib_init_lc_ctype_1                 0x0000013f   Thumb Code     0  libinit2.o(.ARM.Collect$$libinit$$00000013)
    __rt_lib_init_lc_monetary_1              0x0000013f   Thumb Code     0  libinit2.o(.ARM.Collect$$libinit$$00000015)
    __rt_lib_init_lc_numeric_1               0x0000013f   Thumb Code     0  libinit2.o(.ARM.Collect$$libinit$$00000017)
    __rt_lib_init_lc_time_1                  0x0000013f   Thumb Code     0  libinit2.o(.ARM.Collect$$libinit$$00000019)
    __rt_lib_init_preinit_1                  0x0000013f   Thumb Code     0  libinit2.o(.ARM.Collect$$libinit$$00000004)
    __rt_lib_init_rand_1                     0x0000013f   Thumb Code     0  libinit2.o(.ARM.Collect$$libinit$$0000000E)
    __rt_lib_init_return                     0x0000013f   Thumb Code     0  libinit2.o(.ARM.Collect$$libinit$$00000033)
    __rt_lib_init_signal_1                   0x0000013f   Thumb Code     0  libinit2.o(.ARM.Collect$$libinit$$0000001D)
    __rt_lib_init_stdio_1                    0x0000013f   Thumb Code     0  libinit2.o(.ARM.Collect$$libinit$$00000025)
    __rt_lib_init_user_alloc_1               0x0000013f   Thumb Code     0  libinit2.o(.ARM.Collect$$libinit$$0000000C)
    __rt_lib_shutdown                        0x00000141   Thumb Code     0  libshutdown.o(.ARM.Collect$$libshutdown$$00000000)
    __rt_lib_shutdown_cpp_1                  0x00000143   Thumb Code     0  libshutdown2.o(.ARM.Collect$$libshutdown$$00000002)
    __rt_lib_shutdown_fp_trap_1              0x00000143   Thumb Code     0  libshutdown2.o(.ARM.Collect$$libshutdown$$00000007)
    __rt_lib_shutdown_heap_1                 0x00000143   Thumb Code     0  libshutdown2.o(.ARM.Collect$$libshutdown$$0000000F)
    __rt_lib_shutdown_return                 0x00000143   Thumb Code     0  libshutdown2.o(.ARM.Collect$$libshutdown$$00000010)
    __rt_lib_shutdown_signal_1               0x00000143   Thumb Code     0  libshutdown2.o(.ARM.Collect$$libshutdown$$0000000A)
    __rt_lib_shutdown_stdio_1                0x00000143   Thumb Code     0  libshutdown2.o(.ARM.Collect$$libshutdown$$00000004)
    __rt_lib_shutdown_user_alloc_1           0x00000143   Thumb Code     0  libshutdown2.o(.ARM.Collect$$libshutdown$$0000000C)
    __rt_entry                               0x00000145   Thumb Code     0  __rtentry.o(.ARM.Collect$$rtentry$$00000000)
    __rt_entry_presh_1                       0x00000145   Thumb Code     0  __rtentry2.o(.ARM.Collect$$rtentry$$00000002)
    __rt_entry_sh                            0x00000145   Thumb Code     0  __rtentry4.o(.ARM.Collect$$rtentry$$00000004)
    __rt_entry_postsh_1                      0x0000014b   Thumb Code     0  __rtentry2.o(.ARM.Collect$$rtentry$$00000008)
    __rt_entry_li                            0x00000153   Thumb Code     0  __rtentry2.o(.ARM.Collect$$rtentry$$0000000A)
    __rt_entry_main                          0x00000157   Thumb Code     0  __rtentry2.o(.ARM.Collect$$rtentry$$0000000D)
    __rt_entry_postli_1                      0x00000157   Thumb Code     0  __rtentry2.o(.ARM.Collect$$rtentry$$0000000C)
    __rt_exit                                0x0000015f   Thumb Code     0  rtexit.o(.ARM.Collect$$rtexit$$00000000)
    __rt_exit_ls                             0x00000161   Thumb Code     0  rtexit2.o(.ARM.Collect$$rtexit$$00000003)
    __rt_exit_prels_1                        0x00000161   Thumb Code     0  rtexit2.o(.ARM.Collect$$rtexit$$00000002)
    __rt_exit_exit                           0x00000165   Thumb Code     0  rtexit2.o(.ARM.Collect$$rtexit$$00000004)
    __aeabi_memcpy4                          0x0000016d   Thumb Code    56  rt_memcpy.o(.emb_text)
    __aeabi_memcpy8                          0x0000016d   Thumb Code     0  rt_memcpy.o(.emb_text)
    Reset_Handler                            0x000001a5   Thumb Code    12  startup_mkl25z4.o(.text)
    NMI_Handler                              0x000001b1   Thumb Code     2  startup_mkl25z4.o(.text)
    HardFault_Handler                        0x000001b3   Thumb Code     2  startup_mkl25z4.o(.text)
    ADC0_IRQHandler                          0x000001bb   Thumb Code     0  startup_mkl25z4.o(.text)
    CMP0_IRQHandler                          0x000001bb   Thumb Code     0  startup_mkl25z4.o(.text)
    DAC0_IRQHandler                          0x000001bb   Thumb Code     0  startup_mkl25z4.o(.text)
    DMA0_IRQHandler                          0x000001bb   Thumb Code     0  startup_mkl25z4.o(.text)
    DMA1_IRQHandler                          0x000001bb   Thumb Code     0  startup_mkl25z4.o(.text)
    DMA2_IRQHandler                          0x000001bb   Thumb Code     0  startup_mkl25z4.o(.text)
    DMA3_IRQHandler                          0x000001bb   Thumb Code     0  startup_mkl25z4.o(.text)
    DefaultISR                               0x000001bb   Thumb Code     0  startup_mkl25z4.o(.text)
    FTFA_IRQHandler                          0x000001bb   Thumb Code     0  startup_mkl25z4.o(.text)
    I2C0_IRQHandler                          0x000001bb   Thumb Code     0  startup_mkl25z4.o(.text)
    I2C1_IRQHandler                          0x000001bb   Thumb Code     0  startup_mkl25z4.o(.text)
    LLWU_IRQHandler                          0x000001bb   Thumb Code     0  startup_mkl25z4.o(.text)
    LPTMR0_IRQHandler                        0x000001bb   Thumb Code     0  startup_mkl25z4.o(.text)
    LVD_LVW_IRQHandler                       0x000001bb   Thumb Code     0  startup_mkl25z4.o(.text)
    MCG_IRQHandler                           0x000001bb   Thumb Code     0  startup_mkl25z4.o(.text)
    PIT_IRQHandler                           0x000001bb   Thumb Code     0  startup_mkl25z4.o(.text)
    PORTA_IRQHandler                         0x000001bb   Thumb Code     0  startup_mkl25z4.o(.text)
    PORTD_IRQHandler                         0x000001bb   Thumb Code     0  startup_mkl25z4.o(.text)
    RTC_IRQHandler                           0x000001bb   Thumb Code     0  startup_mkl25z4.o(.text)
    RTC_Seconds_IRQHandler                   0x000001bb   Thumb Code     0  startup_mkl25z4.o(.text)
    Reserved20_IRQHandler                    0x000001bb   Thumb Code     0  startup_mkl25z4.o(.text)
    Reserved39_IRQHandler                    0x000001bb   Thumb Code     0  startup_mkl25z4.o(.text)
    Reserved45_IRQHandler                    0x000001bb   Thumb Code     0  startup_mkl25z4.o(.text)
    SPI0_IRQHandler                          0x000001bb   Thumb Code     0  startup_mkl25z4.o(.text)
    SPI1_IRQHandler                          0x000001bb   Thumb Code     0  startup_mkl25z4.o(.text)
    TPM0_IRQHandler                          0x000001bb   Thumb Code     0  startup_mkl25z4.o(.text)
    TPM1_IRQHandler                          0x000001bb   Thumb Code     0  startup_mkl25z4.o(.text)
    TPM2_IRQHandler                          0x000001bb   Thumb Code     0  startup_mkl25z4.o(.text)
    TSI0_IRQHandler                          0x000001bb   Thumb Code     0  startup_mkl25z4.o(.text)
    UART1_IRQHandler                         0x000001bb   Thumb Code     0  startup_mkl25z4.o(.text)
    UART2_IRQHandler                         0x000001bb   Thumb Code     0  startup_mkl25z4.o(.text)
    USB0_IRQHandler                          0x000001bb   Thumb Code     0  startup_mkl25z4.o(.text)
    __user_initial_stackheap                 0x000001c1   Thumb Code     0  startup_mkl25z4.o(.text)
    SVC_Handler                              0x000001e5   Thumb Code   132  irq_cm0.o(.text)
    PendSV_Handler                           0x00000269   Thumb Code    12  irq_cm0.o(.text)
    SysTick_Handler                          0x00000275   Thumb Code    12  irq_cm0.o(.text)
    memcmp                                   0x00000289   Thumb Code    90  memcmp.o(.text)
    __aeabi_memcpy                           0x000002e3   Thumb Code   130  rt_memcpy.o(.text)
    __rt_memcpy                              0x000002e3   Thumb Code     0  rt_memcpy.o(.text)
    _memset_w                                0x00000365   Thumb Code    26  rt_memclr.o(.text)
    _memset                                  0x0000037f   Thumb Code    30  rt_memclr.o(.text)
    __aeabi_memclr                           0x0000039d   Thumb Code     4  rt_memclr.o(.text)
    __rt_memclr                              0x0000039d   Thumb Code     0  rt_memclr.o(.text)
    __aeabi_memclr4                          0x000003a1   Thumb Code     0  rt_memclr.o(.text)
    __aeabi_memclr8                          0x000003a1   Thumb Code     0  rt_memclr.o(.text)
    __rt_memclr_w                            0x000003a1   Thumb Code     4  rt_memclr.o(.text)
    __use_two_region_memory                  0x000003a5   Thumb Code     2  heapauxi.o(.text)
    __rt_heap_escrow$2region                 0x000003a7   Thumb Code     2  heapauxi.o(.text)
    __rt_heap_expand$2region                 0x000003a9   Thumb Code     2  heapauxi.o(.text)
    __user_setup_stackheap                   0x000003ab   Thumb Code    62  sys_stackheap_outer.o(.text)
    exit                                     0x000003e9   Thumb Code    16  exit.o(.text)
    __user_libspace                          0x000003f9   Thumb Code     8  libspace.o(.text)
    __user_perproc_libspace                  0x000003f9   Thumb Code     0  libspace.o(.text)
    _sys_exit                                0x00000411   Thumb Code     8  sys_exit.o(.text)
    __I$use$semihosting                      0x0000041d   Thumb Code     0  use_no_semi.o(.text)
    __use_no_semihosting_swi                 0x0000041d   Thumb Code     2  use_no_semi.o(.text)
    __semihosting_library_function           0x0000041f   Thumb Code     0  indicate_semi.o(.text)
    OS_Tick_AcknowledgeIRQ                   0x00000545   Thumb Code     8  os_systick.o(.text.OS_Tick_AcknowledgeIRQ)
    OS_Tick_Enable                           0x0000054d   Thumb Code    36  os_systick.o(.text.OS_Tick_Enable)
    OS_Tick_GetIRQn                          0x00000571   Thumb Code     6  os_systick.o(.text.OS_Tick_GetIRQn)
    OS_Tick_Setup                            0x00000579   Thumb Code    72  os_systick.o(.text.OS_Tick_Setup)
    SystemCoreClockUpdate                    0x000005c1   Thumb Code   268  system_mkl25z4.o(.text.SystemCoreClockUpdate)
    SystemInit                               0x000006cd   Thumb Code    12  system_mkl25z4.o(.text.SystemInit)
    UART0_IRQHandler                         0x00000781   Thumb Code   108  serialport.o(.text.UART0_IRQHandler)
    _mutex_acquire                           0x0000081d   Thumb Code    24  rtx_lib.o(.text._mutex_acquire)
    _mutex_free                              0x00000835   Thumb Code    10  rtx_lib.o(.text._mutex_free)
    _mutex_initialize                        0x0000083f   Thumb Code    36  rtx_lib.o(.text._mutex_initialize)
    _mutex_release                           0x00000863   Thumb Code    20  rtx_lib.o(.text._mutex_release)
    _platform_post_stackheap_init            0x00000877   Thumb Code     8  rtx_lib.o(.text._platform_post_stackheap_init)
    commandThread                            0x00000881   Thumb Code   128  main.o(.text.commandThread)
    configureGPIOoutput                      0x00000901   Thumb Code   116  gpio.o(.text.configureGPIOoutput)
    getNextChar                              0x00000975   Thumb Code    80  serialport.o(.text.getNextChar)
    greenLEDOnOff                            0x000009c5   Thumb Code    24  gpio.o(.text.greenLEDOnOff)
    greenandredLEDThread                     0x000009dd   Thumb Code   216  main.o(.text.greenandredLEDThread)
    initReadReq                              0x00000ab5   Thumb Code    28  serialport.o(.text.initReadReq)
    initSendMsg                              0x00000ad1   Thumb Code    16  serialport.o(.text.initSendMsg)
    initSerialPort                           0x00000ae1   Thumb Code    12  serialport.o(.text.initSerialPort)
    init_UART0                               0x00000aed   Thumb Code   144  serialport.o(.text.init_UART0)
    main                                     0x00000b7d   Thumb Code   108  main.o(.text.main)
    osEventFlagsNew                          0x00000be9   Thumb Code    36  rtx_evflags.o(.text.osEventFlagsNew)
    osEventFlagsSet                          0x00000c0d   Thumb Code    80  rtx_evflags.o(.text.osEventFlagsSet)
    osEventFlagsWait                         0x00000c5d   Thumb Code    68  rtx_evflags.o(.text.osEventFlagsWait)
    osKernelGetState                         0x00000ca1   Thumb Code    44  rtx_kernel.o(.text.osKernelGetState)
    osKernelGetTickCount                     0x00000ccd   Thumb Code    40  rtx_kernel.o(.text.osKernelGetTickCount)
    osKernelInitialize                       0x00000cf5   Thumb Code    40  rtx_kernel.o(.text.osKernelInitialize)
    osKernelStart                            0x00000d1d   Thumb Code    36  rtx_kernel.o(.text.osKernelStart)
    osMessageQueueGet                        0x00000d41   Thumb Code   116  rtx_msgqueue.o(.text.osMessageQueueGet)
    osMessageQueueNew                        0x00000db5   Thumb Code    36  rtx_msgqueue.o(.text.osMessageQueueNew)
    osMessageQueuePut                        0x00000dd9   Thumb Code   116  rtx_msgqueue.o(.text.osMessageQueuePut)
    osMutexAcquire                           0x00000e4d   Thumb Code    40  rtx_mutex.o(.text.osMutexAcquire)
    osMutexDelete                            0x00000e75   Thumb Code    40  rtx_mutex.o(.text.osMutexDelete)
    osMutexNew                               0x00000e9d   Thumb Code    36  rtx_mutex.o(.text.osMutexNew)
    osMutexRelease                           0x00000ec1   Thumb Code    40  rtx_mutex.o(.text.osMutexRelease)
    osRtxErrorNotify                         0x00000ee9   Thumb Code     2  rtx_config.o(.text.osRtxErrorNotify)
    osRtxIdleThread                          0x00000f1f   Thumb Code     2  rtx_config.o(.text.osRtxIdleThread)
    osRtxKernelPreInit                       0x00000f21   Thumb Code     2  rtx_kernel.o(.text.osRtxKernelPreInit)
    osRtxMemoryAlloc                         0x00000f23   Thumb Code   122  rtx_memory.o(.text.osRtxMemoryAlloc)
    osRtxMemoryFree                          0x00000f9d   Thumb Code    78  rtx_memory.o(.text.osRtxMemoryFree)
    osRtxMemoryInit                          0x00000feb   Thumb Code    48  rtx_memory.o(.text.osRtxMemoryInit)
    osRtxMemoryPoolAlloc                     0x0000101b   Thumb Code    46  rtx_mempool.o(.text.osRtxMemoryPoolAlloc)
    osRtxMemoryPoolFree                      0x00001049   Thumb Code    58  rtx_mempool.o(.text.osRtxMemoryPoolFree)
    osRtxMemoryPoolInit                      0x00001083   Thumb Code    60  rtx_mempool.o(.text.osRtxMemoryPoolInit)
    osRtxMutexOwnerRelease                   0x0000117b   Thumb Code    68  rtx_mutex.o(.text.osRtxMutexOwnerRelease)
    osRtxMutexOwnerRestore                   0x000011bf   Thumb Code    64  rtx_mutex.o(.text.osRtxMutexOwnerRestore)
    osRtxPendSV_Handler                      0x00001201   Thumb Code   128  rtx_system.o(.text.osRtxPendSV_Handler)
    osRtxPostProcess                         0x00001281   Thumb Code   108  rtx_system.o(.text.osRtxPostProcess)
    osRtxThreadDelayTick                     0x000013d9   Thumb Code    80  rtx_thread.o(.text.osRtxThreadDelayTick)
    osRtxThreadDispatch                      0x00001429   Thumb Code    76  rtx_thread.o(.text.osRtxThreadDispatch)
    osRtxThreadListGet                       0x000014c5   Thumb Code    20  rtx_thread.o(.text.osRtxThreadListGet)
    osRtxThreadListPut                       0x000014d9   Thumb Code    44  rtx_thread.o(.text.osRtxThreadListPut)
    osRtxThreadListRemove                    0x00001505   Thumb Code    24  rtx_thread.o(.text.osRtxThreadListRemove)
    osRtxThreadListSort                      0x00001529   Thumb Code    36  rtx_thread.o(.text.osRtxThreadListSort)
    osRtxThreadReadyPut                      0x00001575   Thumb Code    20  rtx_thread.o(.text.osRtxThreadReadyPut)
    osRtxThreadRegPtr                        0x00001589   Thumb Code     6  rtx_thread.o(.text.osRtxThreadRegPtr)
    osRtxThreadStackCheck                    0x00001591   Thumb Code    44  rtx_thread.o(.text.osRtxThreadStackCheck)
    osRtxThreadStartup                       0x000015bd   Thumb Code    56  rtx_thread.o(.text.osRtxThreadStartup)
    osRtxThreadSwitch                        0x000015f5   Thumb Code    16  rtx_thread.o(.text.osRtxThreadSwitch)
    osRtxThreadWaitEnter                     0x00001605   Thumb Code    60  rtx_thread.o(.text.osRtxThreadWaitEnter)
    osRtxThreadWaitExit                      0x00001641   Thumb Code    34  rtx_thread.o(.text.osRtxThreadWaitExit)
    osRtxTick_Handler                        0x00001665   Thumb Code   116  rtx_system.o(.text.osRtxTick_Handler)
    osRtxTimerThread                         0x000016d9   Thumb Code    60  rtx_timer.o(.text.osRtxTimerThread)
    osThreadExit                             0x00001775   Thumb Code    12  rtx_thread.o(.text.osThreadExit)
    osThreadNew                              0x00001781   Thumb Code    36  rtx_thread.o(.text.osThreadNew)
    readLine                                 0x000017c5   Thumb Code    64  serialport.o(.text.readLine)
    redLEDOnOff                              0x00001805   Thumb Code    24  gpio.o(.text.redLEDOnOff)
    removeMsg                                0x0000181d   Thumb Code    28  serialport.o(.text.removeMsg)
    sendMsg                                  0x00001839   Thumb Code    84  serialport.o(.text.sendMsg)
    setNextChar                              0x0000188d   Thumb Code    60  serialport.o(.text.setNextChar)
    __aeabi_uidiv                            0x0000244d   Thumb Code    68  aeabi_sdivfast.o(.text_divfast)
    __aeabi_idiv                             0x00002491   Thumb Code   434  aeabi_sdivfast.o(.text_divfast)
    osRtxConfig                              0x00002644   Data         104  rtx_lib.o(.rodata)
    os_cb_sections                           0x000026ac   Data          56  rtx_lib.o(.rodata)
    osRtxUserSVC                             0x000026e4   Data           4  rtx_lib.o(.rodata.osRtxUserSVC)
    Region$$Table$$Base                      0x00002754   Number         0  anon$$obj.o(Region$$Table)
    Region$$Table$$Limit                     0x00002774   Number         0  anon$$obj.o(Region$$Table)
    SystemCoreClock                          0x1ffff000   Data           4  system_mkl25z4.o(.data.SystemCoreClock)
    delaytime                                0x1ffff004   Data          32  main.o(.data.delaytime)
    osRtxInfo                                0x1ffff024   Data         164  rtx_kernel.o(.data.os)
    prompt                                   0x1ffff0c8   Data          27  main.o(.data.prompt)
    __libspace_start                         0x1ffff0e8   Data          96  libspace.o(.bss)
    __temporary_stack_top$libspace           0x1ffff148   Data           0  libspace.o(.bss)
    controlMsgQ                              0x1ffff14c   Data           4  main.o(.bss.controlMsgQ)
    errorFlags                               0x1ffff150   Data           4  main.o(.bss.errorFlags)
    msgQueue                                 0x1ffff154   Data          44  serialport.o(.bss.msgQueue)
    .bss.os.msgqueue.cb$$Base                0x200001c0   Number         0  rtx_lib.o(.bss.os.msgqueue.cb)
    .bss.os.msgqueue.cb$$Limit               0x200001f4   Number         0  rtx_lib.o(.bss.os.msgqueue.cb)
    .bss.os.thread.cb$$Base                  0x20000244   Number         0  rtx_lib.o(.bss.os.thread.cb)
    .bss.os.thread.cb$$Limit                 0x200002cc   Number         0  rtx_lib.o(.bss.os.thread.cb)
    readFlags                                0x200004d4   Data           4  serialport.o(.bss.readFlags)
    readReq                                  0x200004d8   Data          12  serialport.o(.bss.readReq)
    t_command                                0x200004e4   Data           4  main.o(.bss.t_command)
    t_greenandredLED                         0x200004e8   Data           4  main.o(.bss.t_greenandredLED)



==============================================================================

Memory Map of the image

  Image Entry point : 0x000001a5

  Load Region LR_1 (Base: 0x00000000, Size: 0x00002858, Max: 0xffffffff, ABSOLUTE)

    Execution Region ER_RO (Exec base: 0x00000000, Load base: 0x00000000, Size: 0x00002774, Max: 0xffffffff, ABSOLUTE)

    Exec Addr    Load Addr    Size         Type   Attr      Idx    E Section Name        Object

    0x00000000   0x00000000   0x000000c0   Data   RO          125    RESET               startup_mkl25z4.o
    0x000000c0   0x000000c0   0x00000008   Code   RO          660  * !!!main             c_p.l(__main.o)
    0x000000c8   0x000000c8   0x0000003c   Code   RO          833    !!!scatter          c_p.l(__scatter.o)
    0x00000104   0x00000104   0x0000001a   Code   RO          835    !!handler_copy      c_p.l(__scatter_copy.o)
    0x0000011e   0x0000011e   0x00000002   PAD
    0x00000120   0x00000120   0x0000001c   Code   RO          837    !!handler_zi        c_p.l(__scatter_zi.o)
    0x0000013c   0x0000013c   0x00000002   Code   RO          696    .ARM.Collect$$libinit$$00000000  c_p.l(libinit.o)
    0x0000013e   0x0000013e   0x00000000   Code   RO          710    .ARM.Collect$$libinit$$00000002  c_p.l(libinit2.o)
    0x0000013e   0x0000013e   0x00000000   Code   RO          712    .ARM.Collect$$libinit$$00000004  c_p.l(libinit2.o)
    0x0000013e   0x0000013e   0x00000000   Code   RO          715    .ARM.Collect$$libinit$$0000000A  c_p.l(libinit2.o)
    0x0000013e   0x0000013e   0x00000000   Code   RO          717    .ARM.Collect$$libinit$$0000000C  c_p.l(libinit2.o)
    0x0000013e   0x0000013e   0x00000000   Code   RO          719    .ARM.Collect$$libinit$$0000000E  c_p.l(libinit2.o)
    0x0000013e   0x0000013e   0x00000000   Code   RO          722    .ARM.Collect$$libinit$$00000011  c_p.l(libinit2.o)
    0x0000013e   0x0000013e   0x00000000   Code   RO          724    .ARM.Collect$$libinit$$00000013  c_p.l(libinit2.o)
    0x0000013e   0x0000013e   0x00000000   Code   RO          726    .ARM.Collect$$libinit$$00000015  c_p.l(libinit2.o)
    0x0000013e   0x0000013e   0x00000000   Code   RO          728    .ARM.Collect$$libinit$$00000017  c_p.l(libinit2.o)
    0x0000013e   0x0000013e   0x00000000   Code   RO          730    .ARM.Collect$$libinit$$00000019  c_p.l(libinit2.o)
    0x0000013e   0x0000013e   0x00000000   Code   RO          732    .ARM.Collect$$libinit$$0000001B  c_p.l(libinit2.o)
    0x0000013e   0x0000013e   0x00000000   Code   RO          734    .ARM.Collect$$libinit$$0000001D  c_p.l(libinit2.o)
    0x0000013e   0x0000013e   0x00000000   Code   RO          736    .ARM.Collect$$libinit$$0000001F  c_p.l(libinit2.o)
    0x0000013e   0x0000013e   0x00000000   Code   RO          738    .ARM.Collect$$libinit$$00000021  c_p.l(libinit2.o)
    0x0000013e   0x0000013e   0x00000000   Code   RO          740    .ARM.Collect$$libinit$$00000023  c_p.l(libinit2.o)
    0x0000013e   0x0000013e   0x00000000   Code   RO          742    .ARM.Collect$$libinit$$00000025  c_p.l(libinit2.o)
    0x0000013e   0x0000013e   0x00000000   Code   RO          746    .ARM.Collect$$libinit$$0000002C  c_p.l(libinit2.o)
    0x0000013e   0x0000013e   0x00000000   Code   RO          748    .ARM.Collect$$libinit$$0000002E  c_p.l(libinit2.o)
    0x0000013e   0x0000013e   0x00000000   Code   RO          750    .ARM.Collect$$libinit$$00000030  c_p.l(libinit2.o)
    0x0000013e   0x0000013e   0x00000000   Code   RO          752    .ARM.Collect$$libinit$$00000032  c_p.l(libinit2.o)
    0x0000013e   0x0000013e   0x00000002   Code   RO          753    .ARM.Collect$$libinit$$00000033  c_p.l(libinit2.o)
    0x00000140   0x00000140   0x00000002   Code   RO          788    .ARM.Collect$$libshutdown$$00000000  c_p.l(libshutdown.o)
    0x00000142   0x00000142   0x00000000   Code   RO          816    .ARM.Collect$$libshutdown$$00000002  c_p.l(libshutdown2.o)
    0x00000142   0x00000142   0x00000000   Code   RO          818    .ARM.Collect$$libshutdown$$00000004  c_p.l(libshutdown2.o)
    0x00000142   0x00000142   0x00000000   Code   RO          821    .ARM.Collect$$libshutdown$$00000007  c_p.l(libshutdown2.o)
    0x00000142   0x00000142   0x00000000   Code   RO          824    .ARM.Collect$$libshutdown$$0000000A  c_p.l(libshutdown2.o)
    0x00000142   0x00000142   0x00000000   Code   RO          826    .ARM.Collect$$libshutdown$$0000000C  c_p.l(libshutdown2.o)
    0x00000142   0x00000142   0x00000000   Code   RO          829    .ARM.Collect$$libshutdown$$0000000F  c_p.l(libshutdown2.o)
    0x00000142   0x00000142   0x00000002   Code   RO          830    .ARM.Collect$$libshutdown$$00000010  c_p.l(libshutdown2.o)
    0x00000144   0x00000144   0x00000000   Code   RO          662    .ARM.Collect$$rtentry$$00000000  c_p.l(__rtentry.o)
    0x00000144   0x00000144   0x00000000   Code   RO          668    .ARM.Collect$$rtentry$$00000002  c_p.l(__rtentry2.o)
    0x00000144   0x00000144   0x00000006   Code   RO          680    .ARM.Collect$$rtentry$$00000004  c_p.l(__rtentry4.o)
    0x0000014a   0x0000014a   0x00000008   Code   RO          669    .ARM.Collect$$rtentry$$00000008  c_p.l(__rtentry2.o)
    0x00000152   0x00000152   0x00000004   Code   RO          671    .ARM.Collect$$rtentry$$0000000A  c_p.l(__rtentry2.o)
    0x00000156   0x00000156   0x00000000   Code   RO          673    .ARM.Collect$$rtentry$$0000000C  c_p.l(__rtentry2.o)
    0x00000156   0x00000156   0x00000008   Code   RO          674    .ARM.Collect$$rtentry$$0000000D  c_p.l(__rtentry2.o)
    0x0000015e   0x0000015e   0x00000002   Code   RO          701    .ARM.Collect$$rtexit$$00000000  c_p.l(rtexit.o)
    0x00000160   0x00000160   0x00000000   Code   RO          759    .ARM.Collect$$rtexit$$00000002  c_p.l(rtexit2.o)
    0x00000160   0x00000160   0x00000004   Code   RO          760    .ARM.Collect$$rtexit$$00000003  c_p.l(rtexit2.o)
    0x00000164   0x00000164   0x00000006   Code   RO          761    .ARM.Collect$$rtexit$$00000004  c_p.l(rtexit2.o)
    0x0000016a   0x0000016a   0x00000002   PAD
    0x0000016c   0x0000016c   0x00000038   Code   RO          644    .emb_text           c_p.l(rt_memcpy.o)
    0x000001a4   0x000001a4   0x00000040   Code   RO          127  * .text               startup_mkl25z4.o
    0x000001e4   0x000001e4   0x000000a4   Code   RO          484    .text               RTX_CM0.lib(irq_cm0.o)
    0x00000288   0x00000288   0x0000005a   Code   RO          642    .text               c_p.l(memcmp.o)
    0x000002e2   0x000002e2   0x00000082   Code   RO          645    .text               c_p.l(rt_memcpy.o)
    0x00000364   0x00000364   0x00000040   Code   RO          648    .text               c_p.l(rt_memclr.o)
    0x000003a4   0x000003a4   0x00000006   Code   RO          658    .text               c_p.l(heapauxi.o)
    0x000003aa   0x000003aa   0x0000003e   Code   RO          684    .text               c_p.l(sys_stackheap_outer.o)
    0x000003e8   0x000003e8   0x00000010   Code   RO          687    .text               c_p.l(exit.o)
    0x000003f8   0x000003f8   0x00000008   Code   RO          697    .text               c_p.l(libspace.o)
    0x00000400   0x00000400   0x00000010   Code   RO          126    .ARM.__at_0x400     startup_mkl25z4.o
    0x00000410   0x00000410   0x0000000c   Code   RO          754    .text               c_p.l(sys_exit.o)
    0x0000041c   0x0000041c   0x00000002   Code   RO          777    .text               c_p.l(use_no_semi.o)
    0x0000041e   0x0000041e   0x00000000   Code   RO          779    .text               c_p.l(indicate_semi.o)
    0x0000041e   0x0000041e   0x0000005c   Code   RO          371    .text.EventFlagsCheck  RTX_CM0.lib(rtx_evflags.o)
    0x0000047a   0x0000047a   0x0000004a   Code   RO          467    .text.MessageQueueGet  RTX_CM0.lib(rtx_msgqueue.o)
    0x000004c4   0x000004c4   0x00000062   Code   RO          461    .text.MessageQueuePut  RTX_CM0.lib(rtx_msgqueue.o)
    0x00000526   0x00000526   0x0000001e   Code   RO          459    .text.MessageQueueRemove  RTX_CM0.lib(rtx_msgqueue.o)
    0x00000544   0x00000544   0x00000008   Code   RO          619    .text.OS_Tick_AcknowledgeIRQ  RTX_CM0.lib(os_systick.o)
    0x0000054c   0x0000054c   0x00000024   Code   RO          615    .text.OS_Tick_Enable  RTX_CM0.lib(os_systick.o)
    0x00000570   0x00000570   0x00000006   Code   RO          621    .text.OS_Tick_GetIRQn  RTX_CM0.lib(os_systick.o)
    0x00000576   0x00000576   0x00000002   PAD
    0x00000578   0x00000578   0x00000048   Code   RO          613    .text.OS_Tick_Setup  RTX_CM0.lib(os_systick.o)
    0x000005c0   0x000005c0   0x0000010c   Code   RO          138    .text.SystemCoreClockUpdate  system_mkl25z4.o
    0x000006cc   0x000006cc   0x0000000c   Code   RO          136    .text.SystemInit    system_mkl25z4.o
    0x000006d8   0x000006d8   0x0000005c   Code   RO          296    .text.ThreadFlagsCheck  RTX_CM0.lib(rtx_thread.o)
    0x00000734   0x00000734   0x0000004c   Code   RO          505    .text.TimerInsert   RTX_CM0.lib(rtx_timer.o)
    0x00000780   0x00000780   0x0000006c   Code   RO           64    .text.UART0_IRQHandler  serialport.o
    0x000007ec   0x000007ec   0x00000010   Code   RO           58    .text.__NVIC_ClearPendingIRQ  serialport.o
    0x000007fc   0x000007fc   0x00000010   Code   RO           60    .text.__NVIC_EnableIRQ  serialport.o
    0x0000080c   0x0000080c   0x00000010   Code   RO           56    .text.__NVIC_SetPriority  serialport.o
    0x0000081c   0x0000081c   0x00000018   Code   RO           85    .text._mutex_acquire  rtx_lib.o
    0x00000834   0x00000834   0x0000000a   Code   RO           89    .text._mutex_free   rtx_lib.o
    0x0000083e   0x0000083e   0x00000024   Code   RO           83    .text._mutex_initialize  rtx_lib.o
    0x00000862   0x00000862   0x00000014   Code   RO           87    .text._mutex_release  rtx_lib.o
    0x00000876   0x00000876   0x00000008   Code   RO           77    .text._platform_post_stackheap_init  rtx_lib.o
    0x0000087e   0x0000087e   0x00000002   PAD
    0x00000880   0x00000880   0x00000080   Code   RO            4    .text.commandThread  main.o
    0x00000900   0x00000900   0x00000074   Code   RO           24    .text.configureGPIOoutput  gpio.o
    0x00000974   0x00000974   0x00000050   Code   RO           46    .text.getNextChar   serialport.o
    0x000009c4   0x000009c4   0x00000018   Code   RO           28    .text.greenLEDOnOff  gpio.o
    0x000009dc   0x000009dc   0x000000d8   Code   RO            2    .text.greenandredLEDThread  main.o
    0x00000ab4   0x00000ab4   0x0000001c   Code   RO           48    .text.initReadReq   serialport.o
    0x00000ad0   0x00000ad0   0x00000010   Code   RO           40    .text.initSendMsg   serialport.o
    0x00000ae0   0x00000ae0   0x0000000c   Code   RO           62    .text.initSerialPort  serialport.o
    0x00000aec   0x00000aec   0x00000090   Code   RO           54    .text.init_UART0    serialport.o
    0x00000b7c   0x00000b7c   0x0000006c   Code   RO            6    .text.main          main.o
    0x00000be8   0x00000be8   0x00000024   Code   RO          349    .text.osEventFlagsNew  RTX_CM0.lib(rtx_evflags.o)
    0x00000c0c   0x00000c0c   0x00000050   Code   RO          353    .text.osEventFlagsSet  RTX_CM0.lib(rtx_evflags.o)
    0x00000c5c   0x00000c5c   0x00000044   Code   RO          363    .text.osEventFlagsWait  RTX_CM0.lib(rtx_evflags.o)
    0x00000ca0   0x00000ca0   0x0000002c   Code   RO          157    .text.osKernelGetState  RTX_CM0.lib(rtx_kernel.o)
    0x00000ccc   0x00000ccc   0x00000028   Code   RO          173    .text.osKernelGetTickCount  RTX_CM0.lib(rtx_kernel.o)
    0x00000cf4   0x00000cf4   0x00000028   Code   RO          151    .text.osKernelInitialize  RTX_CM0.lib(rtx_kernel.o)
    0x00000d1c   0x00000d1c   0x00000024   Code   RO          161    .text.osKernelStart  RTX_CM0.lib(rtx_kernel.o)
    0x00000d40   0x00000d40   0x00000074   Code   RO          433    .text.osMessageQueueGet  RTX_CM0.lib(rtx_msgqueue.o)
    0x00000db4   0x00000db4   0x00000024   Code   RO          427    .text.osMessageQueueNew  RTX_CM0.lib(rtx_msgqueue.o)
    0x00000dd8   0x00000dd8   0x00000074   Code   RO          431    .text.osMessageQueuePut  RTX_CM0.lib(rtx_msgqueue.o)
    0x00000e4c   0x00000e4c   0x00000028   Code   RO          398    .text.osMutexAcquire  RTX_CM0.lib(rtx_mutex.o)
    0x00000e74   0x00000e74   0x00000028   Code   RO          404    .text.osMutexDelete  RTX_CM0.lib(rtx_mutex.o)
    0x00000e9c   0x00000e9c   0x00000024   Code   RO          394    .text.osMutexNew    RTX_CM0.lib(rtx_mutex.o)
    0x00000ec0   0x00000ec0   0x00000028   Code   RO          400    .text.osMutexRelease  RTX_CM0.lib(rtx_mutex.o)
    0x00000ee8   0x00000ee8   0x00000002   Code   RO          114    .text.osRtxErrorNotify  rtx_config.o
    0x00000eea   0x00000eea   0x00000034   Code   RO          369    .text.osRtxEventFlagsPostProcess  RTX_CM0.lib(rtx_evflags.o)
    0x00000f1e   0x00000f1e   0x00000002   Code   RO          112    .text.osRtxIdleThread  rtx_config.o
    0x00000f20   0x00000f20   0x00000002   Code   RO          149    .text.osRtxKernelPreInit  RTX_CM0.lib(rtx_kernel.o)
    0x00000f22   0x00000f22   0x0000007a   Code   RO          532    .text.osRtxMemoryAlloc  RTX_CM0.lib(rtx_memory.o)
    0x00000f9c   0x00000f9c   0x0000004e   Code   RO          534    .text.osRtxMemoryFree  RTX_CM0.lib(rtx_memory.o)
    0x00000fea   0x00000fea   0x00000030   Code   RO          530    .text.osRtxMemoryInit  RTX_CM0.lib(rtx_memory.o)
    0x0000101a   0x0000101a   0x0000002e   Code   RO          547    .text.osRtxMemoryPoolAlloc  RTX_CM0.lib(rtx_mempool.o)
    0x00001048   0x00001048   0x0000003a   Code   RO          549    .text.osRtxMemoryPoolFree  RTX_CM0.lib(rtx_mempool.o)
    0x00001082   0x00001082   0x0000003c   Code   RO          545    .text.osRtxMemoryPoolInit  RTX_CM0.lib(rtx_mempool.o)
    0x000010be   0x000010be   0x000000bc   Code   RO          457    .text.osRtxMessageQueuePostProcess  RTX_CM0.lib(rtx_msgqueue.o)
    0x0000117a   0x0000117a   0x00000044   Code   RO          390    .text.osRtxMutexOwnerRelease  RTX_CM0.lib(rtx_mutex.o)
    0x000011be   0x000011be   0x00000040   Code   RO          392    .text.osRtxMutexOwnerRestore  RTX_CM0.lib(rtx_mutex.o)
    0x000011fe   0x000011fe   0x00000002   PAD
    0x00001200   0x00001200   0x00000080   Code   RO          600    .text.osRtxPendSV_Handler  RTX_CM0.lib(rtx_system.o)
    0x00001280   0x00001280   0x0000006c   Code   RO          602    .text.osRtxPostProcess  RTX_CM0.lib(rtx_system.o)
    0x000012ec   0x000012ec   0x00000034   Code   RO          236    .text.osRtxThreadBlock  RTX_CM0.lib(rtx_thread.o)
    0x00001320   0x00001320   0x00000078   Code   RO          244    .text.osRtxThreadDelayInsert  RTX_CM0.lib(rtx_thread.o)
    0x00001398   0x00001398   0x00000040   Code   RO          240    .text.osRtxThreadDelayRemove  RTX_CM0.lib(rtx_thread.o)
    0x000013d8   0x000013d8   0x00000050   Code   RO          224    .text.osRtxThreadDelayTick  RTX_CM0.lib(rtx_thread.o)
    0x00001428   0x00001428   0x0000004c   Code   RO          234    .text.osRtxThreadDispatch  RTX_CM0.lib(rtx_thread.o)
    0x00001474   0x00001474   0x00000050   Code   RO          320    .text.osRtxThreadFree  RTX_CM0.lib(rtx_thread.o)
    0x000014c4   0x000014c4   0x00000014   Code   RO          216    .text.osRtxThreadListGet  RTX_CM0.lib(rtx_thread.o)
    0x000014d8   0x000014d8   0x0000002c   Code   RO          214    .text.osRtxThreadListPut  RTX_CM0.lib(rtx_thread.o)
    0x00001504   0x00001504   0x00000018   Code   RO          220    .text.osRtxThreadListRemove  RTX_CM0.lib(rtx_thread.o)
    0x0000151c   0x0000151c   0x0000000c   Code   RO          226    .text.osRtxThreadListRoot  RTX_CM0.lib(rtx_thread.o)
    0x00001528   0x00001528   0x00000024   Code   RO          218    .text.osRtxThreadListSort  RTX_CM0.lib(rtx_thread.o)
    0x0000154c   0x0000154c   0x00000026   Code   RO          294    .text.osRtxThreadPostProcess  RTX_CM0.lib(rtx_thread.o)
    0x00001572   0x00001572   0x00000002   PAD
    0x00001574   0x00001574   0x00000014   Code   RO          222    .text.osRtxThreadReadyPut  RTX_CM0.lib(rtx_thread.o)
    0x00001588   0x00001588   0x00000006   Code   RO          228    .text.osRtxThreadRegPtr  RTX_CM0.lib(rtx_thread.o)
    0x0000158e   0x0000158e   0x00000002   PAD
    0x00001590   0x00001590   0x0000002c   Code   RO          232    .text.osRtxThreadStackCheck  RTX_CM0.lib(rtx_thread.o)
    0x000015bc   0x000015bc   0x00000038   Code   RO          246    .text.osRtxThreadStartup  RTX_CM0.lib(rtx_thread.o)
    0x000015f4   0x000015f4   0x00000010   Code   RO          230    .text.osRtxThreadSwitch  RTX_CM0.lib(rtx_thread.o)
    0x00001604   0x00001604   0x0000003c   Code   RO          242    .text.osRtxThreadWaitEnter  RTX_CM0.lib(rtx_thread.o)
    0x00001640   0x00001640   0x00000022   Code   RO          238    .text.osRtxThreadWaitExit  RTX_CM0.lib(rtx_thread.o)
    0x00001662   0x00001662   0x00000002   PAD
    0x00001664   0x00001664   0x00000074   Code   RO          598    .text.osRtxTick_Handler  RTX_CM0.lib(rtx_system.o)
    0x000016d8   0x000016d8   0x0000003c   Code   RO          489    .text.osRtxTimerThread  RTX_CM0.lib(rtx_timer.o)
    0x00001714   0x00001714   0x00000060   Code   RO          491    .text.osRtxTimerTick  RTX_CM0.lib(rtx_timer.o)
    0x00001774   0x00001774   0x0000000c   Code   RO          278    .text.osThreadExit  RTX_CM0.lib(rtx_thread.o)
    0x00001780   0x00001780   0x00000024   Code   RO          250    .text.osThreadNew   RTX_CM0.lib(rtx_thread.o)
    0x000017a4   0x000017a4   0x00000020   Code   RO           81    .text.os_kernel_is_active  rtx_lib.o
    0x000017c4   0x000017c4   0x00000040   Code   RO           50    .text.readLine      serialport.o
    0x00001804   0x00001804   0x00000018   Code   RO           26    .text.redLEDOnOff   gpio.o
    0x0000181c   0x0000181c   0x0000001c   Code   RO           44    .text.removeMsg     serialport.o
    0x00001838   0x00001838   0x00000054   Code   RO           42    .text.sendMsg       serialport.o
    0x0000188c   0x0000188c   0x0000003c   Code   RO           52    .text.setNextChar   serialport.o
    0x000018c8   0x000018c8   0x00000074   Code   RO          367    .text.svcRtxEventFlagsNew  RTX_CM0.lib(rtx_evflags.o)
    0x0000193c   0x0000193c   0x0000007a   Code   RO          375    .text.svcRtxEventFlagsSet  RTX_CM0.lib(rtx_evflags.o)
    0x000019b6   0x000019b6   0x00000002   PAD
    0x000019b8   0x000019b8   0x0000005c   Code   RO          377    .text.svcRtxEventFlagsWait  RTX_CM0.lib(rtx_evflags.o)
    0x00001a14   0x00001a14   0x00000008   Code   RO          159    .text.svcRtxKernelGetState  RTX_CM0.lib(rtx_kernel.o)
    0x00001a1c   0x00001a1c   0x0000000c   Code   RO          175    .text.svcRtxKernelGetTickCount  RTX_CM0.lib(rtx_kernel.o)
    0x00001a28   0x00001a28   0x00000144   Code   RO          189    .text.svcRtxKernelInitialize  RTX_CM0.lib(rtx_kernel.o)
    0x00001b6c   0x00001b6c   0x0000007c   Code   RO          191    .text.svcRtxKernelStart  RTX_CM0.lib(rtx_kernel.o)
    0x00001be8   0x00001be8   0x000000e4   Code   RO          469    .text.svcRtxMessageQueueGet  RTX_CM0.lib(rtx_msgqueue.o)
    0x00001ccc   0x00001ccc   0x000001e0   Code   RO          455    .text.svcRtxMessageQueueNew  RTX_CM0.lib(rtx_msgqueue.o)
    0x00001eac   0x00001eac   0x000000b8   Code   RO          465    .text.svcRtxMessageQueuePut  RTX_CM0.lib(rtx_msgqueue.o)
    0x00001f64   0x00001f64   0x00000098   Code   RO          410    .text.svcRtxMutexAcquire  RTX_CM0.lib(rtx_mutex.o)
    0x00001ffc   0x00001ffc   0x000000b4   Code   RO          416    .text.svcRtxMutexDelete  RTX_CM0.lib(rtx_mutex.o)
    0x000020b0   0x000020b0   0x00000070   Code   RO          406    .text.svcRtxMutexNew  RTX_CM0.lib(rtx_mutex.o)
    0x00002120   0x00002120   0x000000bc   Code   RO          412    .text.svcRtxMutexRelease  RTX_CM0.lib(rtx_mutex.o)
    0x000021dc   0x000021dc   0x0000006c   Code   RO          324    .text.svcRtxThreadExit  RTX_CM0.lib(rtx_thread.o)
    0x00002248   0x00002248   0x00000204   Code   RO          248    .text.svcRtxThreadNew  RTX_CM0.lib(rtx_thread.o)
    0x0000244c   0x0000244c   0x000001f6   Code   RO          651    .text_divfast       c_p.l(aeabi_sdivfast.o)
    0x00002642   0x00002642   0x00000002   PAD
    0x00002644   0x00002644   0x000000a0   Data   RO           95    .rodata             rtx_lib.o
    0x000026e4   0x000026e4   0x00000004   Data   RO           97    .rodata.osRtxUserSVC  rtx_lib.o
    0x000026e8   0x000026e8   0x00000024   Data   RO           92    .rodata.os_idle_thread_attr  rtx_lib.o
    0x0000270c   0x0000270c   0x00000018   Data   RO           94    .rodata.os_timer_mq_attr  rtx_lib.o
    0x00002724   0x00002724   0x00000024   Data   RO           93    .rodata.os_timer_thread_attr  rtx_lib.o
    0x00002748   0x00002748   0x0000000b   Data   RO          203    .rodata.str1.4      RTX_CM0.lib(rtx_kernel.o)
    0x00002753   0x00002753   0x00000001   PAD
    0x00002754   0x00002754   0x00000020   Data   RO          832    Region$$Table       anon$$obj.o


    Execution Region ER_RW (Exec base: 0x1ffff000, Load base: 0x00002774, Size: 0x000000e4, Max: 0xffffffff, ABSOLUTE)

    Exec Addr    Load Addr    Size         Type   Attr      Idx    E Section Name        Object

    0x1ffff000   0x00002774   0x00000004   Data   RW          140    .data.SystemCoreClock  system_mkl25z4.o
    0x1ffff004   0x00002778   0x00000020   Data   RW            8    .data.delaytime     main.o
    0x1ffff024   0x00002798   0x000000a4   Data   RW          204    .data.os            RTX_CM0.lib(rtx_kernel.o)
    0x1ffff0c8   0x0000283c   0x0000001b   Data   RW           10    .data.prompt        main.o


    Execution Region ER_ZI (Exec base: 0x1ffff0e8, Load base: 0x00002858, Size: 0x00001508, Max: 0xffffffff, ABSOLUTE)

    Exec Addr    Load Addr    Size         Type   Attr      Idx    E Section Name        Object

    0x1ffff0e8        -       0x00000060   Zero   RW          698    .bss                c_p.l(libspace.o)
    0x1ffff148        -       0x00000001   Zero   RW          631    .bss.PendST         RTX_CM0.lib(os_systick.o)
    0x1ffff149   0x00002858   0x00000003   PAD
    0x1ffff14c        -       0x00000004   Zero   RW            9    .bss.controlMsgQ    main.o
    0x1ffff150        -       0x00000004   Zero   RW           12    .bss.errorFlags     main.o
    0x1ffff154        -       0x0000002c   Zero   RW           66    .bss.msgQueue       serialport.o
    0x1ffff180        -       0x00001040   Zero   RW           91    .bss.os             rtx_lib.o
    0x200001c0        -       0x00000034   Zero   RW          101    .bss.os.msgqueue.cb  rtx_lib.o
    0x200001f4        -       0x00000050   Zero   RW          102    .bss.os.msgqueue.mem  rtx_lib.o
    0x20000244        -       0x00000088   Zero   RW           99    .bss.os.thread.cb   rtx_lib.o
    0x200002cc   0x00002858   0x00000004   PAD
    0x200002d0        -       0x00000200   Zero   RW          100    .bss.os.thread.stack  rtx_lib.o
    0x200004d0        -       0x00000001   Zero   RW          103    .bss.os_kernel_is_active.os_kernel_active  rtx_lib.o
    0x200004d1   0x00002858   0x00000003   PAD
    0x200004d4        -       0x00000004   Zero   RW           68    .bss.readFlags      serialport.o
    0x200004d8        -       0x0000000c   Zero   RW           67    .bss.readReq        serialport.o
    0x200004e4        -       0x00000004   Zero   RW           14    .bss.t_command      main.o
    0x200004e8        -       0x00000004   Zero   RW           13    .bss.t_greenandredLED  main.o
    0x200004ec   0x00002858   0x00000004   PAD
    0x200004f0        -       0x00000000   Zero   RW          124    HEAP                startup_mkl25z4.o
    0x200004f0        -       0x00000100   Zero   RW          123    STACK               startup_mkl25z4.o


==============================================================================

Image component sizes


      Code (inc. data)   RO Data    RW Data    ZI Data      Debug   Object Name

       164         32          0          0          0       2238   gpio.o
       452         64          0         59         16       2723   main.o
         4          0          0          0          0        763   rtx_config.o
       130          4        260          0       4941       7213   rtx_lib.o
       672         60          0          0         60       6702   serialport.o
        80         44        192          0        256        868   startup_mkl25z4.o
       280         40          0          4          0       2510   system_mkl25z4.o

    ----------------------------------------------------------------------
      1784        244        484         64       5284      23017   Object Totals
         0          0         32          0          0          0   (incl. Generated)
         2          0          0          1         11          0   (incl. Padding)

    ----------------------------------------------------------------------

      Code (inc. data)   RO Data    RW Data    ZI Data      Debug   Library Member Name

       164          8          0          0          0        500   irq_cm0.o
       122         16          0          0          1       2769   os_systick.o
       658         20          0          0          0      12275   rtx_evflags.o
       630         40         11        164          0      16196   rtx_kernel.o
       248          0          0          0          0       2674   rtx_memory.o
       164          0          0          0          0      14367   rtx_mempool.o
      1550         40          0          0          0      18006   rtx_msgqueue.o
       920         28          0          0          0       9526   rtx_mutex.o
       352         18          0          0          0       4670   rtx_system.o
      1646         56          0          0          0      31262   rtx_thread.o
       232         20          0          0          0      10004   rtx_timer.o
         8          0          0          0          0         68   __main.o
         0          0          0          0          0          0   __rtentry.o
        20          0          0          0          0          0   __rtentry2.o
         6          0          0          0          0          0   __rtentry4.o
        60          8          0          0          0          0   __scatter.o
        26          0          0          0          0          0   __scatter_copy.o
        28          0          0          0          0          0   __scatter_zi.o
       502          0          0          0          0         92   aeabi_sdivfast.o
        16          0          0          0          0         68   exit.o
         6          0          0          0          0        136   heapauxi.o
         0          0          0          0          0          0   indicate_semi.o
         2          0          0          0          0          0   libinit.o
         2          0          0          0          0          0   libinit2.o
         2          0          0          0          0          0   libshutdown.o
         2          0          0          0          0          0   libshutdown2.o
         8          4          0          0         96         68   libspace.o
        90          0          0          0          0         68   memcmp.o
        64          0          0          0          0        108   rt_memclr.o
       186          0          0          0          0        144   rt_memcpy.o
         2          0          0          0          0          0   rtexit.o
        10          0          0          0          0          0   rtexit2.o
        12          4          0          0          0         60   sys_exit.o
        62          0          0          0          0         80   sys_stackheap_outer.o
         2          0          0          0          0         68   use_no_semi.o

    ----------------------------------------------------------------------
      7820        262         12        164        100     123209   Library Totals
        18          0          1          0          3          0   (incl. Padding)

    ----------------------------------------------------------------------

      Code (inc. data)   RO Data    RW Data    ZI Data      Debug   Library Name

      6686        246         11        164          1     122249   RTX_CM0.lib
      1116         16          0          0         96        960   c_p.l

    ----------------------------------------------------------------------
      7820        262         12        164        100     123209   Library Totals

    ----------------------------------------------------------------------

==============================================================================


      Code (inc. data)   RO Data    RW Data    ZI Data      Debug   

      9604        506        496        228       5384     145606   Grand Totals
      9604        506        496        228       5384     145606   ELF Image Totals
      9604        506        496        228          0          0   ROM Totals

==============================================================================

    Total RO  Size (Code + RO Data)                10100 (   9.86kB)
    Total RW  Size (RW Data + ZI Data)              5612 (   5.48kB)
    Total ROM Size (Code + RO Data + RW Data)      10328 (  10.09kB)

==============================================================================

