Component: ARM Compiler 6.14 Tool: armlink [5db06800]

==============================================================================

Section Cross References

    main.o(.text.uToString) refers to aeabi_sdivfast.o(.text_divfast) for __aeabi_uidiv
    main.o(.ARM.exidx.text.uToString) refers to main.o(.text.uToString) for [Anonymous Symbol]
    main.o(.text.touchThread) refers to tsi.o(.text.TSI_init) for TSI_init
    main.o(.text.touchThread) refers to rtx_delay.o(.text.osDelay) for osDelay
    main.o(.text.touchThread) refers to tsi.o(.text.readTSIDistance) for readTSIDistance
    main.o(.text.touchThread) refers to main.o(.text.uToString) for uToString
    main.o(.text.touchThread) refers to rtx_evflags.o(.text.osEventFlagsSet) for osEventFlagsSet
    main.o(.text.touchThread) refers to main.o(.data.distStr) for distStr
    main.o(.text.touchThread) refers to main.o(.bss.touchEvtFlags) for touchEvtFlags
    main.o(.ARM.exidx.text.touchThread) refers to main.o(.text.touchThread) for [Anonymous Symbol]
    main.o(.text.respondThread) refers to rtx_evflags.o(.text.osEventFlagsWait) for osEventFlagsWait
    main.o(.text.respondThread) refers to serialport.o(.text.sendMsg) for sendMsg
    main.o(.text.respondThread) refers to tpm_pwm.o(.text.setLEDBrightness) for setLEDBrightness
    main.o(.text.respondThread) refers to main.o(.bss.touchEvtFlags) for touchEvtFlags
    main.o(.ARM.exidx.text.respondThread) refers to main.o(.text.respondThread) for [Anonymous Symbol]
    main.o(.text.main) refers to tpm_pwm.o(.text.configureTPMClock) for configureTPMClock
    main.o(.text.main) refers to tricolorledpwm.o(.text.configureLEDforPWM) for configureLEDforPWM
    main.o(.text.main) refers to tpm_pwm.o(.text.configureTPM0forPWM) for configureTPM0forPWM
    main.o(.text.main) refers to tpm_pwm.o(.text.configureTPM2forPWM) for configureTPM2forPWM
    main.o(.text.main) refers to tpm_pwm.o(.text.setLEDBrightness) for setLEDBrightness
    main.o(.text.main) refers to system_mkl25z4.o(.text.SystemCoreClockUpdate) for SystemCoreClockUpdate
    main.o(.text.main) refers to serialport.o(.text.init_UART0) for init_UART0
    main.o(.text.main) refers to rtx_kernel.o(.text.osKernelInitialize) for osKernelInitialize
    main.o(.text.main) refers to serialport.o(.text.initSerialPort) for initSerialPort
    main.o(.text.main) refers to serialport.o(.text.sendMsg) for sendMsg
    main.o(.text.main) refers to rtx_evflags.o(.text.osEventFlagsNew) for osEventFlagsNew
    main.o(.text.main) refers to rtx_thread.o(.text.osThreadNew) for osThreadNew
    main.o(.text.main) refers to rtx_kernel.o(.text.osKernelStart) for osKernelStart
    main.o(.text.main) refers to main.o(.bss.touchEvtFlags) for touchEvtFlags
    main.o(.text.main) refers to main.o(.text.touchThread) for touchThread
    main.o(.text.main) refers to main.o(.bss.t_touch) for t_touch
    main.o(.text.main) refers to main.o(.text.respondThread) for respondThread
    main.o(.text.main) refers to main.o(.bss.t_respond) for t_respond
    main.o(.ARM.exidx.text.main) refers to main.o(.text.main) for [Anonymous Symbol]
    serialport.o(.text.initSendMsg) refers to serialport.o(.bss.msgQueue) for msgQueue
    serialport.o(.ARM.exidx.text.initSendMsg) refers to serialport.o(.text.initSendMsg) for [Anonymous Symbol]
    serialport.o(.text.sendMsg) refers to serialport.o(.bss.msgQueue) for msgQueue
    serialport.o(.ARM.exidx.text.sendMsg) refers to serialport.o(.text.sendMsg) for [Anonymous Symbol]
    serialport.o(.text.removeMsg) refers to serialport.o(.bss.msgQueue) for msgQueue
    serialport.o(.ARM.exidx.text.removeMsg) refers to serialport.o(.text.removeMsg) for [Anonymous Symbol]
    serialport.o(.text.getNextChar) refers to serialport.o(.bss.msgQueue) for msgQueue
    serialport.o(.ARM.exidx.text.getNextChar) refers to serialport.o(.text.getNextChar) for [Anonymous Symbol]
    serialport.o(.text.initReadReq) refers to rtx_evflags.o(.text.osEventFlagsNew) for osEventFlagsNew
    serialport.o(.text.initReadReq) refers to serialport.o(.bss.readReq) for readReq
    serialport.o(.text.initReadReq) refers to serialport.o(.bss.readFlags) for readFlags
    serialport.o(.ARM.exidx.text.initReadReq) refers to serialport.o(.text.initReadReq) for [Anonymous Symbol]
    serialport.o(.text.readLine) refers to rtx_evflags.o(.text.osEventFlagsWait) for osEventFlagsWait
    serialport.o(.text.readLine) refers to serialport.o(.bss.readReq) for readReq
    serialport.o(.text.readLine) refers to serialport.o(.bss.readFlags) for readFlags
    serialport.o(.ARM.exidx.text.readLine) refers to serialport.o(.text.readLine) for [Anonymous Symbol]
    serialport.o(.text.setNextChar) refers to serialport.o(.bss.readReq) for readReq
    serialport.o(.ARM.exidx.text.setNextChar) refers to serialport.o(.text.setNextChar) for [Anonymous Symbol]
    serialport.o(.text.init_UART0) refers to aeabi_sdivfast.o(.text_divfast) for __aeabi_uidiv
[...]
    .ARM.Collect$$rtentry$$00000000          0x00000144   Section        0  __rtentry.o(.ARM.Collect$$rtentry$$00000000)
    .ARM.Collect$$rtentry$$00000002          0x00000144   Section        0  __rtentry2.o(.ARM.Collect$$rtentry$$00000002)
    .ARM.Collect$$rtentry$$00000004          0x00000144   Section        6  __rtentry4.o(.ARM.Collect$$rtentry$$00000004)
    .ARM.Collect$$rtentry$$00000008          0x0000014a   Section        8  __rtentry2.o(.ARM.Collect$$rtentry$$00000008)
    .ARM.Collect$$rtentry$$0000000A          0x00000152   Section        4  __rtentry2.o(.ARM.Collect$$rtentry$$0000000A)
    .ARM.Collect$$rtentry$$0000000C          0x00000156   Section        0  __rtentry2.o(.ARM.Collect$$rtentry$$0000000C)
    .ARM.Collect$$rtentry$$0000000D          0x00000156   Section        8  __rtentry2.o(.ARM.Collect$$rtentry$$0000000D)
    .ARM.Collect$$rtexit$$00000000           0x0000015e   Section        2  rtexit.o(.ARM.Collect$$rtexit$$00000000)
    .ARM.Collect$$rtexit$$00000002           0x00000160   Section        0  rtexit2.o(.ARM.Collect$$rtexit$$00000002)
    .ARM.Collect$$rtexit$$00000003           0x00000160   Section        4  rtexit2.o(.ARM.Collect$$rtexit$$00000003)
    .ARM.Collect$$rtexit$$00000004           0x00000164   Section        6  rtexit2.o(.ARM.Collect$$rtexit$$00000004)
    .emb_text                                0x0000016c   Section       56  rt_memcpy.o(.emb_text)
    .text                                    0x000001a4   Section       64  startup_mkl25z4.o(.text)
    .text                                    0x000001e4   Section      164  irq_cm0.o(.text)
    .text                                    0x00000288   Section        0  rt_memcpy.o(.text)
    .text                                    0x0000030a   Section        0  rt_memclr.o(.text)
    .text                                    0x0000034a   Section        0  heapauxi.o(.text)
    .text                                    0x00000350   Section       62  sys_stackheap_outer.o(.text)
    .text                                    0x0000038e   Section        0  exit.o(.text)
    .text                                    0x000003a0   Section        8  libspace.o(.text)
    .text                                    0x000003a8   Section        0  sys_exit.o(.text)
    .text                                    0x000003b4   Section        2  use_no_semi.o(.text)
    MessageQueueGet                          0x000003b7   Thumb Code    74  rtx_msgqueue.o(.text.MessageQueueGet)
    [Anonymous Symbol]                       0x000003b6   Section        0  rtx_msgqueue.o(.text.MessageQueueGet)
    .text                                    0x000003b6   Section        0  indicate_semi.o(.text)
    .ARM.__at_0x400                          0x00000400   Section       16  startup_mkl25z4.o(.ARM.__at_0x400)
    EventFlagsCheck                          0x00000411   Thumb Code    92  rtx_evflags.o(.text.EventFlagsCheck)
    [Anonymous Symbol]                       0x00000410   Section        0  rtx_evflags.o(.text.EventFlagsCheck)
    MessageQueuePut                          0x0000046d   Thumb Code    98  rtx_msgqueue.o(.text.MessageQueuePut)
    [Anonymous Symbol]                       0x0000046c   Section        0  rtx_msgqueue.o(.text.MessageQueuePut)
    MessageQueueRemove                       0x000004cf   Thumb Code    30  rtx_msgqueue.o(.text.MessageQueueRemove)
    [Anonymous Symbol]                       0x000004ce   Section        0  rtx_msgqueue.o(.text.MessageQueueRemove)
    [Anonymous Symbol]                       0x000004ec   Section        0  os_systick.o(.text.OS_Tick_AcknowledgeIRQ)
    [Anonymous Symbol]                       0x000004f4   Section        0  os_systick.o(.text.OS_Tick_Enable)
    __arm_cp.1_1                             0x00000514   Number         4  os_systick.o(.text.OS_Tick_Enable)
    [Anonymous Symbol]                       0x00000518   Section        0  os_systick.o(.text.OS_Tick_GetIRQn)
    [Anonymous Symbol]                       0x00000520   Section        0  os_systick.o(.text.OS_Tick_Setup)
    __arm_cp.0_1                             0x0000055c   Number         4  os_systick.o(.text.OS_Tick_Setup)
    __arm_cp.0_2                             0x00000560   Number         4  os_systick.o(.text.OS_Tick_Setup)
    __arm_cp.0_3                             0x00000564   Number         4  os_systick.o(.text.OS_Tick_Setup)
    [Anonymous Symbol]                       0x00000568   Section        0  system_mkl25z4.o(.text.SystemCoreClockUpdate)
    __arm_cp.1_0                             0x00000658   Number         4  system_mkl25z4.o(.text.SystemCoreClockUpdate)
    __arm_cp.1_1                             0x0000065c   Number         4  system_mkl25z4.o(.text.SystemCoreClockUpdate)
    __arm_cp.1_2                             0x00000660   Number         4  system_mkl25z4.o(.text.SystemCoreClockUpdate)
    __arm_cp.1_3                             0x00000664   Number         4  system_mkl25z4.o(.text.SystemCoreClockUpdate)
    __arm_cp.1_4                             0x00000668   Number         4  system_mkl25z4.o(.text.SystemCoreClockUpdate)
    __arm_cp.1_5                             0x0000066c   Number         4  system_mkl25z4.o(.text.SystemCoreClockUpdate)
    __arm_cp.1_6                             0x00000670   Number         4  system_mkl25z4.o(.text.SystemCoreClockUpdate)
    [Anonymous Symbol]                       0x00000674   Section        0  system_mkl25z4.o(.text.SystemInit)
    __arm_cp.0_0                             0x0000067c   Number         4  system_mkl25z4.o(.text.SystemInit)
    [Anonymous Symbol]                       0x00000680   Section        0  tsi.o(.text.TSI0_IRQHandler)
    __arm_cp.5_0                             0x000006e4   Number         4  tsi.o(.text.TSI0_IRQHandler)
    __arm_cp.5_2                             0x000006e8   Number         4  tsi.o(.text.TSI0_IRQHandler)
    __arm_cp.5_3                             0x000006ec   Number         4  tsi.o(.text.TSI0_IRQHandler)
    __arm_cp.5_4                             0x000006f0   Number         4  tsi.o(.text.TSI0_IRQHandler)
    __arm_cp.5_5                             0x000006f4   Number         4  tsi.o(.text.TSI0_IRQHandler)
    __arm_cp.5_6                             0x000006f8   Number         4  tsi.o(.text.TSI0_IRQHandler)
    [Anonymous Symbol]                       0x000006fc   Section        0  tsi.o(.text.TSI_init)
    __arm_cp.1_1                             0x00000760   Number         4  tsi.o(.text.TSI_init)
    __arm_cp.1_2                             0x00000764   Number         4  tsi.o(.text.TSI_init)
    __arm_cp.1_3                             0x00000768   Number         4  tsi.o(.text.TSI_init)
    ThreadFlagsCheck                         0x0000076d   Thumb Code    92  rtx_thread.o(.text.ThreadFlagsCheck)
    [Anonymous Symbol]                       0x0000076c   Section        0  rtx_thread.o(.text.ThreadFlagsCheck)
    TimerInsert                              0x000007c9   Thumb Code    76  rtx_timer.o(.text.TimerInsert)
    [Anonymous Symbol]                       0x000007c8   Section        0  rtx_timer.o(.text.TimerInsert)
    __arm_cp.8_0                             0x00000810   Number         4  rtx_timer.o(.text.TimerInsert)
    [Anonymous Symbol]                       0x00000814   Section        0  serialport.o(.text.UART0_IRQHandler)
    __arm_cp.12_0                            0x0000087c   Number         4  serialport.o(.text.UART0_IRQHandler)
    __NVIC_ClearPendingIRQ                   0x00000881   Thumb Code    12  serialport.o(.text.__NVIC_ClearPendingIRQ)
    [Anonymous Symbol]                       0x00000880   Section        0  serialport.o(.text.__NVIC_ClearPendingIRQ)
    __NVIC_ClearPendingIRQ                   0x0000088d   Thumb Code    16  tsi.o(.text.__NVIC_ClearPendingIRQ)
    [Anonymous Symbol]                       0x0000088c   Section        0  tsi.o(.text.__NVIC_ClearPendingIRQ)
    __arm_cp.3_0                             0x00000898   Number         4  tsi.o(.text.__NVIC_ClearPendingIRQ)
    __NVIC_EnableIRQ                         0x0000089d   Thumb Code    12  serialport.o(.text.__NVIC_EnableIRQ)
    [Anonymous Symbol]                       0x0000089c   Section        0  serialport.o(.text.__NVIC_EnableIRQ)
    __NVIC_EnableIRQ                         0x000008a9   Thumb Code    16  tsi.o(.text.__NVIC_EnableIRQ)
    [Anonymous Symbol]                       0x000008a8   Section        0  tsi.o(.text.__NVIC_EnableIRQ)
    __arm_cp.4_0                             0x000008b4   Number         4  tsi.o(.text.__NVIC_EnableIRQ)
    __NVIC_SetPriority                       0x000008b9   Thumb Code    16  serialport.o(.text.__NVIC_SetPriority)
    [Anonymous Symbol]                       0x000008b8   Section        0  serialport.o(.text.__NVIC_SetPriority)
    __arm_cp.8_0                             0x000008c4   Number         4  serialport.o(.text.__NVIC_SetPriority)
    __NVIC_SetPriority                       0x000008c9   Thumb Code    20  tsi.o(.text.__NVIC_SetPriority)
    [Anonymous Symbol]                       0x000008c8   Section        0  tsi.o(.text.__NVIC_SetPriority)
    __arm_cp.2_0                             0x000008d8   Number         4  tsi.o(.text.__NVIC_SetPriority)
    __tagsym$$used.1                         0x000008dc   Number         0  rtx_lib.o(.text._mutex_acquire)
    [Anonymous Symbol]                       0x000008dc   Section        0  rtx_lib.o(.text._mutex_acquire)
    __tagsym$$used.3                         0x000008f4   Number         0  rtx_lib.o(.text._mutex_free)
    [Anonymous Symbol]                       0x000008f4   Section        0  rtx_lib.o(.text._mutex_free)
    __tagsym$$used.0                         0x000008fe   Number         0  rtx_lib.o(.text._mutex_initialize)
    [Anonymous Symbol]                       0x000008fe   Section        0  rtx_lib.o(.text._mutex_initialize)
    __tagsym$$used.2                         0x00000922   Number         0  rtx_lib.o(.text._mutex_release)
    [Anonymous Symbol]                       0x00000922   Section        0  rtx_lib.o(.text._mutex_release)
    [Anonymous Symbol]                       0x00000936   Section        0  rtx_lib.o(.text._platform_post_stackheap_init)
    [Anonymous Symbol]                       0x00000940   Section        0  tricolorledpwm.o(.text.configureLEDforPWM)
    __arm_cp.0_0                             0x00000980   Number         4  tricolorledpwm.o(.text.configureLEDforPWM)
    __arm_cp.0_1                             0x00000984   Number         4  tricolorledpwm.o(.text.configureLEDforPWM)
    __arm_cp.0_2                             0x00000988   Number         4  tricolorledpwm.o(.text.configureLEDforPWM)
    __arm_cp.0_3                             0x0000098c   Number         4  tricolorledpwm.o(.text.configureLEDforPWM)
    [Anonymous Symbol]                       0x00000990   Section        0  tpm_pwm.o(.text.configureTPM0forPWM)
    __arm_cp.1_0                             0x000009d0   Number         4  tpm_pwm.o(.text.configureTPM0forPWM)
    __arm_cp.1_2                             0x000009d4   Number         4  tpm_pwm.o(.text.configureTPM0forPWM)
    [Anonymous Symbol]                       0x000009d8   Section        0  tpm_pwm.o(.text.configureTPM2forPWM)
    __arm_cp.2_0                             0x00000a1c   Number         4  tpm_pwm.o(.text.configureTPM2forPWM)
    __arm_cp.2_1                             0x00000a20   Number         4  tpm_pwm.o(.text.configureTPM2forPWM)
    __arm_cp.2_2                             0x00000a24   Number         4  tpm_pwm.o(.text.configureTPM2forPWM)
    [Anonymous Symbol]                       0x00000a28   Section        0  tpm_pwm.o(.text.configureTPMClock)
    [Anonymous Symbol]                       0x00000a40   Section        0  serialport.o(.text.getNextChar)
    [Anonymous Symbol]                       0x00000a90   Section        0  serialport.o(.text.initReadReq)
    __arm_cp.4_0                             0x00000aa4   Number         4  serialport.o(.text.initReadReq)
    __arm_cp.4_1                             0x00000aa8   Number         4  serialport.o(.text.initReadReq)
    [Anonymous Symbol]                       0x00000aac   Section        0  serialport.o(.text.initSendMsg)
    __arm_cp.0_0                             0x00000ab8   Number         4  serialport.o(.text.initSendMsg)
    [Anonymous Symbol]                       0x00000abc   Section        0  serialport.o(.text.initSerialPort)
    [Anonymous Symbol]                       0x00000ac8   Section        0  serialport.o(.text.init_UART0)
    __arm_cp.7_0                             0x00000b48   Number         4  serialport.o(.text.init_UART0)
    __arm_cp.7_1                             0x00000b4c   Number         4  serialport.o(.text.init_UART0)
    __arm_cp.7_2                             0x00000b50   Number         4  serialport.o(.text.init_UART0)
    __arm_cp.7_3                             0x00000b54   Number         4  serialport.o(.text.init_UART0)
    [Anonymous Symbol]                       0x00000b58   Section        0  main.o(.text.main)
    __arm_cp.3_1                             0x00000bd4   Number         4  main.o(.text.main)
    __arm_cp.3_2                             0x00000bd8   Number         4  main.o(.text.main)
    __arm_cp.3_3                             0x00000bdc   Number         4  main.o(.text.main)
    __arm_cp.3_4                             0x00000be0   Number         4  main.o(.text.main)
    __arm_cp.3_5                             0x00000be4   Number         4  main.o(.text.main)
    [Anonymous Symbol]                       0x00000be8   Section        0  rtx_delay.o(.text.osDelay)
    __arm_cp.0_0                             0x00000c0c   Number         4  rtx_delay.o(.text.osDelay)
    [Anonymous Symbol]                       0x00000c10   Section        0  rtx_evflags.o(.text.osEventFlagsNew)
    __arm_cp.0_0                             0x00000c30   Number         4  rtx_evflags.o(.text.osEventFlagsNew)
    [Anonymous Symbol]                       0x00000c34   Section        0  rtx_evflags.o(.text.osEventFlagsSet)
    __arm_cp.2_0                             0x00000c80   Number         4  rtx_evflags.o(.text.osEventFlagsSet)
    [Anonymous Symbol]                       0x00000c84   Section        0  rtx_evflags.o(.text.osEventFlagsWait)
    __arm_cp.7_0                             0x00000cc4   Number         4  rtx_evflags.o(.text.osEventFlagsWait)
    [Anonymous Symbol]                       0x00000cc8   Section        0  rtx_kernel.o(.text.osKernelGetState)
    __arm_cp.4_0                             0x00000cf0   Number         4  rtx_kernel.o(.text.osKernelGetState)
    __arm_cp.4_1                             0x00000cf4   Number         4  rtx_kernel.o(.text.osKernelGetState)
    [Anonymous Symbol]                       0x00000cf8   Section        0  rtx_kernel.o(.text.osKernelInitialize)
    __arm_cp.1_0                             0x00000d1c   Number         4  rtx_kernel.o(.text.osKernelInitialize)
    [Anonymous Symbol]                       0x00000d20   Section        0  rtx_kernel.o(.text.osKernelStart)
    __arm_cp.6_0                             0x00000d40   Number         4  rtx_kernel.o(.text.osKernelStart)
    [Anonymous Symbol]                       0x00000d44   Section        0  rtx_msgqueue.o(.text.osMessageQueueGet)
    __arm_cp.3_0                             0x00000db4   Number         4  rtx_msgqueue.o(.text.osMessageQueueGet)
    [Anonymous Symbol]                       0x00000db8   Section        0  rtx_msgqueue.o(.text.osMessageQueueNew)
    __arm_cp.0_0                             0x00000dd8   Number         4  rtx_msgqueue.o(.text.osMessageQueueNew)
    [Anonymous Symbol]                       0x00000ddc   Section        0  rtx_msgqueue.o(.text.osMessageQueuePut)
    __arm_cp.2_0                             0x00000e4c   Number         4  rtx_msgqueue.o(.text.osMessageQueuePut)
    [Anonymous Symbol]                       0x00000e50   Section        0  rtx_mutex.o(.text.osMutexAcquire)
    __arm_cp.4_0                             0x00000e74   Number         4  rtx_mutex.o(.text.osMutexAcquire)
    [Anonymous Symbol]                       0x00000e78   Section        0  rtx_mutex.o(.text.osMutexDelete)
    __arm_cp.7_0                             0x00000e9c   Number         4  rtx_mutex.o(.text.osMutexDelete)
    [Anonymous Symbol]                       0x00000ea0   Section        0  rtx_mutex.o(.text.osMutexNew)
    __arm_cp.2_0                             0x00000ec0   Number         4  rtx_mutex.o(.text.osMutexNew)
    [Anonymous Symbol]                       0x00000ec4   Section        0  rtx_mutex.o(.text.osMutexRelease)
    __arm_cp.5_0                             0x00000ee8   Number         4  rtx_mutex.o(.text.osMutexRelease)
    [Anonymous Symbol]                       0x00000eec   Section        0  rtx_config.o(.text.osRtxErrorNotify)
    osRtxEventFlagsPostProcess               0x00000eef   Thumb Code    52  rtx_evflags.o(.text.osRtxEventFlagsPostProcess)
    [Anonymous Symbol]                       0x00000eee   Section        0  rtx_evflags.o(.text.osRtxEventFlagsPostProcess)
    [Anonymous Symbol]                       0x00000f22   Section        0  rtx_config.o(.text.osRtxIdleThread)
    [Anonymous Symbol]                       0x00000f24   Section        0  rtx_kernel.o(.text.osRtxKernelPreInit)
    [Anonymous Symbol]                       0x00000f26   Section        0  rtx_memory.o(.text.osRtxMemoryAlloc)
    [Anonymous Symbol]                       0x00000fa0   Section        0  rtx_memory.o(.text.osRtxMemoryFree)
    [Anonymous Symbol]                       0x00000fee   Section        0  rtx_memory.o(.text.osRtxMemoryInit)
    [Anonymous Symbol]                       0x0000101e   Section        0  rtx_mempool.o(.text.osRtxMemoryPoolAlloc)
    [Anonymous Symbol]                       0x0000104c   Section        0  rtx_mempool.o(.text.osRtxMemoryPoolFree)
    [Anonymous Symbol]                       0x00001086   Section        0  rtx_mempool.o(.text.osRtxMemoryPoolInit)
    osRtxMessageQueuePostProcess             0x000010c3   Thumb Code   188  rtx_msgqueue.o(.text.osRtxMessageQueuePostProcess)
    [Anonymous Symbol]                       0x000010c2   Section        0  rtx_msgqueue.o(.text.osRtxMessageQueuePostProcess)
    [Anonymous Symbol]                       0x0000117e   Section        0  rtx_mutex.o(.text.osRtxMutexOwnerRelease)
    [Anonymous Symbol]                       0x000011c2   Section        0  rtx_mutex.o(.text.osRtxMutexOwnerRestore)
    [Anonymous Symbol]                       0x00001204   Section        0  rtx_system.o(.text.osRtxPendSV_Handler)
    [Anonymous Symbol]                       0x00001284   Section        0  rtx_system.o(.text.osRtxPostProcess)
    __arm_cp.2_1                             0x000012ec   Number         4  rtx_system.o(.text.osRtxPostProcess)
    osRtxThreadBlock                         0x000012f1   Thumb Code    52  rtx_thread.o(.text.osRtxThreadBlock)
    [Anonymous Symbol]                       0x000012f0   Section        0  rtx_thread.o(.text.osRtxThreadBlock)
    osRtxThreadDelayInsert                   0x00001325   Thumb Code   120  rtx_thread.o(.text.osRtxThreadDelayInsert)
    [Anonymous Symbol]                       0x00001324   Section        0  rtx_thread.o(.text.osRtxThreadDelayInsert)
    osRtxThreadDelayRemove                   0x0000139d   Thumb Code    64  rtx_thread.o(.text.osRtxThreadDelayRemove)
    [Anonymous Symbol]                       0x0000139c   Section        0  rtx_thread.o(.text.osRtxThreadDelayRemove)
    [Anonymous Symbol]                       0x000013dc   Section        0  rtx_thread.o(.text.osRtxThreadDelayTick)
    [Anonymous Symbol]                       0x0000142c   Section        0  rtx_thread.o(.text.osRtxThreadDispatch)
    osRtxThreadFree                          0x00001479   Thumb Code    80  rtx_thread.o(.text.osRtxThreadFree)
    [Anonymous Symbol]                       0x00001478   Section        0  rtx_thread.o(.text.osRtxThreadFree)
    [Anonymous Symbol]                       0x000014c8   Section        0  rtx_thread.o(.text.osRtxThreadListGet)
    [Anonymous Symbol]                       0x000014dc   Section        0  rtx_thread.o(.text.osRtxThreadListPut)
    [Anonymous Symbol]                       0x00001508   Section        0  rtx_thread.o(.text.osRtxThreadListRemove)
    osRtxThreadListRoot                      0x00001521   Thumb Code    12  rtx_thread.o(.text.osRtxThreadListRoot)
    [Anonymous Symbol]                       0x00001520   Section        0  rtx_thread.o(.text.osRtxThreadListRoot)
    [Anonymous Symbol]                       0x0000152c   Section        0  rtx_thread.o(.text.osRtxThreadListSort)
    osRtxThreadPostProcess                   0x00001551   Thumb Code    38  rtx_thread.o(.text.osRtxThreadPostProcess)
    [Anonymous Symbol]                       0x00001550   Section        0  rtx_thread.o(.text.osRtxThreadPostProcess)
    [Anonymous Symbol]                       0x00001578   Section        0  rtx_thread.o(.text.osRtxThreadReadyPut)
    [Anonymous Symbol]                       0x0000158c   Section        0  rtx_thread.o(.text.osRtxThreadRegPtr)
    [Anonymous Symbol]                       0x00001594   Section        0  rtx_thread.o(.text.osRtxThreadStackCheck)
    __arm_cp.9_0                             0x000015b8   Number         4  rtx_thread.o(.text.osRtxThreadStackCheck)
    __arm_cp.9_1                             0x000015bc   Number         4  rtx_thread.o(.text.osRtxThreadStackCheck)
    [Anonymous Symbol]                       0x000015c0   Section        0  rtx_thread.o(.text.osRtxThreadStartup)
    __arm_cp.16_1                            0x000015f0   Number         4  rtx_thread.o(.text.osRtxThreadStartup)
    __arm_cp.16_3                            0x000015f4   Number         4  rtx_thread.o(.text.osRtxThreadStartup)
    [Anonymous Symbol]                       0x000015f8   Section        0  rtx_thread.o(.text.osRtxThreadSwitch)
    [Anonymous Symbol]                       0x00001608   Section        0  rtx_thread.o(.text.osRtxThreadWaitEnter)
    __arm_cp.14_0                            0x00001640   Number         4  rtx_thread.o(.text.osRtxThreadWaitEnter)
    [Anonymous Symbol]                       0x00001644   Section        0  rtx_thread.o(.text.osRtxThreadWaitExit)
    [Anonymous Symbol]                       0x00001668   Section        0  rtx_system.o(.text.osRtxTick_Handler)
    __arm_cp.0_0                             0x000016d8   Number         4  rtx_system.o(.text.osRtxTick_Handler)
    [Anonymous Symbol]                       0x000016dc   Section        0  rtx_timer.o(.text.osRtxTimerThread)
    __arm_cp.0_0                             0x0000170c   Number         4  rtx_timer.o(.text.osRtxTimerThread)
    __arm_cp.0_1                             0x00001710   Number         4  rtx_timer.o(.text.osRtxTimerThread)
    __arm_cp.0_2                             0x00001714   Number         4  rtx_timer.o(.text.osRtxTimerThread)
    osRtxTimerTick                           0x00001719   Thumb Code    96  rtx_timer.o(.text.osRtxTimerTick)
    [Anonymous Symbol]                       0x00001718   Section        0  rtx_timer.o(.text.osRtxTimerTick)
    __arm_cp.1_0                             0x00001774   Number         4  rtx_timer.o(.text.osRtxTimerTick)
    [Anonymous Symbol]                       0x00001778   Section        0  rtx_thread.o(.text.osThreadExit)
    __arm_cp.32_0                            0x00001780   Number         4  rtx_thread.o(.text.osThreadExit)
    [Anonymous Symbol]                       0x00001784   Section        0  rtx_thread.o(.text.osThreadNew)
    __arm_cp.18_0                            0x000017a4   Number         4  rtx_thread.o(.text.osThreadNew)
    os_kernel_is_active                      0x000017a9   Thumb Code    32  rtx_lib.o(.text.os_kernel_is_active)
    [Anonymous Symbol]                       0x000017a8   Section        0  rtx_lib.o(.text.os_kernel_is_active)
    __arm_cp.2_0                             0x000017c4   Number         4  rtx_lib.o(.text.os_kernel_is_active)
    [Anonymous Symbol]                       0x000017c8   Section        0  tsi.o(.text.readTSIDistance)
    __arm_cp.6_0                             0x00001830   Number         4  tsi.o(.text.readTSIDistance)
    __arm_cp.6_1                             0x00001834   Number         4  tsi.o(.text.readTSIDistance)
    __arm_cp.6_2                             0x00001838   Number         4  tsi.o(.text.readTSIDistance)
    __arm_cp.6_3                             0x0000183c   Number         4  tsi.o(.text.readTSIDistance)
    [Anonymous Symbol]                       0x00001840   Section        0  serialport.o(.text.removeMsg)
    [Anonymous Symbol]                       0x0000185c   Section        0  main.o(.text.respondThread)
    __arm_cp.2_0                             0x00001970   Number         4  main.o(.text.respondThread)
    [Anonymous Symbol]                       0x00001998   Section        0  serialport.o(.text.sendMsg)
    __arm_cp.1_0                             0x000019e4   Number         4  serialport.o(.text.sendMsg)
    __arm_cp.1_1                             0x000019e8   Number         4  serialport.o(.text.sendMsg)
    [Anonymous Symbol]                       0x000019ec   Section        0  tpm_pwm.o(.text.setLEDBrightness)
    __arm_cp.3_0                             0x00001a18   Number         4  tpm_pwm.o(.text.setLEDBrightness)
    __arm_cp.3_1                             0x00001a1c   Number         4  tpm_pwm.o(.text.setLEDBrightness)
    __arm_cp.3_2                             0x00001a20   Number         4  tpm_pwm.o(.text.setLEDBrightness)
    [Anonymous Symbol]                       0x00001a24   Section        0  serialport.o(.text.setNextChar)
    __arm_cp.6_0                             0x00001a5c   Number         4  serialport.o(.text.setNextChar)
    svcRtxDelay                              0x00001a61   Thumb Code    18  rtx_delay.o(.text.svcRtxDelay)
    [Anonymous Symbol]                       0x00001a60   Section        0  rtx_delay.o(.text.svcRtxDelay)
    svcRtxEventFlagsNew                      0x00001a75   Thumb Code   116  rtx_evflags.o(.text.svcRtxEventFlagsNew)
    [Anonymous Symbol]                       0x00001a74   Section        0  rtx_evflags.o(.text.svcRtxEventFlagsNew)
    __arm_cp.9_0                             0x00001ae0   Number         4  rtx_evflags.o(.text.svcRtxEventFlagsNew)
    __arm_cp.9_1                             0x00001ae4   Number         4  rtx_evflags.o(.text.svcRtxEventFlagsNew)
    svcRtxEventFlagsSet                      0x00001ae9   Thumb Code   122  rtx_evflags.o(.text.svcRtxEventFlagsSet)
    [Anonymous Symbol]                       0x00001ae8   Section        0  rtx_evflags.o(.text.svcRtxEventFlagsSet)
    svcRtxEventFlagsWait                     0x00001b65   Thumb Code    92  rtx_evflags.o(.text.svcRtxEventFlagsWait)
    [Anonymous Symbol]                       0x00001b64   Section        0  rtx_evflags.o(.text.svcRtxEventFlagsWait)
    svcRtxKernelGetState                     0x00001bc1   Thumb Code     8  rtx_kernel.o(.text.svcRtxKernelGetState)
    [Anonymous Symbol]                       0x00001bc0   Section        0  rtx_kernel.o(.text.svcRtxKernelGetState)
    svcRtxKernelInitialize                   0x00001bc9   Thumb Code   324  rtx_kernel.o(.text.svcRtxKernelInitialize)
    [Anonymous Symbol]                       0x00001bc8   Section        0  rtx_kernel.o(.text.svcRtxKernelInitialize)
    __arm_cp.20_2                            0x00001d08   Number         4  rtx_kernel.o(.text.svcRtxKernelInitialize)
    svcRtxKernelStart                        0x00001d0d   Thumb Code   124  rtx_kernel.o(.text.svcRtxKernelStart)
    [Anonymous Symbol]                       0x00001d0c   Section        0  rtx_kernel.o(.text.svcRtxKernelStart)
    __arm_cp.21_1                            0x00001d7c   Number         4  rtx_kernel.o(.text.svcRtxKernelStart)
    __arm_cp.21_2                            0x00001d80   Number         4  rtx_kernel.o(.text.svcRtxKernelStart)
    __arm_cp.21_3                            0x00001d84   Number         4  rtx_kernel.o(.text.svcRtxKernelStart)
    svcRtxMessageQueueGet                    0x00001d89   Thumb Code   228  rtx_msgqueue.o(.text.svcRtxMessageQueueGet)
    [Anonymous Symbol]                       0x00001d88   Section        0  rtx_msgqueue.o(.text.svcRtxMessageQueueGet)
    __arm_cp.21_0                            0x00001e68   Number         4  rtx_msgqueue.o(.text.svcRtxMessageQueueGet)
    svcRtxMessageQueueNew                    0x00001e6d   Thumb Code   480  rtx_msgqueue.o(.text.svcRtxMessageQueueNew)
    [Anonymous Symbol]                       0x00001e6c   Section        0  rtx_msgqueue.o(.text.svcRtxMessageQueueNew)
    __arm_cp.14_0                            0x00002038   Number         4  rtx_msgqueue.o(.text.svcRtxMessageQueueNew)
    __arm_cp.14_1                            0x0000203c   Number         4  rtx_msgqueue.o(.text.svcRtxMessageQueueNew)
    __arm_cp.14_2                            0x00002040   Number         4  rtx_msgqueue.o(.text.svcRtxMessageQueueNew)
    __arm_cp.14_3                            0x00002044   Number         4  rtx_msgqueue.o(.text.svcRtxMessageQueueNew)
    __arm_cp.14_5                            0x00002048   Number         4  rtx_msgqueue.o(.text.svcRtxMessageQueueNew)
    svcRtxMessageQueuePut                    0x0000204d   Thumb Code   184  rtx_msgqueue.o(.text.svcRtxMessageQueuePut)
    [Anonymous Symbol]                       0x0000204c   Section        0  rtx_msgqueue.o(.text.svcRtxMessageQueuePut)
    __arm_cp.19_0                            0x00002100   Number         4  rtx_msgqueue.o(.text.svcRtxMessageQueuePut)
    svcRtxMutexAcquire                       0x00002105   Thumb Code   152  rtx_mutex.o(.text.svcRtxMutexAcquire)
    [Anonymous Symbol]                       0x00002104   Section        0  rtx_mutex.o(.text.svcRtxMutexAcquire)
    __arm_cp.10_0                            0x00002198   Number         4  rtx_mutex.o(.text.svcRtxMutexAcquire)
    svcRtxMutexDelete                        0x0000219d   Thumb Code   180  rtx_mutex.o(.text.svcRtxMutexDelete)
    [Anonymous Symbol]                       0x0000219c   Section        0  rtx_mutex.o(.text.svcRtxMutexDelete)
    svcRtxMutexNew                           0x00002251   Thumb Code   112  rtx_mutex.o(.text.svcRtxMutexNew)
    [Anonymous Symbol]                       0x00002250   Section        0  rtx_mutex.o(.text.svcRtxMutexNew)
    __arm_cp.8_0                             0x000022bc   Number         4  rtx_mutex.o(.text.svcRtxMutexNew)
    svcRtxMutexRelease                       0x000022c1   Thumb Code   188  rtx_mutex.o(.text.svcRtxMutexRelease)
    [Anonymous Symbol]                       0x000022c0   Section        0  rtx_mutex.o(.text.svcRtxMutexRelease)
    __arm_cp.11_0                            0x00002378   Number         4  rtx_mutex.o(.text.svcRtxMutexRelease)
    svcRtxThreadExit                         0x0000237d   Thumb Code   108  rtx_thread.o(.text.svcRtxThreadExit)
    [Anonymous Symbol]                       0x0000237c   Section        0  rtx_thread.o(.text.svcRtxThreadExit)
    __arm_cp.55_0                            0x000023e4   Number         4  rtx_thread.o(.text.svcRtxThreadExit)
    svcRtxThreadNew                          0x000023e9   Thumb Code   516  rtx_thread.o(.text.svcRtxThreadNew)
    [Anonymous Symbol]                       0x000023e8   Section        0  rtx_thread.o(.text.svcRtxThreadNew)
    __arm_cp.17_0                            0x000025d4   Number         4  rtx_thread.o(.text.svcRtxThreadNew)
    __arm_cp.17_1                            0x000025d8   Number         4  rtx_thread.o(.text.svcRtxThreadNew)
    __arm_cp.17_2                            0x000025dc   Number         4  rtx_thread.o(.text.svcRtxThreadNew)
    __arm_cp.17_3                            0x000025e0   Number         4  rtx_thread.o(.text.svcRtxThreadNew)
    __arm_cp.17_4                            0x000025e4   Number         4  rtx_thread.o(.text.svcRtxThreadNew)
    __arm_cp.17_5                            0x000025e8   Number         4  rtx_thread.o(.text.svcRtxThreadNew)
    [Anonymous Symbol]                       0x000025ec   Section        0  main.o(.text.touchThread)
    __arm_cp.1_0                             0x000026a4   Number         4  main.o(.text.touchThread)
    __arm_cp.1_1                             0x000026a8   Number         4  main.o(.text.touchThread)
    [Anonymous Symbol]                       0x000026ac   Section        0  tsi.o(.text.tsiCalibration)
    __arm_cp.0_0                             0x00002700   Number         4  tsi.o(.text.tsiCalibration)
    __arm_cp.0_1                             0x00002704   Number         4  tsi.o(.text.tsiCalibration)
    __arm_cp.0_2                             0x00002708   Number         4  tsi.o(.text.tsiCalibration)
    [Anonymous Symbol]                       0x0000270c   Section        0  main.o(.text.uToString)
    .text_divfast                            0x0000276a   Section      502  aeabi_sdivfast.o(.text_divfast)
    __tagsym$$used.4                         0x00002960   Number         0  rtx_lib.o(.rodata)
    __tagsym$$used.5                         0x000029c8   Number         0  rtx_lib.o(.rodata)
    os_idle_thread_attr                      0x00002a18   Data          36  rtx_lib.o(.rodata.os_idle_thread_attr)
    [Anonymous Symbol]                       0x00002a18   Section        0  rtx_lib.o(.rodata.os_idle_thread_attr)
    os_timer_mq_attr                         0x00002a3c   Data          24  rtx_lib.o(.rodata.os_timer_mq_attr)
    [Anonymous Symbol]                       0x00002a3c   Section        0  rtx_lib.o(.rodata.os_timer_mq_attr)
    os_timer_thread_attr                     0x00002a54   Data          36  rtx_lib.o(.rodata.os_timer_thread_attr)
    [Anonymous Symbol]                       0x00002a54   Section        0  rtx_lib.o(.rodata.os_timer_thread_attr)
    .L.str                                   0x00002a78   Data          11  rtx_kernel.o(.rodata.str1.4)
    [Anonymous Symbol]                       0x00002a78   Section        0  rtx_kernel.o(.rodata.str1.4)
    .bss                                     0x1ffff0b8   Section       96  libspace.o(.bss)
    PendST                                   0x1ffff11c   Data           1  os_systick.o(.bss.PendST)
    [Anonymous Symbol]                       0x1ffff11c   Section        0  os_systick.o(.bss.PendST)
    os_isr_queue                             0x1ffff180   Data          64  rtx_lib.o(.bss.os)
    [Anonymous Symbol]                       0x1ffff180   Section        0  rtx_lib.o(.bss.os)
    os_mem                                   0x1ffff1c0   Data        4096  rtx_lib.o(.bss.os)
    os_timer_mq_cb                           0x200001c0   Data          52  rtx_lib.o(.bss.os.msgqueue.cb)
    [Anonymous Symbol]                       0x200001c0   Section        0  rtx_lib.o(.bss.os.msgqueue.cb)
    os_timer_mq_data                         0x200001f4   Data          80  rtx_lib.o(.bss.os.msgqueue.mem)
    [Anonymous Symbol]                       0x200001f4   Section        0  rtx_lib.o(.bss.os.msgqueue.mem)
    os_idle_thread_cb                        0x20000244   Data          68  rtx_lib.o(.bss.os.thread.cb)
    [Anonymous Symbol]                       0x20000244   Section        0  rtx_lib.o(.bss.os.thread.cb)
    os_timer_thread_cb                       0x20000288   Data          68  rtx_lib.o(.bss.os.thread.cb)
    os_idle_thread_stack                     0x200002d0   Data         256  rtx_lib.o(.bss.os.thread.stack)
    [Anonymous Symbol]                       0x200002d0   Section        0  rtx_lib.o(.bss.os.thread.stack)
    os_timer_thread_stack                    0x200003d0   Data         256  rtx_lib.o(.bss.os.thread.stack)
    os_kernel_is_active.os_kernel_active     0x200004d0   Data           1  rtx_lib.o(.bss.os_kernel_is_active.os_kernel_active)
    [Anonymous Symbol]                       0x200004d0   Section        0  rtx_lib.o(.bss.os_kernel_is_active.os_kernel_active)
    Heap_Mem                                 0x200004f0   Data           0  startup_mkl25z4.o(HEAP)
    Stack_Mem                                0x200004f0   Data         256  startup_mkl25z4.o(STACK)
    HEAP                                     0x200004f0   Section        0  startup_mkl25z4.o(HEAP)
    STACK                                    0x200004f0   Section      256  startup_mkl25z4.o(STACK)
    __initial_sp                             0x200005f0   Data           0  startup_mkl25z4.o(STACK)

    Global Symbols

    Symbol Name                              Value     Ov Type        Size  Object(Section)

    BuildAttributes$$THM_ISAv3M$S$PE$A:L22$X:L11$S22$IEEE1$IW$~IW$USESV6$~STKCKD$USESV7$~SHL$OTIME$ROPI$EBA8$UX$STANDARDLIB$REQ8$PRES8$EABIv2 0x00000000   Number         0  anon$$obj.o ABSOLUTE
    __Vectors                                0x00000000   Data           4  startup_mkl25z4.o(RESET)
    .bss.os.evflags.cb$$Base                  - Undefined Weak Reference
    .bss.os.evflags.cb$$Limit                 - Undefined Weak Reference
    .bss.os.mempool.cb$$Base                  - Undefined Weak Reference
    .bss.os.mempool.cb$$Limit                 - Undefined Weak Reference
    .bss.os.mutex.cb$$Base                    - Undefined Weak Reference
    .bss.os.mutex.cb$$Limit                   - Undefined Weak Reference
    .bss.os.semaphore.cb$$Base                - Undefined Weak Reference
    .bss.os.semaphore.cb$$Limit               - Undefined Weak Reference
    .bss.os.timer.cb$$Base                    - Undefined Weak Reference
    .bss.os.timer.cb$$Limit                   - Undefined Weak Reference
    __ARM_exceptions_init                     - Undefined Weak Reference
    __alloca_initialize                       - Undefined Weak Reference
    __arm_preinit_                            - Undefined Weak Reference
    __cpp_initialize__aeabi_                  - Undefined Weak Reference
    __cxa_finalize                            - Undefined Weak Reference
    __rt_locale                               - Undefined Weak Reference
    __sigvec_lookup                           - Undefined Weak Reference
    _atexit_init                              - Undefined Weak Reference
    _call_atexit_fns                          - Undefined Weak Reference
    _clock_init                               - Undefined Weak Reference
    _fp_trap_init                             - Undefined Weak Reference
    _fp_trap_shutdown                         - Undefined Weak Reference
    _get_lc_collate                           - Undefined Weak Reference
    _get_lc_ctype                             - Undefined Weak Reference
    _get_lc_monetary                          - Undefined Weak Reference
    _get_lc_numeric                           - Undefined Weak Reference
    _get_lc_time                              - Undefined Weak Reference
    _getenv_init                              - Undefined Weak Reference
    _handle_redirection                       - Undefined Weak Reference
    _init_alloc                               - Undefined Weak Reference
    _init_user_alloc                          - Undefined Weak Reference
    _initio                                   - Undefined Weak Reference
    _rand_init                                - Undefined Weak Reference
    _signal_finish                            - Undefined Weak Reference
    _signal_init                              - Undefined Weak Reference
    _terminate_alloc                          - Undefined Weak Reference
    _terminate_user_alloc                     - Undefined Weak Reference
    _terminateio                              - Undefined Weak Reference
    __Vectors_End                            0x000000c0   Data           0  startup_mkl25z4.o(RESET)
    __Vectors_Size                           0x000000c0   Number         0  startup_mkl25z4.o ABSOLUTE
    __main                                   0x000000c1   Thumb Code     8  __main.o(!!!main)
    __scatterload                            0x000000c9   Thumb Code     0  __scatter.o(!!!scatter)
    __scatterload_rt2                        0x000000c9   Thumb Code    52  __scatter.o(!!!scatter)
    __scatterload_rt2_thumb_only             0x000000c9   Thumb Code     0  __scatter.o(!!!scatter)
    __scatterload_null                       0x000000d9   Thumb Code     0  __scatter.o(!!!scatter)
    __scatterload_copy                       0x00000105   Thumb Code    26  __scatter_copy.o(!!handler_copy)
    __scatterload_zeroinit                   0x00000121   Thumb Code    28  __scatter_zi.o(!!handler_zi)
    __rt_lib_init                            0x0000013d   Thumb Code     0  libinit.o(.ARM.Collect$$libinit$$00000000)
    __rt_lib_init_alloca_1                   0x0000013f   Thumb Code     0  libinit2.o(.ARM.Collect$$libinit$$0000002E)
    __rt_lib_init_argv_1                     0x0000013f   Thumb Code     0  libinit2.o(.ARM.Collect$$libinit$$0000002C)
    __rt_lib_init_atexit_1                   0x0000013f   Thumb Code     0  libinit2.o(.ARM.Collect$$libinit$$0000001B)
    __rt_lib_init_clock_1                    0x0000013f   Thumb Code     0  libinit2.o(.ARM.Collect$$libinit$$00000021)
    __rt_lib_init_cpp_1                      0x0000013f   Thumb Code     0  libinit2.o(.ARM.Collect$$libinit$$00000032)
    __rt_lib_init_exceptions_1               0x0000013f   Thumb Code     0  libinit2.o(.ARM.Collect$$libinit$$00000030)
    __rt_lib_init_fp_1                       0x0000013f   Thumb Code     0  libinit2.o(.ARM.Collect$$libinit$$00000002)
    __rt_lib_init_fp_trap_1                  0x0000013f   Thumb Code     0  libinit2.o(.ARM.Collect$$libinit$$0000001F)
    __rt_lib_init_getenv_1                   0x0000013f   Thumb Code     0  libinit2.o(.ARM.Collect$$libinit$$00000023)
    __rt_lib_init_heap_1                     0x0000013f   Thumb Code     0  libinit2.o(.ARM.Collect$$libinit$$0000000A)
    __rt_lib_init_lc_collate_1               0x0000013f   Thumb Code     0  libinit2.o(.ARM.Collect$$libinit$$00000011)
    __rt_lib_init_lc_ctype_1                 0x0000013f   Thumb Code     0  libinit2.o(.ARM.Collect$$libinit$$00000013)
    __rt_lib_init_lc_monetary_1              0x0000013f   Thumb Code     0  libinit2.o(.ARM.Collect$$libinit$$00000015)
    __rt_lib_init_lc_numeric_1               0x0000013f   Thumb Code     0  libinit2.o(.ARM.Collect$$libinit$$00000017)
    __rt_lib_init_lc_time_1                  0x0000013f   Thumb Code     0  libinit2.o(.ARM.Collect$$libinit$$00000019)
    __rt_lib_init_preinit_1                  0x0000013f   Thumb Code     0  libinit2.o(.ARM.Collect$$libinit$$00000004)
    __rt_lib_init_rand_1                     0x0000013f   Thumb Code     0  libinit2.o(.ARM.Collect$$libinit$$0000000E)
    __rt_lib_init_return                     0x0000013f   Thumb Code     0  libinit2.o(.ARM.Collect$$libinit$$00000033)
    __rt_lib_init_signal_1                   0x0000013f   Thumb Code     0  libinit2.o(.ARM.Collect$$libinit$$0000001D)
    __rt_lib_init_stdio_1                    0x0000013f   Thumb Code     0  libinit2.o(.ARM.Collect$$libinit$$00000025)
    __rt_lib_init_user_alloc_1               0x0000013f   Thumb Code     0  libinit2.o(.ARM.Collect$$libinit$$0000000C)
    __rt_lib_shutdown                        0x00000141   Thumb Code     0  libshutdown.o(.ARM.Collect$$libshutdown$$00000000)
    __rt_lib_shutdown_cpp_1                  0x00000143   Thumb Code     0  libshutdown2.o(.ARM.Collect$$libshutdown$$00000002)
    __rt_lib_shutdown_fp_trap_1              0x00000143   Thumb Code     0  libshutdown2.o(.ARM.Collect$$libshutdown$$00000007)
    __rt_lib_shutdown_heap_1                 0x00000143   Thumb Code     0  libshutdown2.o(.ARM.Collect$$libshutdown$$0000000F)
    __rt_lib_shutdown_return                 0x00000143   Thumb Code     0  libshutdown2.o(.ARM.Collect$$libshutdown$$00000010)
    __rt_lib_shutdown_signal_1               0x00000143   Thumb Code     0  libshutdown2.o(.ARM.Collect$$libshutdown$$0000000A)
    __rt_lib_shutdown_stdio_1                0x00000143   Thumb Code     0  libshutdown2.o(.ARM.Collect$$libshutdown$$00000004)
    __rt_lib_shutdown_user_alloc_1           0x00000143   Thumb Code     0  libshutdown2.o(.ARM.Collect$$libshutdown$$0000000C)
    __rt_entry                               0x00000145   Thumb Code     0  __rtentry.o(.ARM.Collect$$rtentry$$00000000)
    __rt_entry_presh_1                       0x00000145   Thumb Code     0  __rtentry2.o(.ARM.Collect$$rtentry$$00000002)
    __rt_entry_sh                            0x00000145   Thumb Code     0  __rtentry4.o(.ARM.Collect$$rtentry$$00000004)
    __rt_entry_postsh_1                      0x0000014b   Thumb Code     0  __rtentry2.o(.ARM.Collect$$rtentry$$00000008)
    __rt_entry_li                            0x00000153   Thumb Code     0  __rtentry2.o(.ARM.Collect$$rtentry$$0000000A)
    __rt_entry_main                          0x00000157   Thumb Code     0  __rtentry2.o(.ARM.Collect$$rtentry$$0000000D)
    __rt_entry_postli_1                      0x00000157   Thumb Code     0  __rtentry2.o(.ARM.Collect$$rtentry$$0000000C)
    __rt_exit                                0x0000015f   Thumb Code     0  rtexit.o(.ARM.Collect$$rtexit$$00000000)
    __rt_exit_ls                             0x00000161   Thumb Code     0  rtexit2.o(.ARM.Collect$$rtexit$$00000003)
    __rt_exit_prels_1                        0x00000161   Thumb Code     0  rtexit2.o(.ARM.Collect$$rtexit$$00000002)
    __rt_exit_exit                           0x00000165   Thumb Code     0  rtexit2.o(.ARM.Collect$$rtexit$$00000004)
    __aeabi_memcpy4                          0x0000016d   Thumb Code    56  rt_memcpy.o(.emb_text)
    __aeabi_memcpy8                          0x0000016d   Thumb Code     0  rt_memcpy.o(.emb_text)
    Reset_Handler                            0x000001a5   Thumb Code    12  startup_mkl25z4.o(.text)
    NMI_Handler                              0x000001b1   Thumb Code     2  startup_mkl25z4.o(.text)
    HardFault_Handler                        0x000001b3   Thumb Code     2  startup_mkl25z4.o(.text)
    ADC0_IRQHandler                          0x000001bb   Thumb Code     0  startup_mkl25z4.o(.text)
    CMP0_IRQHandler                          0x000001bb   Thumb Code     0  startup_mkl25z4.o(.text)
    DAC0_IRQHandler                          0x000001bb   Thumb Code     0  startup_mkl25z4.o(.text)
    DMA0_IRQHandler                          0x000001bb   Thumb Code     0  startup_mkl25z4.o(.text)
    DMA1_IRQHandler                          0x000001bb   Thumb Code     0  startup_mkl25z4.o(.text)
    DMA2_IRQHandler                          0x000001bb   Thumb Code     0  startup_mkl25z4.o(.text)
    DMA3_IRQHandler                          0x000001bb   Thumb Code     0  startup_mkl25z4.o(.text)
    DefaultISR                               0x000001bb   Thumb Code     0  startup_mkl25z4.o(.text)
    FTFA_IRQHandler                          0x000001bb   Thumb Code     0  startup_mkl25z4.o(.text)
    I2C0_IRQHandler                          0x000001bb   Thumb Code     0  startup_mkl25z4.o(.text)
    I2C1_IRQHandler                          0x000001bb   Thumb Code     0  startup_mkl25z4.o(.text)
    LLWU_IRQHandler                          0x000001bb   Thumb Code     0  startup_mkl25z4.o(.text)
    LPTMR0_IRQHandler                        0x000001bb   Thumb Code     0  startup_mkl25z4.o(.text)
    LVD_LVW_IRQHandler                       0x000001bb   Thumb Code     0  startup_mkl25z4.o(.text)
    MCG_IRQHandler                           0x000001bb   Thumb Code     0  startup_mkl25z4.o(.text)
    PIT_IRQHandler                           0x000001bb   Thumb Code     0  startup_mkl25z4.o(.text)
    PORTA_IRQHandler                         0x000001bb   Thumb Code     0  startup_mkl25z4.o(.text)
    PORTD_IRQHandler                         0x000001bb   Thumb Code     0  startup_mkl25z4.o(.text)
    RTC_IRQHandler                           0x000001bb   Thumb Code     0  startup_mkl25z4.o(.text)
    RTC_Seconds_IRQHandler                   0x000001bb   Thumb Code     0  startup_mkl25z4.o(.text)
    Reserved20_IRQHandler                    0x000001bb   Thumb Code     0  startup_mkl25z4.o(.text)
    Reserved39_IRQHandler                    0x000001bb   Thumb Code     0  startup_mkl25z4.o(.text)
    Reserved45_IRQHandler                    0x000001bb   Thumb Code     0  startup_mkl25z4.o(.text)
    SPI0_IRQHandler                          0x000001bb   Thumb Code     0  startup_mkl25z4.o(.text)
    SPI1_IRQHandler                          0x000001bb   Thumb Code     0  startup_mkl25z4.o(.text)
    TPM0_IRQHandler                          0x000001bb   Thumb Code     0  startup_mkl25z4.o(.text)
    TPM1_IRQHandler                          0x000001bb   Thumb Code     0  startup_mkl25z4.o(.text)
    TPM2_IRQHandler                          0x000001bb   Thumb Code     0  startup_mkl25z4.o(.text)
    UART1_IRQHandler                         0x000001bb   Thumb Code     0  startup_mkl25z4.o(.text)
    UART2_IRQHandler                         0x000001bb   Thumb Code     0  startup_mkl25z4.o(.text)
    USB0_IRQHandler                          0x000001bb   Thumb Code     0  startup_mkl25z4.o(.text)
    __user_initial_stackheap                 0x000001c1   Thumb Code     0  startup_mkl25z4.o(.text)
    SVC_Handler                              0x000001e5   Thumb Code   132  irq_cm0.o(.text)
    PendSV_Handler                           0x00000269   Thumb Code    12  irq_cm0.o(.text)
    SysTick_Handler                          0x00000275   Thumb Code    12  irq_cm0.o(.text)
    __aeabi_memcpy                           0x00000289   Thumb Code   130  rt_memcpy.o(.text)
    __rt_memcpy                              0x00000289   Thumb Code     0  rt_memcpy.o(.text)
    _memset_w                                0x0000030b   Thumb Code    26  rt_memclr.o(.text)
    _memset                                  0x00000325   Thumb Code    30  rt_memclr.o(.text)
    __aeabi_memclr                           0x00000343   Thumb Code     4  rt_memclr.o(.text)
    __rt_memclr                              0x00000343   Thumb Code     0  rt_memclr.o(.text)
    __aeabi_memclr4                          0x00000347   Thumb Code     0  rt_memclr.o(.text)
    __aeabi_memclr8                          0x00000347   Thumb Code     0  rt_memclr.o(.text)
    __rt_memclr_w                            0x00000347   Thumb Code     4  rt_memclr.o(.text)
    __use_two_region_memory                  0x0000034b   Thumb Code     2  heapauxi.o(.text)
    __rt_heap_escrow$2region                 0x0000034d   Thumb Code     2  heapauxi.o(.text)
    __rt_heap_expand$2region                 0x0000034f   Thumb Code     2  heapauxi.o(.text)
    __user_setup_stackheap                   0x00000351   Thumb Code    62  sys_stackheap_outer.o(.text)
    exit                                     0x0000038f   Thumb Code    16  exit.o(.text)
    __user_libspace                          0x000003a1   Thumb Code     8  libspace.o(.text)
    __user_perproc_libspace                  0x000003a1   Thumb Code     0  libspace.o(.text)
    _sys_exit                                0x000003a9   Thumb Code     8  sys_exit.o(.text)
    __I$use$semihosting                      0x000003b5   Thumb Code     0  use_no_semi.o(.text)
    __use_no_semihosting_swi                 0x000003b5   Thumb Code     2  use_no_semi.o(.text)
    __semihosting_library_function           0x000003b7   Thumb Code     0  indicate_semi.o(.text)
    OS_Tick_AcknowledgeIRQ                   0x000004ed   Thumb Code     8  os_systick.o(.text.OS_Tick_AcknowledgeIRQ)
    OS_Tick_Enable                           0x000004f5   Thumb Code    36  os_systick.o(.text.OS_Tick_Enable)
    OS_Tick_GetIRQn                          0x00000519   Thumb Code     6  os_systick.o(.text.OS_Tick_GetIRQn)
    OS_Tick_Setup                            0x00000521   Thumb Code    72  os_systick.o(.text.OS_Tick_Setup)
    SystemCoreClockUpdate                    0x00000569   Thumb Code   268  system_mkl25z4.o(.text.SystemCoreClockUpdate)
    SystemInit                               0x00000675   Thumb Code    12  system_mkl25z4.o(.text.SystemInit)
    TSI0_IRQHandler                          0x00000681   Thumb Code   124  tsi.o(.text.TSI0_IRQHandler)
    TSI_init                                 0x000006fd   Thumb Code   112  tsi.o(.text.TSI_init)
    UART0_IRQHandler                         0x00000815   Thumb Code   108  serialport.o(.text.UART0_IRQHandler)
    _mutex_acquire                           0x000008dd   Thumb Code    24  rtx_lib.o(.text._mutex_acquire)
    _mutex_free                              0x000008f5   Thumb Code    10  rtx_lib.o(.text._mutex_free)
    _mutex_initialize                        0x000008ff   Thumb Code    36  rtx_lib.o(.text._mutex_initialize)
    _mutex_release                           0x00000923   Thumb Code    20  rtx_lib.o(.text._mutex_release)
    _platform_post_stackheap_init            0x00000937   Thumb Code     8  rtx_lib.o(.text._platform_post_stackheap_init)
    configureLEDforPWM                       0x00000941   Thumb Code    80  tricolorledpwm.o(.text.configureLEDforPWM)
    configureTPM0forPWM                      0x00000991   Thumb Code    72  tpm_pwm.o(.text.configureTPM0forPWM)
    configureTPM2forPWM                      0x000009d9   Thumb Code    80  tpm_pwm.o(.text.configureTPM2forPWM)
    configureTPMClock                        0x00000a29   Thumb Code    24  tpm_pwm.o(.text.configureTPMClock)
    getNextChar                              0x00000a41   Thumb Code    80  serialport.o(.text.getNextChar)
    initReadReq                              0x00000a91   Thumb Code    28  serialport.o(.text.initReadReq)
    initSendMsg                              0x00000aad   Thumb Code    16  serialport.o(.text.initSendMsg)
    initSerialPort                           0x00000abd   Thumb Code    12  serialport.o(.text.initSerialPort)
    init_UART0                               0x00000ac9   Thumb Code   144  serialport.o(.text.init_UART0)
    main                                     0x00000b59   Thumb Code   144  main.o(.text.main)
    osDelay                                  0x00000be9   Thumb Code    40  rtx_delay.o(.text.osDelay)
    osEventFlagsNew                          0x00000c11   Thumb Code    36  rtx_evflags.o(.text.osEventFlagsNew)
    osEventFlagsSet                          0x00000c35   Thumb Code    80  rtx_evflags.o(.text.osEventFlagsSet)
    osEventFlagsWait                         0x00000c85   Thumb Code    68  rtx_evflags.o(.text.osEventFlagsWait)
    osKernelGetState                         0x00000cc9   Thumb Code    48  rtx_kernel.o(.text.osKernelGetState)
    osKernelInitialize                       0x00000cf9   Thumb Code    40  rtx_kernel.o(.text.osKernelInitialize)
    osKernelStart                            0x00000d21   Thumb Code    36  rtx_kernel.o(.text.osKernelStart)
    osMessageQueueGet                        0x00000d45   Thumb Code   116  rtx_msgqueue.o(.text.osMessageQueueGet)
    osMessageQueueNew                        0x00000db9   Thumb Code    36  rtx_msgqueue.o(.text.osMessageQueueNew)
    osMessageQueuePut                        0x00000ddd   Thumb Code   116  rtx_msgqueue.o(.text.osMessageQueuePut)
    osMutexAcquire                           0x00000e51   Thumb Code    40  rtx_mutex.o(.text.osMutexAcquire)
    osMutexDelete                            0x00000e79   Thumb Code    40  rtx_mutex.o(.text.osMutexDelete)
    osMutexNew                               0x00000ea1   Thumb Code    36  rtx_mutex.o(.text.osMutexNew)
    osMutexRelease                           0x00000ec5   Thumb Code    40  rtx_mutex.o(.text.osMutexRelease)
    osRtxErrorNotify                         0x00000eed   Thumb Code     2  rtx_config.o(.text.osRtxErrorNotify)
    osRtxIdleThread                          0x00000f23   Thumb Code     2  rtx_config.o(.text.osRtxIdleThread)
    osRtxKernelPreInit                       0x00000f25   Thumb Code     2  rtx_kernel.o(.text.osRtxKernelPreInit)
    osRtxMemoryAlloc                         0x00000f27   Thumb Code   122  rtx_memory.o(.text.osRtxMemoryAlloc)
    osRtxMemoryFree                          0x00000fa1   Thumb Code    78  rtx_memory.o(.text.osRtxMemoryFree)
    osRtxMemoryInit                          0x00000fef   Thumb Code    48  rtx_memory.o(.text.osRtxMemoryInit)
    osRtxMemoryPoolAlloc                     0x0000101f   Thumb Code    46  rtx_mempool.o(.text.osRtxMemoryPoolAlloc)
    osRtxMemoryPoolFree                      0x0000104d   Thumb Code    58  rtx_mempool.o(.text.osRtxMemoryPoolFree)
    osRtxMemoryPoolInit                      0x00001087   Thumb Code    60  rtx_mempool.o(.text.osRtxMemoryPoolInit)
    osRtxMutexOwnerRelease                   0x0000117f   Thumb Code    68  rtx_mutex.o(.text.osRtxMutexOwnerRelease)
    osRtxMutexOwnerRestore                   0x000011c3   Thumb Code    64  rtx_mutex.o(.text.osRtxMutexOwnerRestore)
    osRtxPendSV_Handler                      0x00001205   Thumb Code   128  rtx_system.o(.text.osRtxPendSV_Handler)
    osRtxPostProcess                         0x00001285   Thumb Code   108  rtx_system.o(.text.osRtxPostProcess)
    osRtxThreadDelayTick                     0x000013dd   Thumb Code    80  rtx_thread.o(.text.osRtxThreadDelayTick)
    osRtxThreadDispatch                      0x0000142d   Thumb Code    76  rtx_thread.o(.text.osRtxThreadDispatch)
    osRtxThreadListGet                       0x000014c9   Thumb Code    20  rtx_thread.o(.text.osRtxThreadListGet)
    osRtxThreadListPut                       0x000014dd   Thumb Code    44  rtx_thread.o(.text.osRtxThreadListPut)
    osRtxThreadListRemove                    0x00001509   Thumb Code    24  rtx_thread.o(.text.osRtxThreadListRemove)
    osRtxThreadListSort                      0x0000152d   Thumb Code    36  rtx_thread.o(.text.osRtxThreadListSort)
    osRtxThreadReadyPut                      0x00001579   Thumb Code    20  rtx_thread.o(.text.osRtxThreadReadyPut)
    osRtxThreadRegPtr                        0x0000158d   Thumb Code     6  rtx_thread.o(.text.osRtxThreadRegPtr)
    osRtxThreadStackCheck                    0x00001595   Thumb Code    44  rtx_thread.o(.text.osRtxThreadStackCheck)
    osRtxThreadStartup                       0x000015c1   Thumb Code    56  rtx_thread.o(.text.osRtxThreadStartup)
    osRtxThreadSwitch                        0x000015f9   Thumb Code    16  rtx_thread.o(.text.osRtxThreadSwitch)
    osRtxThreadWaitEnter                     0x00001609   Thumb Code    60  rtx_thread.o(.text.osRtxThreadWaitEnter)
    osRtxThreadWaitExit                      0x00001645   Thumb Code    34  rtx_thread.o(.text.osRtxThreadWaitExit)
    osRtxTick_Handler                        0x00001669   Thumb Code   116  rtx_system.o(.text.osRtxTick_Handler)
    osRtxTimerThread                         0x000016dd   Thumb Code    60  rtx_timer.o(.text.osRtxTimerThread)
    osThreadExit                             0x00001779   Thumb Code    12  rtx_thread.o(.text.osThreadExit)
    osThreadNew                              0x00001785   Thumb Code    36  rtx_thread.o(.text.osThreadNew)
    readTSIDistance                          0x000017c9   Thumb Code   120  tsi.o(.text.readTSIDistance)
    removeMsg                                0x00001841   Thumb Code    28  serialport.o(.text.removeMsg)
    respondThread                            0x0000185d   Thumb Code   316  main.o(.text.respondThread)
    sendMsg                                  0x00001999   Thumb Code    84  serialport.o(.text.sendMsg)
    setLEDBrightness                         0x000019ed   Thumb Code    56  tpm_pwm.o(.text.setLEDBrightness)
    setNextChar                              0x00001a25   Thumb Code    60  serialport.o(.text.setNextChar)
    touchThread                              0x000025ed   Thumb Code   192  main.o(.text.touchThread)
    tsiCalibration                           0x000026ad   Thumb Code    96  tsi.o(.text.tsiCalibration)
    uToString                                0x0000270d   Thumb Code    94  main.o(.text.uToString)
    __aeabi_uidiv                            0x0000276b   Thumb Code    68  aeabi_sdivfast.o(.text_divfast)
    __aeabi_idiv                             0x000027af   Thumb Code   434  aeabi_sdivfast.o(.text_divfast)
    osRtxConfig                              0x00002960   Data         104  rtx_lib.o(.rodata)
    os_cb_sections                           0x000029c8   Data          56  rtx_lib.o(.rodata)
    duty                                     0x00002a00   Data          16  tpm_pwm.o(.rodata.duty)
    elec_array                               0x00002a10   Data           2  tsi.o(.rodata.elec_array)
    osRtxUserSVC                             0x00002a14   Data           4  rtx_lib.o(.rodata.osRtxUserSVC)
    Region$$Table$$Base                      0x00002a84   Number         0  anon$$obj.o(Region$$Table)
    Region$$Table$$Limit                     0x00002aa4   Number         0  anon$$obj.o(Region$$Table)
    SystemCoreClock                          0x1ffff000   Data           4  system_mkl25z4.o(.data.SystemCoreClock)
    distStr                                  0x1ffff004   Data          11  main.o(.data.distStr)
    end_flag                                 0x1ffff00f   Data           1  tsi.o(.data.end_flag)
    osRtxInfo                                0x1ffff010   Data         164  rtx_kernel.o(.data.os)
    __libspace_start                         0x1ffff0b8   Data          96  libspace.o(.bss)
    AbsoluteDistancePosition                 0x1ffff118   Data           4  tsi.o(.bss.AbsoluteDistancePosition)
    __temporary_stack_top$libspace           0x1ffff118   Data           0  libspace.o(.bss)
    SliderDistancePosition                   0x1ffff11d   Data           2  tsi.o(.bss.SliderDistancePosition)
    gu16Baseline                             0x1ffff120   Data           4  tsi.o(.bss.gu16Baseline)
    gu16Delta                                0x1ffff124   Data           4  tsi.o(.bss.gu16Delta)
    gu16TSICount                             0x1ffff128   Data           4  tsi.o(.bss.gu16TSICount)
    msgQueue                                 0x1ffff12c   Data          76  serialport.o(.bss.msgQueue)
    ongoing_elec                             0x1ffff178   Data           1  tsi.o(.bss.ongoing_elec)
    .bss.os.msgqueue.cb$$Base                0x200001c0   Number         0  rtx_lib.o(.bss.os.msgqueue.cb)
    .bss.os.msgqueue.cb$$Limit               0x200001f4   Number         0  rtx_lib.o(.bss.os.msgqueue.cb)
    .bss.os.thread.cb$$Base                  0x20000244   Number         0  rtx_lib.o(.bss.os.thread.cb)
    .bss.os.thread.cb$$Limit                 0x200002cc   Number         0  rtx_lib.o(.bss.os.thread.cb)
    readFlags                                0x200004d4   Data           4  serialport.o(.bss.readFlags)
    readReq                                  0x200004d8   Data          12  serialport.o(.bss.readReq)
    t_respond                                0x200004e4   Data           4  main.o(.bss.t_respond)
    t_touch                                  0x200004e8   Data           4  main.o(.bss.t_touch)
    touchEvtFlags                            0x200004ec   Data           4  main.o(.bss.touchEvtFlags)



==============================================================================

Memory Map of the image

  Image Entry point : 0x000001a5

  Load Region LR_1 (Base: 0x00000000, Size: 0x00002b58, Max: 0xffffffff, ABSOLUTE)

    Execution Region ER_RO (Exec base: 0x00000000, Load base: 0x00000000, Size: 0x00002aa4, Max: 0xffffffff, ABSOLUTE)

    Exec Addr    Load Addr    Size         Type   Attr      Idx    E Section Name        Object

    0x00000000   0x00000000   0x000000c0   Data   RO          181    RESET               startup_mkl25z4.o
    0x000000c0   0x000000c0   0x00000008   Code   RO          731  * !!!main             c_p.l(__main.o)
    0x000000c8   0x000000c8   0x0000003c   Code   RO          904    !!!scatter          c_p.l(__scatter.o)
    0x00000104   0x00000104   0x0000001a   Code   RO          906    !!handler_copy      c_p.l(__scatter_copy.o)
    0x0000011e   0x0000011e   0x00000002   PAD
    0x00000120   0x00000120   0x0000001c   Code   RO          908    !!handler_zi        c_p.l(__scatter_zi.o)
    0x0000013c   0x0000013c   0x00000002   Code   RO          767    .ARM.Collect$$libinit$$00000000  c_p.l(libinit.o)
    0x0000013e   0x0000013e   0x00000000   Code   RO          781    .ARM.Collect$$libinit$$00000002  c_p.l(libinit2.o)
    0x0000013e   0x0000013e   0x00000000   Code   RO          783    .ARM.Collect$$libinit$$00000004  c_p.l(libinit2.o)
    0x0000013e   0x0000013e   0x00000000   Code   RO          786    .ARM.Collect$$libinit$$0000000A  c_p.l(libinit2.o)
    0x0000013e   0x0000013e   0x00000000   Code   RO          788    .ARM.Collect$$libinit$$0000000C  c_p.l(libinit2.o)
    0x0000013e   0x0000013e   0x00000000   Code   RO          790    .ARM.Collect$$libinit$$0000000E  c_p.l(libinit2.o)
    0x0000013e   0x0000013e   0x00000000   Code   RO          793    .ARM.Collect$$libinit$$00000011  c_p.l(libinit2.o)
    0x0000013e   0x0000013e   0x00000000   Code   RO          795    .ARM.Collect$$libinit$$00000013  c_p.l(libinit2.o)
    0x0000013e   0x0000013e   0x00000000   Code   RO          797    .ARM.Collect$$libinit$$00000015  c_p.l(libinit2.o)
    0x0000013e   0x0000013e   0x00000000   Code   RO          799    .ARM.Collect$$libinit$$00000017  c_p.l(libinit2.o)
    0x0000013e   0x0000013e   0x00000000   Code   RO          801    .ARM.Collect$$libinit$$00000019  c_p.l(libinit2.o)
    0x0000013e   0x0000013e   0x00000000   Code   RO          803    .ARM.Collect$$libinit$$0000001B  c_p.l(libinit2.o)
    0x0000013e   0x0000013e   0x00000000   Code   RO          805    .ARM.Collect$$libinit$$0000001D  c_p.l(libinit2.o)
    0x0000013e   0x0000013e   0x00000000   Code   RO          807    .ARM.Collect$$libinit$$0000001F  c_p.l(libinit2.o)
    0x0000013e   0x0000013e   0x00000000   Code   RO          809    .ARM.Collect$$libinit$$00000021  c_p.l(libinit2.o)
    0x0000013e   0x0000013e   0x00000000   Code   RO          811    .ARM.Collect$$libinit$$00000023  c_p.l(libinit2.o)
    0x0000013e   0x0000013e   0x00000000   Code   RO          813    .ARM.Collect$$libinit$$00000025  c_p.l(libinit2.o)
    0x0000013e   0x0000013e   0x00000000   Code   RO          817    .ARM.Collect$$libinit$$0000002C  c_p.l(libinit2.o)
    0x0000013e   0x0000013e   0x00000000   Code   RO          819    .ARM.Collect$$libinit$$0000002E  c_p.l(libinit2.o)
    0x0000013e   0x0000013e   0x00000000   Code   RO          821    .ARM.Collect$$libinit$$00000030  c_p.l(libinit2.o)
    0x0000013e   0x0000013e   0x00000000   Code   RO          823    .ARM.Collect$$libinit$$00000032  c_p.l(libinit2.o)
    0x0000013e   0x0000013e   0x00000002   Code   RO          824    .ARM.Collect$$libinit$$00000033  c_p.l(libinit2.o)
    0x00000140   0x00000140   0x00000002   Code   RO          859    .ARM.Collect$$libshutdown$$00000000  c_p.l(libshutdown.o)
    0x00000142   0x00000142   0x00000000   Code   RO          887    .ARM.Collect$$libshutdown$$00000002  c_p.l(libshutdown2.o)
    0x00000142   0x00000142   0x00000000   Code   RO          889    .ARM.Collect$$libshutdown$$00000004  c_p.l(libshutdown2.o)
    0x00000142   0x00000142   0x00000000   Code   RO          892    .ARM.Collect$$libshutdown$$00000007  c_p.l(libshutdown2.o)
    0x00000142   0x00000142   0x00000000   Code   RO          895    .ARM.Collect$$libshutdown$$0000000A  c_p.l(libshutdown2.o)
    0x00000142   0x00000142   0x00000000   Code   RO          897    .ARM.Collect$$libshutdown$$0000000C  c_p.l(libshutdown2.o)
    0x00000142   0x00000142   0x00000000   Code   RO          900    .ARM.Collect$$libshutdown$$0000000F  c_p.l(libshutdown2.o)
    0x00000142   0x00000142   0x00000002   Code   RO          901    .ARM.Collect$$libshutdown$$00000010  c_p.l(libshutdown2.o)
    0x00000144   0x00000144   0x00000000   Code   RO          733    .ARM.Collect$$rtentry$$00000000  c_p.l(__rtentry.o)
    0x00000144   0x00000144   0x00000000   Code   RO          739    .ARM.Collect$$rtentry$$00000002  c_p.l(__rtentry2.o)
    0x00000144   0x00000144   0x00000006   Code   RO          751    .ARM.Collect$$rtentry$$00000004  c_p.l(__rtentry4.o)
    0x0000014a   0x0000014a   0x00000008   Code   RO          740    .ARM.Collect$$rtentry$$00000008  c_p.l(__rtentry2.o)
    0x00000152   0x00000152   0x00000004   Code   RO          742    .ARM.Collect$$rtentry$$0000000A  c_p.l(__rtentry2.o)
    0x00000156   0x00000156   0x00000000   Code   RO          744    .ARM.Collect$$rtentry$$0000000C  c_p.l(__rtentry2.o)
    0x00000156   0x00000156   0x00000008   Code   RO          745    .ARM.Collect$$rtentry$$0000000D  c_p.l(__rtentry2.o)
    0x0000015e   0x0000015e   0x00000002   Code   RO          772    .ARM.Collect$$rtexit$$00000000  c_p.l(rtexit.o)
    0x00000160   0x00000160   0x00000000   Code   RO          830    .ARM.Collect$$rtexit$$00000002  c_p.l(rtexit2.o)
    0x00000160   0x00000160   0x00000004   Code   RO          831    .ARM.Collect$$rtexit$$00000003  c_p.l(rtexit2.o)
    0x00000164   0x00000164   0x00000006   Code   RO          832    .ARM.Collect$$rtexit$$00000004  c_p.l(rtexit2.o)
    0x0000016a   0x0000016a   0x00000002   PAD
    0x0000016c   0x0000016c   0x00000038   Code   RO          715    .emb_text           c_p.l(rt_memcpy.o)
    0x000001a4   0x000001a4   0x00000040   Code   RO          183  * .text               startup_mkl25z4.o
    0x000001e4   0x000001e4   0x000000a4   Code   RO          500    .text               RTX_CM0.lib(irq_cm0.o)
    0x00000288   0x00000288   0x00000082   Code   RO          716    .text               c_p.l(rt_memcpy.o)
    0x0000030a   0x0000030a   0x00000040   Code   RO          719    .text               c_p.l(rt_memclr.o)
    0x0000034a   0x0000034a   0x00000006   Code   RO          729    .text               c_p.l(heapauxi.o)
    0x00000350   0x00000350   0x0000003e   Code   RO          755    .text               c_p.l(sys_stackheap_outer.o)
    0x0000038e   0x0000038e   0x00000010   Code   RO          758    .text               c_p.l(exit.o)
    0x0000039e   0x0000039e   0x00000002   PAD
    0x000003a0   0x000003a0   0x00000008   Code   RO          768    .text               c_p.l(libspace.o)
    0x000003a8   0x000003a8   0x0000000c   Code   RO          825    .text               c_p.l(sys_exit.o)
    0x000003b4   0x000003b4   0x00000002   Code   RO          848    .text               c_p.l(use_no_semi.o)
    0x000003b6   0x000003b6   0x00000000   Code   RO          850    .text               c_p.l(indicate_semi.o)
    0x000003b6   0x000003b6   0x0000004a   Code   RO          697    .text.MessageQueueGet  RTX_CM0.lib(rtx_msgqueue.o)
    0x00000400   0x00000400   0x00000010   Code   RO          182    .ARM.__at_0x400     startup_mkl25z4.o
    0x00000410   0x00000410   0x0000005c   Code   RO          444    .text.EventFlagsCheck  RTX_CM0.lib(rtx_evflags.o)
    0x0000046c   0x0000046c   0x00000062   Code   RO          691    .text.MessageQueuePut  RTX_CM0.lib(rtx_msgqueue.o)
    0x000004ce   0x000004ce   0x0000001e   Code   RO          689    .text.MessageQueueRemove  RTX_CM0.lib(rtx_msgqueue.o)
    0x000004ec   0x000004ec   0x00000008   Code   RO          635    .text.OS_Tick_AcknowledgeIRQ  RTX_CM0.lib(os_systick.o)
    0x000004f4   0x000004f4   0x00000024   Code   RO          631    .text.OS_Tick_Enable  RTX_CM0.lib(os_systick.o)
    0x00000518   0x00000518   0x00000006   Code   RO          637    .text.OS_Tick_GetIRQn  RTX_CM0.lib(os_systick.o)
    0x0000051e   0x0000051e   0x00000002   PAD
    0x00000520   0x00000520   0x00000048   Code   RO          629    .text.OS_Tick_Setup  RTX_CM0.lib(os_systick.o)
    0x00000568   0x00000568   0x0000010c   Code   RO          194    .text.SystemCoreClockUpdate  system_mkl25z4.o
    0x00000674   0x00000674   0x0000000c   Code   RO          192    .text.SystemInit    system_mkl25z4.o
    0x00000680   0x00000680   0x0000007c   Code   RO           70    .text.TSI0_IRQHandler  tsi.o
    0x000006fc   0x000006fc   0x00000070   Code   RO           62    .text.TSI_init      tsi.o
    0x0000076c   0x0000076c   0x0000005c   Code   RO          352    .text.ThreadFlagsCheck  RTX_CM0.lib(rtx_thread.o)
    0x000007c8   0x000007c8   0x0000004c   Code   RO          521    .text.TimerInsert   RTX_CM0.lib(rtx_timer.o)
    0x00000814   0x00000814   0x0000006c   Code   RO           47    .text.UART0_IRQHandler  serialport.o
    0x00000880   0x00000880   0x0000000c   Code   RO           41    .text.__NVIC_ClearPendingIRQ  serialport.o
    0x0000088c   0x0000088c   0x00000010   Code   RO           66    .text.__NVIC_ClearPendingIRQ  tsi.o
    0x0000089c   0x0000089c   0x0000000c   Code   RO           43    .text.__NVIC_EnableIRQ  serialport.o
    0x000008a8   0x000008a8   0x00000010   Code   RO           68    .text.__NVIC_EnableIRQ  tsi.o
    0x000008b8   0x000008b8   0x00000010   Code   RO           39    .text.__NVIC_SetPriority  serialport.o
    0x000008c8   0x000008c8   0x00000014   Code   RO           64    .text.__NVIC_SetPriority  tsi.o
    0x000008dc   0x000008dc   0x00000018   Code   RO          141    .text._mutex_acquire  rtx_lib.o
    0x000008f4   0x000008f4   0x0000000a   Code   RO          145    .text._mutex_free   rtx_lib.o
    0x000008fe   0x000008fe   0x00000024   Code   RO          139    .text._mutex_initialize  rtx_lib.o
    0x00000922   0x00000922   0x00000014   Code   RO          143    .text._mutex_release  rtx_lib.o
    0x00000936   0x00000936   0x00000008   Code   RO          133    .text._platform_post_stackheap_init  rtx_lib.o
    0x0000093e   0x0000093e   0x00000002   PAD
    0x00000940   0x00000940   0x00000050   Code   RO          109    .text.configureLEDforPWM  tricolorledpwm.o
    0x00000990   0x00000990   0x00000048   Code   RO           93    .text.configureTPM0forPWM  tpm_pwm.o
    0x000009d8   0x000009d8   0x00000050   Code   RO           95    .text.configureTPM2forPWM  tpm_pwm.o
    0x00000a28   0x00000a28   0x00000018   Code   RO           91    .text.configureTPMClock  tpm_pwm.o
    0x00000a40   0x00000a40   0x00000050   Code   RO           29    .text.getNextChar   serialport.o
    0x00000a90   0x00000a90   0x0000001c   Code   RO           31    .text.initReadReq   serialport.o
    0x00000aac   0x00000aac   0x00000010   Code   RO           23    .text.initSendMsg   serialport.o
    0x00000abc   0x00000abc   0x0000000c   Code   RO           45    .text.initSerialPort  serialport.o
    0x00000ac8   0x00000ac8   0x00000090   Code   RO           37    .text.init_UART0    serialport.o
    0x00000b58   0x00000b58   0x00000090   Code   RO            8    .text.main          main.o
    0x00000be8   0x00000be8   0x00000028   Code   RO          405    .text.osDelay       RTX_CM0.lib(rtx_delay.o)
    0x00000c10   0x00000c10   0x00000024   Code   RO          422    .text.osEventFlagsNew  RTX_CM0.lib(rtx_evflags.o)
    0x00000c34   0x00000c34   0x00000050   Code   RO          426    .text.osEventFlagsSet  RTX_CM0.lib(rtx_evflags.o)
    0x00000c84   0x00000c84   0x00000044   Code   RO          436    .text.osEventFlagsWait  RTX_CM0.lib(rtx_evflags.o)
    0x00000cc8   0x00000cc8   0x00000030   Code   RO          213    .text.osKernelGetState  RTX_CM0.lib(rtx_kernel.o)
    0x00000cf8   0x00000cf8   0x00000028   Code   RO          207    .text.osKernelInitialize  RTX_CM0.lib(rtx_kernel.o)
    0x00000d20   0x00000d20   0x00000024   Code   RO          217    .text.osKernelStart  RTX_CM0.lib(rtx_kernel.o)
    0x00000d44   0x00000d44   0x00000074   Code   RO          663    .text.osMessageQueueGet  RTX_CM0.lib(rtx_msgqueue.o)
    0x00000db8   0x00000db8   0x00000024   Code   RO          657    .text.osMessageQueueNew  RTX_CM0.lib(rtx_msgqueue.o)
    0x00000ddc   0x00000ddc   0x00000074   Code   RO          661    .text.osMessageQueuePut  RTX_CM0.lib(rtx_msgqueue.o)
    0x00000e50   0x00000e50   0x00000028   Code   RO          471    .text.osMutexAcquire  RTX_CM0.lib(rtx_mutex.o)
    0x00000e78   0x00000e78   0x00000028   Code   RO          477    .text.osMutexDelete  RTX_CM0.lib(rtx_mutex.o)
    0x00000ea0   0x00000ea0   0x00000024   Code   RO          467    .text.osMutexNew    RTX_CM0.lib(rtx_mutex.o)
    0x00000ec4   0x00000ec4   0x00000028   Code   RO          473    .text.osMutexRelease  RTX_CM0.lib(rtx_mutex.o)
    0x00000eec   0x00000eec   0x00000002   Code   RO          170    .text.osRtxErrorNotify  rtx_config.o
    0x00000eee   0x00000eee   0x00000034   Code   RO          442    .text.osRtxEventFlagsPostProcess  RTX_CM0.lib(rtx_evflags.o)
    0x00000f22   0x00000f22   0x00000002   Code   RO          168    .text.osRtxIdleThread  rtx_config.o
    0x00000f24   0x00000f24   0x00000002   Code   RO          205    .text.osRtxKernelPreInit  RTX_CM0.lib(rtx_kernel.o)
    0x00000f26   0x00000f26   0x0000007a   Code   RO          548    .text.osRtxMemoryAlloc  RTX_CM0.lib(rtx_memory.o)
    0x00000fa0   0x00000fa0   0x0000004e   Code   RO          550    .text.osRtxMemoryFree  RTX_CM0.lib(rtx_memory.o)
    0x00000fee   0x00000fee   0x00000030   Code   RO          546    .text.osRtxMemoryInit  RTX_CM0.lib(rtx_memory.o)
    0x0000101e   0x0000101e   0x0000002e   Code   RO          563    .text.osRtxMemoryPoolAlloc  RTX_CM0.lib(rtx_mempool.o)
    0x0000104c   0x0000104c   0x0000003a   Code   RO          565    .text.osRtxMemoryPoolFree  RTX_CM0.lib(rtx_mempool.o)
    0x00001086   0x00001086   0x0000003c   Code   RO          561    .text.osRtxMemoryPoolInit  RTX_CM0.lib(rtx_mempool.o)
    0x000010c2   0x000010c2   0x000000bc   Code   RO          687    .text.osRtxMessageQueuePostProcess  RTX_CM0.lib(rtx_msgqueue.o)
    0x0000117e   0x0000117e   0x00000044   Code   RO          463    .text.osRtxMutexOwnerRelease  RTX_CM0.lib(rtx_mutex.o)
    0x000011c2   0x000011c2   0x00000040   Code   RO          465    .text.osRtxMutexOwnerRestore  RTX_CM0.lib(rtx_mutex.o)
    0x00001202   0x00001202   0x00000002   PAD
    0x00001204   0x00001204   0x00000080   Code   RO          616    .text.osRtxPendSV_Handler  RTX_CM0.lib(rtx_system.o)
    0x00001284   0x00001284   0x0000006c   Code   RO          618    .text.osRtxPostProcess  RTX_CM0.lib(rtx_system.o)
    0x000012f0   0x000012f0   0x00000034   Code   RO          292    .text.osRtxThreadBlock  RTX_CM0.lib(rtx_thread.o)
    0x00001324   0x00001324   0x00000078   Code   RO          300    .text.osRtxThreadDelayInsert  RTX_CM0.lib(rtx_thread.o)
    0x0000139c   0x0000139c   0x00000040   Code   RO          296    .text.osRtxThreadDelayRemove  RTX_CM0.lib(rtx_thread.o)
    0x000013dc   0x000013dc   0x00000050   Code   RO          280    .text.osRtxThreadDelayTick  RTX_CM0.lib(rtx_thread.o)
    0x0000142c   0x0000142c   0x0000004c   Code   RO          290    .text.osRtxThreadDispatch  RTX_CM0.lib(rtx_thread.o)
    0x00001478   0x00001478   0x00000050   Code   RO          376    .text.osRtxThreadFree  RTX_CM0.lib(rtx_thread.o)
    0x000014c8   0x000014c8   0x00000014   Code   RO          272    .text.osRtxThreadListGet  RTX_CM0.lib(rtx_thread.o)
    0x000014dc   0x000014dc   0x0000002c   Code   RO          270    .text.osRtxThreadListPut  RTX_CM0.lib(rtx_thread.o)
    0x00001508   0x00001508   0x00000018   Code   RO          276    .text.osRtxThreadListRemove  RTX_CM0.lib(rtx_thread.o)
    0x00001520   0x00001520   0x0000000c   Code   RO          282    .text.osRtxThreadListRoot  RTX_CM0.lib(rtx_thread.o)
    0x0000152c   0x0000152c   0x00000024   Code   RO          274    .text.osRtxThreadListSort  RTX_CM0.lib(rtx_thread.o)
    0x00001550   0x00001550   0x00000026   Code   RO          350    .text.osRtxThreadPostProcess  RTX_CM0.lib(rtx_thread.o)
    0x00001576   0x00001576   0x00000002   PAD
    0x00001578   0x00001578   0x00000014   Code   RO          278    .text.osRtxThreadReadyPut  RTX_CM0.lib(rtx_thread.o)
    0x0000158c   0x0000158c   0x00000006   Code   RO          284    .text.osRtxThreadRegPtr  RTX_CM0.lib(rtx_thread.o)
    0x00001592   0x00001592   0x00000002   PAD
    0x00001594   0x00001594   0x0000002c   Code   RO          288    .text.osRtxThreadStackCheck  RTX_CM0.lib(rtx_thread.o)
    0x000015c0   0x000015c0   0x00000038   Code   RO          302    .text.osRtxThreadStartup  RTX_CM0.lib(rtx_thread.o)
    0x000015f8   0x000015f8   0x00000010   Code   RO          286    .text.osRtxThreadSwitch  RTX_CM0.lib(rtx_thread.o)
    0x00001608   0x00001608   0x0000003c   Code   RO          298    .text.osRtxThreadWaitEnter  RTX_CM0.lib(rtx_thread.o)
    0x00001644   0x00001644   0x00000022   Code   RO          294    .text.osRtxThreadWaitExit  RTX_CM0.lib(rtx_thread.o)
    0x00001666   0x00001666   0x00000002   PAD
    0x00001668   0x00001668   0x00000074   Code   RO          614    .text.osRtxTick_Handler  RTX_CM0.lib(rtx_system.o)
    0x000016dc   0x000016dc   0x0000003c   Code   RO          505    .text.osRtxTimerThread  RTX_CM0.lib(rtx_timer.o)
    0x00001718   0x00001718   0x00000060   Code   RO          507    .text.osRtxTimerTick  RTX_CM0.lib(rtx_timer.o)
    0x00001778   0x00001778   0x0000000c   Code   RO          334    .text.osThreadExit  RTX_CM0.lib(rtx_thread.o)
    0x00001784   0x00001784   0x00000024   Code   RO          306    .text.osThreadNew   RTX_CM0.lib(rtx_thread.o)
    0x000017a8   0x000017a8   0x00000020   Code   RO          137    .text.os_kernel_is_active  rtx_lib.o
    0x000017c8   0x000017c8   0x00000078   Code   RO           72    .text.readTSIDistance  tsi.o
    0x00001840   0x00001840   0x0000001c   Code   RO           27    .text.removeMsg     serialport.o
    0x0000185c   0x0000185c   0x0000013c   Code   RO            6    .text.respondThread  main.o
    0x00001998   0x00001998   0x00000054   Code   RO           25    .text.sendMsg       serialport.o
    0x000019ec   0x000019ec   0x00000038   Code   RO           97    .text.setLEDBrightness  tpm_pwm.o
    0x00001a24   0x00001a24   0x0000003c   Code   RO           35    .text.setNextChar   serialport.o
    0x00001a60   0x00001a60   0x00000012   Code   RO          409    .text.svcRtxDelay   RTX_CM0.lib(rtx_delay.o)
    0x00001a72   0x00001a72   0x00000002   PAD
    0x00001a74   0x00001a74   0x00000074   Code   RO          440    .text.svcRtxEventFlagsNew  RTX_CM0.lib(rtx_evflags.o)
    0x00001ae8   0x00001ae8   0x0000007a   Code   RO          448    .text.svcRtxEventFlagsSet  RTX_CM0.lib(rtx_evflags.o)
    0x00001b62   0x00001b62   0x00000002   PAD
    0x00001b64   0x00001b64   0x0000005c   Code   RO          450    .text.svcRtxEventFlagsWait  RTX_CM0.lib(rtx_evflags.o)
    0x00001bc0   0x00001bc0   0x00000008   Code   RO          215    .text.svcRtxKernelGetState  RTX_CM0.lib(rtx_kernel.o)
    0x00001bc8   0x00001bc8   0x00000144   Code   RO          245    .text.svcRtxKernelInitialize  RTX_CM0.lib(rtx_kernel.o)
    0x00001d0c   0x00001d0c   0x0000007c   Code   RO          247    .text.svcRtxKernelStart  RTX_CM0.lib(rtx_kernel.o)
    0x00001d88   0x00001d88   0x000000e4   Code   RO          699    .text.svcRtxMessageQueueGet  RTX_CM0.lib(rtx_msgqueue.o)
    0x00001e6c   0x00001e6c   0x000001e0   Code   RO          685    .text.svcRtxMessageQueueNew  RTX_CM0.lib(rtx_msgqueue.o)
    0x0000204c   0x0000204c   0x000000b8   Code   RO          695    .text.svcRtxMessageQueuePut  RTX_CM0.lib(rtx_msgqueue.o)
    0x00002104   0x00002104   0x00000098   Code   RO          483    .text.svcRtxMutexAcquire  RTX_CM0.lib(rtx_mutex.o)
    0x0000219c   0x0000219c   0x000000b4   Code   RO          489    .text.svcRtxMutexDelete  RTX_CM0.lib(rtx_mutex.o)
    0x00002250   0x00002250   0x00000070   Code   RO          479    .text.svcRtxMutexNew  RTX_CM0.lib(rtx_mutex.o)
    0x000022c0   0x000022c0   0x000000bc   Code   RO          485    .text.svcRtxMutexRelease  RTX_CM0.lib(rtx_mutex.o)
    0x0000237c   0x0000237c   0x0000006c   Code   RO          380    .text.svcRtxThreadExit  RTX_CM0.lib(rtx_thread.o)
    0x000023e8   0x000023e8   0x00000204   Code   RO          304    .text.svcRtxThreadNew  RTX_CM0.lib(rtx_thread.o)
    0x000025ec   0x000025ec   0x000000c0   Code   RO            4    .text.touchThread   main.o
    0x000026ac   0x000026ac   0x00000060   Code   RO           60    .text.tsiCalibration  tsi.o
    0x0000270c   0x0000270c   0x0000005e   Code   RO            2    .text.uToString     main.o
    0x0000276a   0x0000276a   0x000001f6   Code   RO          722    .text_divfast       c_p.l(aeabi_sdivfast.o)
    0x00002960   0x00002960   0x000000a0   Data   RO          151    .rodata             rtx_lib.o
    0x00002a00   0x00002a00   0x00000010   Data   RO           99    .rodata.duty        tpm_pwm.o
    0x00002a10   0x00002a10   0x00000002   Data   RO           74    .rodata.elec_array  tsi.o
    0x00002a12   0x00002a12   0x00000002   PAD
    0x00002a14   0x00002a14   0x00000004   Data   RO          153    .rodata.osRtxUserSVC  rtx_lib.o
    0x00002a18   0x00002a18   0x00000024   Data   RO          148    .rodata.os_idle_thread_attr  rtx_lib.o
    0x00002a3c   0x00002a3c   0x00000018   Data   RO          150    .rodata.os_timer_mq_attr  rtx_lib.o
    0x00002a54   0x00002a54   0x00000024   Data   RO          149    .rodata.os_timer_thread_attr  rtx_lib.o
    0x00002a78   0x00002a78   0x0000000b   Data   RO          259    .rodata.str1.4      RTX_CM0.lib(rtx_kernel.o)
    0x00002a83   0x00002a83   0x00000001   PAD
    0x00002a84   0x00002a84   0x00000020   Data   RO          903    Region$$Table       anon$$obj.o


    Execution Region ER_RW (Exec base: 0x1ffff000, Load base: 0x00002aa4, Size: 0x000000b4, Max: 0xffffffff, ABSOLUTE)

    Exec Addr    Load Addr    Size         Type   Attr      Idx    E Section Name        Object

    0x1ffff000   0x00002aa4   0x00000004   Data   RW          196    .data.SystemCoreClock  system_mkl25z4.o
    0x1ffff004   0x00002aa8   0x0000000b   Data   RW           10    .data.distStr       main.o
    0x1ffff00f   0x00002ab3   0x00000001   Data   RW           78    .data.end_flag      tsi.o
    0x1ffff010   0x00002ab4   0x000000a4   Data   RW          260    .data.os            RTX_CM0.lib(rtx_kernel.o)


    Execution Region ER_ZI (Exec base: 0x1ffff0b8, Load base: 0x00002b58, Size: 0x00001538, Max: 0xffffffff, ABSOLUTE)

    Exec Addr    Load Addr    Size         Type   Attr      Idx    E Section Name        Object

    0x1ffff0b8        -       0x00000060   Zero   RW          769    .bss                c_p.l(libspace.o)
    0x1ffff118        -       0x00000004   Zero   RW           76    .bss.AbsoluteDistancePosition  tsi.o
    0x1ffff11c        -       0x00000001   Zero   RW          647    .bss.PendST         RTX_CM0.lib(os_systick.o)
    0x1ffff11d        -       0x00000002   Zero   RW           75    .bss.SliderDistancePosition  tsi.o
    0x1ffff11f   0x00002b58   0x00000001   PAD
    0x1ffff120        -       0x00000004   Zero   RW           79    .bss.gu16Baseline   tsi.o
    0x1ffff124        -       0x00000004   Zero   RW           82    .bss.gu16Delta      tsi.o
    0x1ffff128        -       0x00000004   Zero   RW           81    .bss.gu16TSICount   tsi.o
    0x1ffff12c        -       0x0000004c   Zero   RW           49    .bss.msgQueue       serialport.o
    0x1ffff178        -       0x00000001   Zero   RW           80    .bss.ongoing_elec   tsi.o
    0x1ffff179   0x00002b58   0x00000007   PAD
    0x1ffff180        -       0x00001040   Zero   RW          147    .bss.os             rtx_lib.o
    0x200001c0        -       0x00000034   Zero   RW          157    .bss.os.msgqueue.cb  rtx_lib.o
    0x200001f4        -       0x00000050   Zero   RW          158    .bss.os.msgqueue.mem  rtx_lib.o
    0x20000244        -       0x00000088   Zero   RW          155    .bss.os.thread.cb   rtx_lib.o
    0x200002cc   0x00002b58   0x00000004   PAD
    0x200002d0        -       0x00000200   Zero   RW          156    .bss.os.thread.stack  rtx_lib.o
    0x200004d0        -       0x00000001   Zero   RW          159    .bss.os_kernel_is_active.os_kernel_active  rtx_lib.o
    0x200004d1   0x00002b58   0x00000003   PAD
    0x200004d4        -       0x00000004   Zero   RW           51    .bss.readFlags      serialport.o
    0x200004d8        -       0x0000000c   Zero   RW           50    .bss.readReq        serialport.o
    0x200004e4        -       0x00000004   Zero   RW           13    .bss.t_respond      main.o
    0x200004e8        -       0x00000004   Zero   RW           12    .bss.t_touch        main.o
    0x200004ec        -       0x00000004   Zero   RW           11    .bss.touchEvtFlags  main.o
    0x200004f0        -       0x00000000   Zero   RW          180    HEAP                startup_mkl25z4.o
    0x200004f0        -       0x00000100   Zero   RW          179    STACK               startup_mkl25z4.o


==============================================================================

Image component sizes


      Code (inc. data)   RO Data    RW Data    ZI Data      Debug   Object Name

       746        120          0         11         12       2954   main.o
         4          0          0          0          0        763   rtx_config.o
       130          4        260          0       4941       7213   rtx_lib.o
       600         48          0          0         92       6702   serialport.o
        80         44        192          0        256        868   startup_mkl25z4.o
       280         40          0          4          0       2510   system_mkl25z4.o
       232         32         16          0          0       2531   tpm_pwm.o
        80         16          0          0          0       1590   tricolorledpwm.o
       504         76          2          1         19       4584   tsi.o

    ----------------------------------------------------------------------
      2658        380        504         16       5335      29715   Object Totals
         0          0         32          0          0          0   (incl. Generated)
         2          0          2          0         15          0   (incl. Padding)

    ----------------------------------------------------------------------

      Code (inc. data)   RO Data    RW Data    ZI Data      Debug   Library Member Name

       164          8          0          0          0        500   irq_cm0.o
       122         16          0          0          1       2769   os_systick.o
        58          4          0          0          0       2723   rtx_delay.o
       658         20          0          0          0      12275   rtx_evflags.o
       582         32         11        164          0      16196   rtx_kernel.o
       248          0          0          0          0       2674   rtx_memory.o
       164          0          0          0          0      14367   rtx_mempool.o
      1550         40          0          0          0      18006   rtx_msgqueue.o
       920         28          0          0          0       9526   rtx_mutex.o
       352         18          0          0          0       4670   rtx_system.o
      1646         56          0          0          0      31262   rtx_thread.o
       232         20          0          0          0      10004   rtx_timer.o
         8          0          0          0          0         68   __main.o
         0          0          0          0          0          0   __rtentry.o
        20          0          0          0          0          0   __rtentry2.o
         6          0          0          0          0          0   __rtentry4.o
        60          8          0          0          0          0   __scatter.o
        26          0          0          0          0          0   __scatter_copy.o
        28          0          0          0          0          0   __scatter_zi.o
       502          0          0          0          0         92   aeabi_sdivfast.o
        16          0          0          0          0         68   exit.o
         6          0          0          0          0        136   heapauxi.o
         0          0          0          0          0          0   indicate_semi.o
         2          0          0          0          0          0   libinit.o
         2          0          0          0          0          0   libinit2.o
         2          0          0          0          0          0   libshutdown.o
         2          0          0          0          0          0   libshutdown2.o
         8          4          0          0         96         68   libspace.o
        64          0          0          0          0        108   rt_memclr.o
       186          0          0          0          0        144   rt_memcpy.o
         2          0          0          0          0          0   rtexit.o
        10          0          0          0          0          0   rtexit2.o
        12          4          0          0          0         60   sys_exit.o
        62          0          0          0          0         80   sys_stackheap_outer.o
         2          0          0          0          0         68   use_no_semi.o

    ----------------------------------------------------------------------
      7742        258         12        164         97     125864   Library Totals
        20          0          1          0          0          0   (incl. Padding)

    ----------------------------------------------------------------------

      Code (inc. data)   RO Data    RW Data    ZI Data      Debug   Library Name

      6696        242         11        164          1     124972   RTX_CM0.lib
      1026         16          0          0         96        892   c_p.l

    ----------------------------------------------------------------------
      7742        258         12        164         97     125864   Library Totals

    ----------------------------------------------------------------------

==============================================================================


      Code (inc. data)   RO Data    RW Data    ZI Data      Debug   

     10400        638        516        180       5432     154955   Grand Totals
     10400        638        516        180       5432     154955   ELF Image Totals
     10400        638        516        180          0          0   ROM Totals

==============================================================================

    Total RO  Size (Code + RO Data)                10916 (  10.66kB)
    Total RW  Size (RW Data + ZI Data)              5612 (   5.48kB)
    Total ROM Size (Code + RO Data + RW Data)      11096 (  10.84kB)

==============================================================================

